Clock: clk
Sources: clk 
Generated: no
Virtual: yes
Propagated: no
Period: 20.000000

===========================================================================
report_clock_properties
============================================================================
Clock                   Period          Waveform
----------------------------------------------------
clk                  20.000000    0.000000 10.000000

===========================================================================
report_clock_latency
============================================================================
Clock clk
rise -> rise
    min     max
0.000000 0.000000 source latency
0.275556         network latency _53_/CLK
        0.275831 network latency _49_/CLK
---------------
0.275556 0.275831 latency
        0.000275 skew

fall -> fall
    min     max
0.000000 0.000000 source latency
0.283011         network latency _53_/CLK
        0.283249 network latency _49_/CLK
---------------
0.283011 0.283249 latency
        0.000238 skew



===========================================================================
report_clock_min_period
============================================================================
clk period_min = 2.04 fmax = 489.73
