
===========================================================================
report_checks -unconstrained
===========================================================================
======================= nom_ff_n40C_1v95 Corner ===================================

Startpoint: rst (input port clocked by clk)
Endpoint: _52_ (recovery check against rising-edge clock clk)
Path Group: asynchronous
Path Type: max

Fanout         Cap        Slew       Delay        Time   Description
---------------------------------------------------------------------------------------------
                                  0.000000    0.000000   clock clk (rise edge)
                                  0.000000    0.000000   clock network delay (propagated)
                                  4.000000    4.000000 v input external delay
     1    0.003278    0.005420    0.002699    4.002699 v rst (in)
                                                         rst (net)
                      0.005421    0.000000    4.002699 v input1/A (sky130_fd_sc_hd__clkbuf_4)
     8    0.043381    0.067646    0.122181    4.124881 v input1/X (sky130_fd_sc_hd__clkbuf_4)
                                                         net1 (net)
                      0.067692    0.001601    4.126482 v _44_/A (sky130_fd_sc_hd__inv_2)
     1    0.007779    0.036990    0.053499    4.179981 ^ _44_/Y (sky130_fd_sc_hd__inv_2)
                                                         _14_ (net)
                      0.036992    0.000318    4.180298 ^ _52_/RESET_B (sky130_fd_sc_hd__dfrtp_1)
                                              4.180298   data arrival time

                                 20.000000   20.000000   clock clk (rise edge)
                                  0.000000   20.000000   clock source latency
     1    0.009938    0.038309    0.024958   20.024958 ^ clk (in)
                                                         clk (net)
                      0.038310    0.000000   20.024958 ^ clkbuf_0_clk/A (sky130_fd_sc_hd__clkbuf_16)
     2    0.020437    0.031452    0.086782   20.111740 ^ clkbuf_0_clk/X (sky130_fd_sc_hd__clkbuf_16)
                                                         clknet_0_clk (net)
                      0.031455    0.000556   20.112297 ^ clkbuf_1_1__f_clk/A (sky130_fd_sc_hd__clkbuf_16)
     4    0.011735    0.025682    0.078932   20.191229 ^ clkbuf_1_1__f_clk/X (sky130_fd_sc_hd__clkbuf_16)
                                                         clknet_1_1__leaf_clk (net)
                      0.025682    0.000316   20.191545 ^ _52_/CLK (sky130_fd_sc_hd__dfrtp_1)
                                 -0.250000   19.941545   clock uncertainty
                                  0.000000   19.941545   clock reconvergence pessimism
                                  0.141752   20.083298   library recovery time
                                             20.083298   data required time
---------------------------------------------------------------------------------------------
                                             20.083298   data required time
                                             -4.180298   data arrival time
---------------------------------------------------------------------------------------------
                                             15.902999   slack (MET)


Startpoint: _47_ (rising edge-triggered flip-flop clocked by clk)
Endpoint: q[1] (output port clocked by clk)
Path Group: clk
Path Type: max

Fanout         Cap        Slew       Delay        Time   Description
---------------------------------------------------------------------------------------------
                                  0.000000    0.000000   clock clk (rise edge)
                                  0.000000    0.000000   clock source latency
     1    0.009938    0.038309    0.024957    0.024957 ^ clk (in)
                                                         clk (net)
                      0.038310    0.000000    0.024957 ^ clkbuf_0_clk/A (sky130_fd_sc_hd__clkbuf_16)
     2    0.020437    0.031452    0.086782    0.111739 ^ clkbuf_0_clk/X (sky130_fd_sc_hd__clkbuf_16)
                                                         clknet_0_clk (net)
                      0.031455    0.000580    0.112320 ^ clkbuf_1_0__f_clk/A (sky130_fd_sc_hd__clkbuf_16)
     4    0.012377    0.026107    0.079375    0.191695 ^ clkbuf_1_0__f_clk/X (sky130_fd_sc_hd__clkbuf_16)
                                                         clknet_1_0__leaf_clk (net)
                      0.026107    0.000270    0.191965 ^ _47_/CLK (sky130_fd_sc_hd__dfrtp_1)
     4    0.012539    0.089784    0.242271    0.434235 ^ _47_/Q (sky130_fd_sc_hd__dfrtp_1)
                                                         net3 (net)
                      0.089784    0.000251    0.434487 ^ output3/A (sky130_fd_sc_hd__buf_2)
     1    0.037253    0.138740    0.159352    0.593839 ^ output3/X (sky130_fd_sc_hd__buf_2)
                                                         q[1] (net)
                      0.138754    0.001153    0.594992 ^ q[1] (out)
                                              0.594992   data arrival time

                                 20.000000   20.000000   clock clk (rise edge)
                                  0.000000   20.000000   clock network delay (propagated)
                                 -0.250000   19.750002   clock uncertainty
                                  0.000000   19.750002   clock reconvergence pessimism
                                 -4.000000   15.750001   output external delay
                                             15.750001   data required time
---------------------------------------------------------------------------------------------
                                             15.750001   data required time
                                             -0.594992   data arrival time
---------------------------------------------------------------------------------------------
                                             15.155008   slack (MET)




===========================================================================
report_checks --slack_max -0.01
============================================================================
======================= nom_ff_n40C_1v95 Corner ===================================

No paths found.


===========================================================================
 report_check_types -max_slew -max_cap -max_fanout -violators
============================================================================
======================= nom_ff_n40C_1v95 Corner ===================================



===========================================================================
report_parasitic_annotation -report_unannotated
============================================================================
Found 0 unannotated drivers.
Found 0 partially unannotated drivers.

===========================================================================
max slew violation count 0
max fanout violation count 0
max cap violation count 0
============================================================================

===========================================================================
check_setup -verbose -unconstrained_endpoints -multiple_clock -no_clock -no_input_delay -loops -generated_clocks
===========================================================================
