
===========================================================================
report_checks -path_delay max (Setup)
============================================================================
======================= nom_ff_n40C_1v95 Corner ===================================

Startpoint: _47_ (rising edge-triggered flip-flop clocked by clk)
Endpoint: q[1] (output port clocked by clk)
Path Group: clk
Path Type: max

Fanout         Cap        Slew       Delay        Time   Description
---------------------------------------------------------------------------------------------
                                  0.000000    0.000000   clock clk (rise edge)
                                  0.000000    0.000000   clock source latency
     1    0.009938    0.038309    0.024957    0.024957 ^ clk (in)
                                                         clk (net)
                      0.038310    0.000000    0.024957 ^ clkbuf_0_clk/A (sky130_fd_sc_hd__clkbuf_16)
     2    0.020437    0.031452    0.086782    0.111739 ^ clkbuf_0_clk/X (sky130_fd_sc_hd__clkbuf_16)
                                                         clknet_0_clk (net)
                      0.031455    0.000580    0.112320 ^ clkbuf_1_0__f_clk/A (sky130_fd_sc_hd__clkbuf_16)
     4    0.012377    0.026107    0.079375    0.191695 ^ clkbuf_1_0__f_clk/X (sky130_fd_sc_hd__clkbuf_16)
                                                         clknet_1_0__leaf_clk (net)
                      0.026107    0.000270    0.191965 ^ _47_/CLK (sky130_fd_sc_hd__dfrtp_1)
     4    0.012539    0.089784    0.242271    0.434235 ^ _47_/Q (sky130_fd_sc_hd__dfrtp_1)
                                                         net3 (net)
                      0.089784    0.000251    0.434487 ^ output3/A (sky130_fd_sc_hd__buf_2)
     1    0.037253    0.138740    0.159352    0.593839 ^ output3/X (sky130_fd_sc_hd__buf_2)
                                                         q[1] (net)
                      0.138754    0.001153    0.594992 ^ q[1] (out)
                                              0.594992   data arrival time

                                 20.000000   20.000000   clock clk (rise edge)
                                  0.000000   20.000000   clock network delay (propagated)
                                 -0.250000   19.750002   clock uncertainty
                                  0.000000   19.750002   clock reconvergence pessimism
                                 -4.000000   15.750001   output external delay
                                             15.750001   data required time
---------------------------------------------------------------------------------------------
                                             15.750001   data required time
                                             -0.594992   data arrival time
---------------------------------------------------------------------------------------------
                                             15.155008   slack (MET)


Startpoint: _46_ (rising edge-triggered flip-flop clocked by clk)
Endpoint: q[0] (output port clocked by clk)
Path Group: clk
Path Type: max

Fanout         Cap        Slew       Delay        Time   Description
---------------------------------------------------------------------------------------------
                                  0.000000    0.000000   clock clk (rise edge)
                                  0.000000    0.000000   clock source latency
     1    0.009938    0.038309    0.024957    0.024957 ^ clk (in)
                                                         clk (net)
                      0.038310    0.000000    0.024957 ^ clkbuf_0_clk/A (sky130_fd_sc_hd__clkbuf_16)
     2    0.020437    0.031452    0.086782    0.111739 ^ clkbuf_0_clk/X (sky130_fd_sc_hd__clkbuf_16)
                                                         clknet_0_clk (net)
                      0.031455    0.000580    0.112320 ^ clkbuf_1_0__f_clk/A (sky130_fd_sc_hd__clkbuf_16)
     4    0.012377    0.026107    0.079375    0.191695 ^ clkbuf_1_0__f_clk/X (sky130_fd_sc_hd__clkbuf_16)
                                                         clknet_1_0__leaf_clk (net)
                      0.026108    0.000359    0.192054 ^ _46_/CLK (sky130_fd_sc_hd__dfrtp_1)
     4    0.012117    0.087121    0.240333    0.432387 ^ _46_/Q (sky130_fd_sc_hd__dfrtp_1)
                                                         net2 (net)
                      0.087121    0.000315    0.432702 ^ output2/A (sky130_fd_sc_hd__buf_2)
     1    0.034703    0.129655    0.152688    0.585390 ^ output2/X (sky130_fd_sc_hd__buf_2)
                                                         q[0] (net)
                      0.129701    0.000822    0.586212 ^ q[0] (out)
                                              0.586212   data arrival time

                                 20.000000   20.000000   clock clk (rise edge)
                                  0.000000   20.000000   clock network delay (propagated)
                                 -0.250000   19.750002   clock uncertainty
                                  0.000000   19.750002   clock reconvergence pessimism
                                 -4.000000   15.750001   output external delay
                                             15.750001   data required time
---------------------------------------------------------------------------------------------
                                             15.750001   data required time
                                             -0.586212   data arrival time
---------------------------------------------------------------------------------------------
                                             15.163789   slack (MET)


Startpoint: _49_ (rising edge-triggered flip-flop clocked by clk)
Endpoint: q[3] (output port clocked by clk)
Path Group: clk
Path Type: max

Fanout         Cap        Slew       Delay        Time   Description
---------------------------------------------------------------------------------------------
                                  0.000000    0.000000   clock clk (rise edge)
                                  0.000000    0.000000   clock source latency
     1    0.009938    0.038309    0.024957    0.024957 ^ clk (in)
                                                         clk (net)
                      0.038310    0.000000    0.024957 ^ clkbuf_0_clk/A (sky130_fd_sc_hd__clkbuf_16)
     2    0.020437    0.031452    0.086782    0.111739 ^ clkbuf_0_clk/X (sky130_fd_sc_hd__clkbuf_16)
                                                         clknet_0_clk (net)
                      0.031455    0.000580    0.112320 ^ clkbuf_1_0__f_clk/A (sky130_fd_sc_hd__clkbuf_16)
     4    0.012377    0.026107    0.079375    0.191695 ^ clkbuf_1_0__f_clk/X (sky130_fd_sc_hd__clkbuf_16)
                                                         clknet_1_0__leaf_clk (net)
                      0.026108    0.000407    0.192101 ^ _49_/CLK (sky130_fd_sc_hd__dfrtp_1)
     5    0.012140    0.087266    0.240428    0.432529 ^ _49_/Q (sky130_fd_sc_hd__dfrtp_1)
                                                         net5 (net)
                      0.087266    0.000322    0.432851 ^ output5/A (sky130_fd_sc_hd__buf_2)
     1    0.034219    0.127936    0.151595    0.584446 ^ output5/X (sky130_fd_sc_hd__buf_2)
                                                         q[3] (net)
                      0.127980    0.000727    0.585173 ^ q[3] (out)
                                              0.585173   data arrival time

                                 20.000000   20.000000   clock clk (rise edge)
                                  0.000000   20.000000   clock network delay (propagated)
                                 -0.250000   19.750002   clock uncertainty
                                  0.000000   19.750002   clock reconvergence pessimism
                                 -4.000000   15.750001   output external delay
                                             15.750001   data required time
---------------------------------------------------------------------------------------------
                                             15.750001   data required time
                                             -0.585173   data arrival time
---------------------------------------------------------------------------------------------
                                             15.164828   slack (MET)


Startpoint: _50_ (rising edge-triggered flip-flop clocked by clk)
Endpoint: q[4] (output port clocked by clk)
Path Group: clk
Path Type: max

Fanout         Cap        Slew       Delay        Time   Description
---------------------------------------------------------------------------------------------
                                  0.000000    0.000000   clock clk (rise edge)
                                  0.000000    0.000000   clock source latency
     1    0.009938    0.038309    0.024957    0.024957 ^ clk (in)
                                                         clk (net)
                      0.038310    0.000000    0.024957 ^ clkbuf_0_clk/A (sky130_fd_sc_hd__clkbuf_16)
     2    0.020437    0.031452    0.086782    0.111739 ^ clkbuf_0_clk/X (sky130_fd_sc_hd__clkbuf_16)
                                                         clknet_0_clk (net)
                      0.031455    0.000557    0.112297 ^ clkbuf_1_1__f_clk/A (sky130_fd_sc_hd__clkbuf_16)
     4    0.011735    0.025682    0.078932    0.191228 ^ clkbuf_1_1__f_clk/X (sky130_fd_sc_hd__clkbuf_16)
                                                         clknet_1_1__leaf_clk (net)
                      0.025682    0.000406    0.191634 ^ _50_/CLK (sky130_fd_sc_hd__dfrtp_1)
     4    0.011979    0.086231    0.239629    0.431263 ^ _50_/Q (sky130_fd_sc_hd__dfrtp_1)
                                                         net6 (net)
                      0.086231    0.000161    0.431424 ^ output6/A (sky130_fd_sc_hd__buf_2)
     1    0.034165    0.127743    0.151239    0.582663 ^ output6/X (sky130_fd_sc_hd__buf_2)
                                                         q[4] (net)
                      0.127787    0.000706    0.583369 ^ q[4] (out)
                                              0.583369   data arrival time

                                 20.000000   20.000000   clock clk (rise edge)
                                  0.000000   20.000000   clock network delay (propagated)
                                 -0.250000   19.750002   clock uncertainty
                                  0.000000   19.750002   clock reconvergence pessimism
                                 -4.000000   15.750001   output external delay
                                             15.750001   data required time
---------------------------------------------------------------------------------------------
                                             15.750001   data required time
                                             -0.583369   data arrival time
---------------------------------------------------------------------------------------------
                                             15.166631   slack (MET)


Startpoint: _48_ (rising edge-triggered flip-flop clocked by clk)
Endpoint: q[2] (output port clocked by clk)
Path Group: clk
Path Type: max

Fanout         Cap        Slew       Delay        Time   Description
---------------------------------------------------------------------------------------------
                                  0.000000    0.000000   clock clk (rise edge)
                                  0.000000    0.000000   clock source latency
     1    0.009938    0.038309    0.024957    0.024957 ^ clk (in)
                                                         clk (net)
                      0.038310    0.000000    0.024957 ^ clkbuf_0_clk/A (sky130_fd_sc_hd__clkbuf_16)
     2    0.020437    0.031452    0.086782    0.111739 ^ clkbuf_0_clk/X (sky130_fd_sc_hd__clkbuf_16)
                                                         clknet_0_clk (net)
                      0.031455    0.000580    0.112320 ^ clkbuf_1_0__f_clk/A (sky130_fd_sc_hd__clkbuf_16)
     4    0.012377    0.026107    0.079375    0.191695 ^ clkbuf_1_0__f_clk/X (sky130_fd_sc_hd__clkbuf_16)
                                                         clknet_1_0__leaf_clk (net)
                      0.026107    0.000250    0.191944 ^ _48_/CLK (sky130_fd_sc_hd__dfrtp_1)
     3    0.009976    0.074231    0.230430    0.422375 ^ _48_/Q (sky130_fd_sc_hd__dfrtp_1)
                                                         net4 (net)
                      0.074231    0.000300    0.422675 ^ output4/A (sky130_fd_sc_hd__buf_2)
     1    0.037535    0.139735    0.156716    0.579390 ^ output4/X (sky130_fd_sc_hd__buf_2)
                                                         q[2] (net)
                      0.139742    0.000832    0.580222 ^ q[2] (out)
                                              0.580222   data arrival time

                                 20.000000   20.000000   clock clk (rise edge)
                                  0.000000   20.000000   clock network delay (propagated)
                                 -0.250000   19.750002   clock uncertainty
                                  0.000000   19.750002   clock reconvergence pessimism
                                 -4.000000   15.750001   output external delay
                                             15.750001   data required time
---------------------------------------------------------------------------------------------
                                             15.750001   data required time
                                             -0.580222   data arrival time
---------------------------------------------------------------------------------------------
                                             15.169779   slack (MET)


Startpoint: _51_ (rising edge-triggered flip-flop clocked by clk)
Endpoint: q[5] (output port clocked by clk)
Path Group: clk
Path Type: max

Fanout         Cap        Slew       Delay        Time   Description
---------------------------------------------------------------------------------------------
                                  0.000000    0.000000   clock clk (rise edge)
                                  0.000000    0.000000   clock source latency
     1    0.009938    0.038309    0.024957    0.024957 ^ clk (in)
                                                         clk (net)
                      0.038310    0.000000    0.024957 ^ clkbuf_0_clk/A (sky130_fd_sc_hd__clkbuf_16)
     2    0.020437    0.031452    0.086782    0.111739 ^ clkbuf_0_clk/X (sky130_fd_sc_hd__clkbuf_16)
                                                         clknet_0_clk (net)
                      0.031455    0.000557    0.112297 ^ clkbuf_1_1__f_clk/A (sky130_fd_sc_hd__clkbuf_16)
     4    0.011735    0.025682    0.078932    0.191228 ^ clkbuf_1_1__f_clk/X (sky130_fd_sc_hd__clkbuf_16)
                                                         clknet_1_1__leaf_clk (net)
                      0.025682    0.000379    0.191607 ^ _51_/CLK (sky130_fd_sc_hd__dfrtp_1)
     3    0.009405    0.070862    0.227616    0.419223 ^ _51_/Q (sky130_fd_sc_hd__dfrtp_1)
                                                         net7 (net)
                      0.070862    0.000140    0.419364 ^ output7/A (sky130_fd_sc_hd__buf_2)
     1    0.033935    0.126925    0.147208    0.566571 ^ output7/X (sky130_fd_sc_hd__buf_2)
                                                         q[5] (net)
                      0.126967    0.000614    0.567185 ^ q[5] (out)
                                              0.567185   data arrival time

                                 20.000000   20.000000   clock clk (rise edge)
                                  0.000000   20.000000   clock network delay (propagated)
                                 -0.250000   19.750002   clock uncertainty
                                  0.000000   19.750002   clock reconvergence pessimism
                                 -4.000000   15.750001   output external delay
                                             15.750001   data required time
---------------------------------------------------------------------------------------------
                                             15.750001   data required time
                                             -0.567185   data arrival time
---------------------------------------------------------------------------------------------
                                             15.182816   slack (MET)


Startpoint: _52_ (rising edge-triggered flip-flop clocked by clk)
Endpoint: q[6] (output port clocked by clk)
Path Group: clk
Path Type: max

Fanout         Cap        Slew       Delay        Time   Description
---------------------------------------------------------------------------------------------
                                  0.000000    0.000000   clock clk (rise edge)
                                  0.000000    0.000000   clock source latency
     1    0.009938    0.038309    0.024957    0.024957 ^ clk (in)
                                                         clk (net)
                      0.038310    0.000000    0.024957 ^ clkbuf_0_clk/A (sky130_fd_sc_hd__clkbuf_16)
     2    0.020437    0.031452    0.086782    0.111739 ^ clkbuf_0_clk/X (sky130_fd_sc_hd__clkbuf_16)
                                                         clknet_0_clk (net)
                      0.031455    0.000557    0.112297 ^ clkbuf_1_1__f_clk/A (sky130_fd_sc_hd__clkbuf_16)
     4    0.011735    0.025682    0.078932    0.191228 ^ clkbuf_1_1__f_clk/X (sky130_fd_sc_hd__clkbuf_16)
                                                         clknet_1_1__leaf_clk (net)
                      0.025682    0.000316    0.191544 ^ _52_/CLK (sky130_fd_sc_hd__dfrtp_1)
     3    0.008579    0.065818    0.223654    0.415198 ^ _52_/Q (sky130_fd_sc_hd__dfrtp_1)
                                                         net8 (net)
                      0.065818    0.000160    0.415358 ^ output8/A (sky130_fd_sc_hd__buf_2)
     1    0.035148    0.131296    0.148839    0.564196 ^ output8/X (sky130_fd_sc_hd__buf_2)
                                                         q[6] (net)
                      0.131306    0.000908    0.565104 ^ q[6] (out)
                                              0.565104   data arrival time

                                 20.000000   20.000000   clock clk (rise edge)
                                  0.000000   20.000000   clock network delay (propagated)
                                 -0.250000   19.750002   clock uncertainty
                                  0.000000   19.750002   clock reconvergence pessimism
                                 -4.000000   15.750001   output external delay
                                             15.750001   data required time
---------------------------------------------------------------------------------------------
                                             15.750001   data required time
                                             -0.565104   data arrival time
---------------------------------------------------------------------------------------------
                                             15.184897   slack (MET)


Startpoint: _53_ (rising edge-triggered flip-flop clocked by clk)
Endpoint: q[7] (output port clocked by clk)
Path Group: clk
Path Type: max

Fanout         Cap        Slew       Delay        Time   Description
---------------------------------------------------------------------------------------------
                                  0.000000    0.000000   clock clk (rise edge)
                                  0.000000    0.000000   clock source latency
     1    0.009938    0.038309    0.024957    0.024957 ^ clk (in)
                                                         clk (net)
                      0.038310    0.000000    0.024957 ^ clkbuf_0_clk/A (sky130_fd_sc_hd__clkbuf_16)
     2    0.020437    0.031452    0.086782    0.111739 ^ clkbuf_0_clk/X (sky130_fd_sc_hd__clkbuf_16)
                                                         clknet_0_clk (net)
                      0.031455    0.000557    0.112297 ^ clkbuf_1_1__f_clk/A (sky130_fd_sc_hd__clkbuf_16)
     4    0.011735    0.025682    0.078932    0.191228 ^ clkbuf_1_1__f_clk/X (sky130_fd_sc_hd__clkbuf_16)
                                                         clknet_1_1__leaf_clk (net)
                      0.025682    0.000256    0.191485 ^ _53_/CLK (sky130_fd_sc_hd__dfrtp_1)
     2    0.004395    0.040719    0.203540    0.395025 ^ _53_/Q (sky130_fd_sc_hd__dfrtp_1)
                                                         net9 (net)
                      0.040719    0.000113    0.395139 ^ output9/A (sky130_fd_sc_hd__buf_2)
     1    0.034696    0.129710    0.141194    0.536333 ^ output9/X (sky130_fd_sc_hd__buf_2)
                                                         q[7] (net)
                      0.129715    0.000707    0.537040 ^ q[7] (out)
                                              0.537040   data arrival time

                                 20.000000   20.000000   clock clk (rise edge)
                                  0.000000   20.000000   clock network delay (propagated)
                                 -0.250000   19.750002   clock uncertainty
                                  0.000000   19.750002   clock reconvergence pessimism
                                 -4.000000   15.750001   output external delay
                                             15.750001   data required time
---------------------------------------------------------------------------------------------
                                             15.750001   data required time
                                             -0.537040   data arrival time
---------------------------------------------------------------------------------------------
                                             15.212962   slack (MET)


Startpoint: rst (input port clocked by clk)
Endpoint: _52_ (recovery check against rising-edge clock clk)
Path Group: asynchronous
Path Type: max

Fanout         Cap        Slew       Delay        Time   Description
---------------------------------------------------------------------------------------------
                                  0.000000    0.000000   clock clk (rise edge)
                                  0.000000    0.000000   clock network delay (propagated)
                                  4.000000    4.000000 v input external delay
     1    0.003278    0.005420    0.002699    4.002699 v rst (in)
                                                         rst (net)
                      0.005421    0.000000    4.002699 v input1/A (sky130_fd_sc_hd__clkbuf_4)
     8    0.043381    0.067646    0.122181    4.124881 v input1/X (sky130_fd_sc_hd__clkbuf_4)
                                                         net1 (net)
                      0.067692    0.001601    4.126482 v _44_/A (sky130_fd_sc_hd__inv_2)
     1    0.007779    0.036990    0.053499    4.179981 ^ _44_/Y (sky130_fd_sc_hd__inv_2)
                                                         _14_ (net)
                      0.036992    0.000318    4.180298 ^ _52_/RESET_B (sky130_fd_sc_hd__dfrtp_1)
                                              4.180298   data arrival time

                                 20.000000   20.000000   clock clk (rise edge)
                                  0.000000   20.000000   clock source latency
     1    0.009938    0.038309    0.024958   20.024958 ^ clk (in)
                                                         clk (net)
                      0.038310    0.000000   20.024958 ^ clkbuf_0_clk/A (sky130_fd_sc_hd__clkbuf_16)
     2    0.020437    0.031452    0.086782   20.111740 ^ clkbuf_0_clk/X (sky130_fd_sc_hd__clkbuf_16)
                                                         clknet_0_clk (net)
                      0.031455    0.000556   20.112297 ^ clkbuf_1_1__f_clk/A (sky130_fd_sc_hd__clkbuf_16)
     4    0.011735    0.025682    0.078932   20.191229 ^ clkbuf_1_1__f_clk/X (sky130_fd_sc_hd__clkbuf_16)
                                                         clknet_1_1__leaf_clk (net)
                      0.025682    0.000316   20.191545 ^ _52_/CLK (sky130_fd_sc_hd__dfrtp_1)
                                 -0.250000   19.941545   clock uncertainty
                                  0.000000   19.941545   clock reconvergence pessimism
                                  0.141752   20.083298   library recovery time
                                             20.083298   data required time
---------------------------------------------------------------------------------------------
                                             20.083298   data required time
                                             -4.180298   data arrival time
---------------------------------------------------------------------------------------------
                                             15.902999   slack (MET)


Startpoint: rst (input port clocked by clk)
Endpoint: _53_ (recovery check against rising-edge clock clk)
Path Group: asynchronous
Path Type: max

Fanout         Cap        Slew       Delay        Time   Description
---------------------------------------------------------------------------------------------
                                  0.000000    0.000000   clock clk (rise edge)
                                  0.000000    0.000000   clock network delay (propagated)
                                  4.000000    4.000000 v input external delay
     1    0.003278    0.005420    0.002699    4.002699 v rst (in)
                                                         rst (net)
                      0.005421    0.000000    4.002699 v input1/A (sky130_fd_sc_hd__clkbuf_4)
     8    0.043381    0.067646    0.122181    4.124881 v input1/X (sky130_fd_sc_hd__clkbuf_4)
                                                         net1 (net)
                      0.067681    0.001405    4.126286 v _45_/A (sky130_fd_sc_hd__inv_2)
     1    0.005953    0.032050    0.048907    4.175193 ^ _45_/Y (sky130_fd_sc_hd__inv_2)
                                                         _15_ (net)
                      0.032052    0.000183    4.175376 ^ _53_/RESET_B (sky130_fd_sc_hd__dfrtp_1)
                                              4.175376   data arrival time

                                 20.000000   20.000000   clock clk (rise edge)
                                  0.000000   20.000000   clock source latency
     1    0.009938    0.038309    0.024958   20.024958 ^ clk (in)
                                                         clk (net)
                      0.038310    0.000000   20.024958 ^ clkbuf_0_clk/A (sky130_fd_sc_hd__clkbuf_16)
     2    0.020437    0.031452    0.086782   20.111740 ^ clkbuf_0_clk/X (sky130_fd_sc_hd__clkbuf_16)
                                                         clknet_0_clk (net)
                      0.031455    0.000556   20.112297 ^ clkbuf_1_1__f_clk/A (sky130_fd_sc_hd__clkbuf_16)
     4    0.011735    0.025682    0.078932   20.191229 ^ clkbuf_1_1__f_clk/X (sky130_fd_sc_hd__clkbuf_16)
                                                         clknet_1_1__leaf_clk (net)
                      0.025682    0.000256   20.191484 ^ _53_/CLK (sky130_fd_sc_hd__dfrtp_1)
                                 -0.250000   19.941486   clock uncertainty
                                  0.000000   19.941486   clock reconvergence pessimism
                                  0.142677   20.084162   library recovery time
                                             20.084162   data required time
---------------------------------------------------------------------------------------------
                                             20.084162   data required time
                                             -4.175376   data arrival time
---------------------------------------------------------------------------------------------
                                             15.908786   slack (MET)


Startpoint: rst (input port clocked by clk)
Endpoint: _47_ (recovery check against rising-edge clock clk)
Path Group: asynchronous
Path Type: max

Fanout         Cap        Slew       Delay        Time   Description
---------------------------------------------------------------------------------------------
                                  0.000000    0.000000   clock clk (rise edge)
                                  0.000000    0.000000   clock network delay (propagated)
                                  4.000000    4.000000 v input external delay
     1    0.003278    0.005420    0.002699    4.002699 v rst (in)
                                                         rst (net)
                      0.005421    0.000000    4.002699 v input1/A (sky130_fd_sc_hd__clkbuf_4)
     8    0.043381    0.067646    0.122181    4.124881 v input1/X (sky130_fd_sc_hd__clkbuf_4)
                                                         net1 (net)
                      0.067677    0.001348    4.126228 v _39_/A (sky130_fd_sc_hd__inv_2)
     1    0.006138    0.032539    0.049372    4.175601 ^ _39_/Y (sky130_fd_sc_hd__inv_2)
                                                         _09_ (net)
                      0.032539    0.000183    4.175784 ^ _47_/RESET_B (sky130_fd_sc_hd__dfrtp_1)
                                              4.175784   data arrival time

                                 20.000000   20.000000   clock clk (rise edge)
                                  0.000000   20.000000   clock source latency
     1    0.009938    0.038309    0.024958   20.024958 ^ clk (in)
                                                         clk (net)
                      0.038310    0.000000   20.024958 ^ clkbuf_0_clk/A (sky130_fd_sc_hd__clkbuf_16)
     2    0.020437    0.031452    0.086782   20.111740 ^ clkbuf_0_clk/X (sky130_fd_sc_hd__clkbuf_16)
                                                         clknet_0_clk (net)
                      0.031455    0.000579   20.112320 ^ clkbuf_1_0__f_clk/A (sky130_fd_sc_hd__clkbuf_16)
     4    0.012377    0.026107    0.079377   20.191696 ^ clkbuf_1_0__f_clk/X (sky130_fd_sc_hd__clkbuf_16)
                                                         clknet_1_0__leaf_clk (net)
                      0.026107    0.000268   20.191965 ^ _47_/CLK (sky130_fd_sc_hd__dfrtp_1)
                                 -0.250000   19.941965   clock uncertainty
                                  0.000000   19.941965   clock reconvergence pessimism
                                  0.142649   20.084614   library recovery time
                                             20.084614   data required time
---------------------------------------------------------------------------------------------
                                             20.084614   data required time
                                             -4.175784   data arrival time
---------------------------------------------------------------------------------------------
                                             15.908831   slack (MET)


Startpoint: rst (input port clocked by clk)
Endpoint: _50_ (recovery check against rising-edge clock clk)
Path Group: asynchronous
Path Type: max

Fanout         Cap        Slew       Delay        Time   Description
---------------------------------------------------------------------------------------------
                                  0.000000    0.000000   clock clk (rise edge)
                                  0.000000    0.000000   clock network delay (propagated)
                                  4.000000    4.000000 v input external delay
     1    0.003278    0.005420    0.002699    4.002699 v rst (in)
                                                         rst (net)
                      0.005421    0.000000    4.002699 v input1/A (sky130_fd_sc_hd__clkbuf_4)
     8    0.043381    0.067646    0.122181    4.124881 v input1/X (sky130_fd_sc_hd__clkbuf_4)
                                                         net1 (net)
                      0.067691    0.001585    4.126465 v _42_/A (sky130_fd_sc_hd__inv_2)
     1    0.005669    0.031318    0.048197    4.174662 ^ _42_/Y (sky130_fd_sc_hd__inv_2)
                                                         _12_ (net)
                      0.031319    0.000159    4.174820 ^ _50_/RESET_B (sky130_fd_sc_hd__dfrtp_1)
                                              4.174820   data arrival time

                                 20.000000   20.000000   clock clk (rise edge)
                                  0.000000   20.000000   clock source latency
     1    0.009938    0.038309    0.024958   20.024958 ^ clk (in)
                                                         clk (net)
                      0.038310    0.000000   20.024958 ^ clkbuf_0_clk/A (sky130_fd_sc_hd__clkbuf_16)
     2    0.020437    0.031452    0.086782   20.111740 ^ clkbuf_0_clk/X (sky130_fd_sc_hd__clkbuf_16)
                                                         clknet_0_clk (net)
                      0.031455    0.000556   20.112297 ^ clkbuf_1_1__f_clk/A (sky130_fd_sc_hd__clkbuf_16)
     4    0.011735    0.025682    0.078932   20.191229 ^ clkbuf_1_1__f_clk/X (sky130_fd_sc_hd__clkbuf_16)
                                                         clknet_1_1__leaf_clk (net)
                      0.025682    0.000405   20.191633 ^ _50_/CLK (sky130_fd_sc_hd__dfrtp_1)
                                 -0.250000   19.941635   clock uncertainty
                                  0.000000   19.941635   clock reconvergence pessimism
                                  0.142815   20.084448   library recovery time
                                             20.084448   data required time
---------------------------------------------------------------------------------------------
                                             20.084448   data required time
                                             -4.174820   data arrival time
---------------------------------------------------------------------------------------------
                                             15.909628   slack (MET)


Startpoint: rst (input port clocked by clk)
Endpoint: _46_ (recovery check against rising-edge clock clk)
Path Group: asynchronous
Path Type: max

Fanout         Cap        Slew       Delay        Time   Description
---------------------------------------------------------------------------------------------
                                  0.000000    0.000000   clock clk (rise edge)
                                  0.000000    0.000000   clock network delay (propagated)
                                  4.000000    4.000000 v input external delay
     1    0.003278    0.005420    0.002699    4.002699 v rst (in)
                                                         rst (net)
                      0.005421    0.000000    4.002699 v input1/A (sky130_fd_sc_hd__clkbuf_4)
     8    0.043381    0.067646    0.122181    4.124881 v input1/X (sky130_fd_sc_hd__clkbuf_4)
                                                         net1 (net)
                      0.067682    0.001435    4.126316 v _24_/A (sky130_fd_sc_hd__inv_2)
     1    0.004999    0.029585    0.046499    4.172815 ^ _24_/Y (sky130_fd_sc_hd__inv_2)
                                                         _08_ (net)
                      0.029585    0.000123    4.172938 ^ _46_/RESET_B (sky130_fd_sc_hd__dfrtp_1)
                                              4.172938   data arrival time

                                 20.000000   20.000000   clock clk (rise edge)
                                  0.000000   20.000000   clock source latency
     1    0.009938    0.038309    0.024958   20.024958 ^ clk (in)
                                                         clk (net)
                      0.038310    0.000000   20.024958 ^ clkbuf_0_clk/A (sky130_fd_sc_hd__clkbuf_16)
     2    0.020437    0.031452    0.086782   20.111740 ^ clkbuf_0_clk/X (sky130_fd_sc_hd__clkbuf_16)
                                                         clknet_0_clk (net)
                      0.031455    0.000579   20.112320 ^ clkbuf_1_0__f_clk/A (sky130_fd_sc_hd__clkbuf_16)
     4    0.012377    0.026107    0.079377   20.191696 ^ clkbuf_1_0__f_clk/X (sky130_fd_sc_hd__clkbuf_16)
                                                         clknet_1_0__leaf_clk (net)
                      0.026108    0.000359   20.192055 ^ _46_/CLK (sky130_fd_sc_hd__dfrtp_1)
                                 -0.250000   19.942055   clock uncertainty
                                  0.000000   19.942055   clock reconvergence pessimism
                                  0.143203   20.085258   library recovery time
                                             20.085258   data required time
---------------------------------------------------------------------------------------------
                                             20.085258   data required time
                                             -4.172938   data arrival time
---------------------------------------------------------------------------------------------
                                             15.912321   slack (MET)


Startpoint: rst (input port clocked by clk)
Endpoint: _51_ (recovery check against rising-edge clock clk)
Path Group: asynchronous
Path Type: max

Fanout         Cap        Slew       Delay        Time   Description
---------------------------------------------------------------------------------------------
                                  0.000000    0.000000   clock clk (rise edge)
                                  0.000000    0.000000   clock network delay (propagated)
                                  4.000000    4.000000 v input external delay
     1    0.003278    0.005420    0.002699    4.002699 v rst (in)
                                                         rst (net)
                      0.005421    0.000000    4.002699 v input1/A (sky130_fd_sc_hd__clkbuf_4)
     8    0.043381    0.067646    0.122181    4.124881 v input1/X (sky130_fd_sc_hd__clkbuf_4)
                                                         net1 (net)
                      0.067661    0.000972    4.125852 v _43_/A (sky130_fd_sc_hd__inv_2)
     1    0.004893    0.029309    0.046229    4.172081 ^ _43_/Y (sky130_fd_sc_hd__inv_2)
                                                         _13_ (net)
                      0.029309    0.000116    4.172198 ^ _51_/RESET_B (sky130_fd_sc_hd__dfrtp_1)
                                              4.172198   data arrival time

                                 20.000000   20.000000   clock clk (rise edge)
                                  0.000000   20.000000   clock source latency
     1    0.009938    0.038309    0.024958   20.024958 ^ clk (in)
                                                         clk (net)
                      0.038310    0.000000   20.024958 ^ clkbuf_0_clk/A (sky130_fd_sc_hd__clkbuf_16)
     2    0.020437    0.031452    0.086782   20.111740 ^ clkbuf_0_clk/X (sky130_fd_sc_hd__clkbuf_16)
                                                         clknet_0_clk (net)
                      0.031455    0.000556   20.112297 ^ clkbuf_1_1__f_clk/A (sky130_fd_sc_hd__clkbuf_16)
     4    0.011735    0.025682    0.078932   20.191229 ^ clkbuf_1_1__f_clk/X (sky130_fd_sc_hd__clkbuf_16)
                                                         clknet_1_1__leaf_clk (net)
                      0.025682    0.000378   20.191607 ^ _51_/CLK (sky130_fd_sc_hd__dfrtp_1)
                                 -0.250000   19.941608   clock uncertainty
                                  0.000000   19.941608   clock reconvergence pessimism
                                  0.143191   20.084799   library recovery time
                                             20.084799   data required time
---------------------------------------------------------------------------------------------
                                             20.084799   data required time
                                             -4.172198   data arrival time
---------------------------------------------------------------------------------------------
                                             15.912601   slack (MET)


Startpoint: rst (input port clocked by clk)
Endpoint: _48_ (recovery check against rising-edge clock clk)
Path Group: asynchronous
Path Type: max

Fanout         Cap        Slew       Delay        Time   Description
---------------------------------------------------------------------------------------------
                                  0.000000    0.000000   clock clk (rise edge)
                                  0.000000    0.000000   clock network delay (propagated)
                                  4.000000    4.000000 v input external delay
     1    0.003278    0.005420    0.002699    4.002699 v rst (in)
                                                         rst (net)
                      0.005421    0.000000    4.002699 v input1/A (sky130_fd_sc_hd__clkbuf_4)
     8    0.043381    0.067646    0.122181    4.124881 v input1/X (sky130_fd_sc_hd__clkbuf_4)
                                                         net1 (net)
                      0.067673    0.001261    4.126142 v _40_/A (sky130_fd_sc_hd__inv_2)
     1    0.004925    0.029396    0.046329    4.172470 ^ _40_/Y (sky130_fd_sc_hd__inv_2)
                                                         _10_ (net)
                      0.029396    0.000071    4.172541 ^ _48_/RESET_B (sky130_fd_sc_hd__dfrtp_1)
                                              4.172541   data arrival time

                                 20.000000   20.000000   clock clk (rise edge)
                                  0.000000   20.000000   clock source latency
     1    0.009938    0.038309    0.024958   20.024958 ^ clk (in)
                                                         clk (net)
                      0.038310    0.000000   20.024958 ^ clkbuf_0_clk/A (sky130_fd_sc_hd__clkbuf_16)
     2    0.020437    0.031452    0.086782   20.111740 ^ clkbuf_0_clk/X (sky130_fd_sc_hd__clkbuf_16)
                                                         clknet_0_clk (net)
                      0.031455    0.000579   20.112320 ^ clkbuf_1_0__f_clk/A (sky130_fd_sc_hd__clkbuf_16)
     4    0.012377    0.026107    0.079377   20.191696 ^ clkbuf_1_0__f_clk/X (sky130_fd_sc_hd__clkbuf_16)
                                                         clknet_1_0__leaf_clk (net)
                      0.026107    0.000249   20.191944 ^ _48_/CLK (sky130_fd_sc_hd__dfrtp_1)
                                 -0.250000   19.941946   clock uncertainty
                                  0.000000   19.941946   clock reconvergence pessimism
                                  0.143238   20.085184   library recovery time
                                             20.085184   data required time
---------------------------------------------------------------------------------------------
                                             20.085184   data required time
                                             -4.172541   data arrival time
---------------------------------------------------------------------------------------------
                                             15.912642   slack (MET)


Startpoint: rst (input port clocked by clk)
Endpoint: _49_ (recovery check against rising-edge clock clk)
Path Group: asynchronous
Path Type: max

Fanout         Cap        Slew       Delay        Time   Description
---------------------------------------------------------------------------------------------
                                  0.000000    0.000000   clock clk (rise edge)
                                  0.000000    0.000000   clock network delay (propagated)
                                  4.000000    4.000000 v input external delay
     1    0.003278    0.005420    0.002699    4.002699 v rst (in)
                                                         rst (net)
                      0.005421    0.000000    4.002699 v input1/A (sky130_fd_sc_hd__clkbuf_4)
     8    0.043381    0.067646    0.122181    4.124881 v input1/X (sky130_fd_sc_hd__clkbuf_4)
                                                         net1 (net)
                      0.067684    0.001460    4.126341 v _41_/A (sky130_fd_sc_hd__inv_2)
     1    0.003900    0.026478    0.042770    4.169110 ^ _41_/Y (sky130_fd_sc_hd__inv_2)
                                                         _11_ (net)
                      0.026478    0.000076    4.169187 ^ _49_/RESET_B (sky130_fd_sc_hd__dfrtp_1)
                                              4.169187   data arrival time

                                 20.000000   20.000000   clock clk (rise edge)
                                  0.000000   20.000000   clock source latency
     1    0.009938    0.038309    0.024958   20.024958 ^ clk (in)
                                                         clk (net)
                      0.038310    0.000000   20.024958 ^ clkbuf_0_clk/A (sky130_fd_sc_hd__clkbuf_16)
     2    0.020437    0.031452    0.086782   20.111740 ^ clkbuf_0_clk/X (sky130_fd_sc_hd__clkbuf_16)
                                                         clknet_0_clk (net)
                      0.031455    0.000579   20.112320 ^ clkbuf_1_0__f_clk/A (sky130_fd_sc_hd__clkbuf_16)
     4    0.012377    0.026107    0.079377   20.191696 ^ clkbuf_1_0__f_clk/X (sky130_fd_sc_hd__clkbuf_16)
                                                         clknet_1_0__leaf_clk (net)
                      0.026108    0.000405   20.192101 ^ _49_/CLK (sky130_fd_sc_hd__dfrtp_1)
                                 -0.250000   19.942102   clock uncertainty
                                  0.000000   19.942102   clock reconvergence pessimism
                                  0.143785   20.085888   library recovery time
                                             20.085888   data required time
---------------------------------------------------------------------------------------------
                                             20.085888   data required time
                                             -4.169187   data arrival time
---------------------------------------------------------------------------------------------
                                             15.916701   slack (MET)


Startpoint: _48_ (rising edge-triggered flip-flop clocked by clk)
Endpoint: _48_ (rising edge-triggered flip-flop clocked by clk)
Path Group: clk
Path Type: max

Fanout         Cap        Slew       Delay        Time   Description
---------------------------------------------------------------------------------------------
                                  0.000000    0.000000   clock clk (rise edge)
                                  0.000000    0.000000   clock source latency
     1    0.009938    0.038309    0.024957    0.024957 ^ clk (in)
                                                         clk (net)
                      0.038310    0.000000    0.024957 ^ clkbuf_0_clk/A (sky130_fd_sc_hd__clkbuf_16)
     2    0.020437    0.031452    0.086782    0.111739 ^ clkbuf_0_clk/X (sky130_fd_sc_hd__clkbuf_16)
                                                         clknet_0_clk (net)
                      0.031455    0.000580    0.112320 ^ clkbuf_1_0__f_clk/A (sky130_fd_sc_hd__clkbuf_16)
     4    0.012377    0.026107    0.079375    0.191695 ^ clkbuf_1_0__f_clk/X (sky130_fd_sc_hd__clkbuf_16)
                                                         clknet_1_0__leaf_clk (net)
                      0.026107    0.000250    0.191944 ^ _48_/CLK (sky130_fd_sc_hd__dfrtp_1)
     3    0.009502    0.050091    0.244557    0.436502 v _48_/Q (sky130_fd_sc_hd__dfrtp_1)
                                                         net4 (net)
                      0.050091    0.000240    0.436741 v hold6/A (sky130_fd_sc_hd__dlygate4sd3_1)
     1    0.003996    0.042786    0.373851    0.810592 v hold6/X (sky130_fd_sc_hd__dlygate4sd3_1)
                                                         net15 (net)
                      0.042786    0.000137    0.810729 v _27_/B1 (sky130_fd_sc_hd__a21oi_1)
     1    0.003792    0.089415    0.061636    0.872365 ^ _27_/Y (sky130_fd_sc_hd__a21oi_1)
                                                         _17_ (net)
                      0.089415    0.000128    0.872493 ^ hold7/A (sky130_fd_sc_hd__dlygate4sd3_1)
     1    0.004052    0.045881    0.388915    1.261408 ^ hold7/X (sky130_fd_sc_hd__dlygate4sd3_1)
                                                         net16 (net)
                      0.045881    0.000136    1.261544 ^ _28_/B (sky130_fd_sc_hd__nor2_1)
     1    0.003045    0.032653    0.024281    1.285825 v _28_/Y (sky130_fd_sc_hd__nor2_1)
                                                         _02_ (net)
                      0.032653    0.000068    1.285893 v _48_/D (sky130_fd_sc_hd__dfrtp_1)
                                              1.285893   data arrival time

                                 20.000000   20.000000   clock clk (rise edge)
                                  0.000000   20.000000   clock source latency
     1    0.009938    0.038309    0.024958   20.024958 ^ clk (in)
                                                         clk (net)
                      0.038310    0.000000   20.024958 ^ clkbuf_0_clk/A (sky130_fd_sc_hd__clkbuf_16)
     2    0.020437    0.031452    0.086782   20.111740 ^ clkbuf_0_clk/X (sky130_fd_sc_hd__clkbuf_16)
                                                         clknet_0_clk (net)
                      0.031455    0.000579   20.112320 ^ clkbuf_1_0__f_clk/A (sky130_fd_sc_hd__clkbuf_16)
     4    0.012377    0.026107    0.079377   20.191696 ^ clkbuf_1_0__f_clk/X (sky130_fd_sc_hd__clkbuf_16)
                                                         clknet_1_0__leaf_clk (net)
                      0.026107    0.000249   20.191944 ^ _48_/CLK (sky130_fd_sc_hd__dfrtp_1)
                                 -0.250000   19.941946   clock uncertainty
                                  0.000000   19.941946   clock reconvergence pessimism
                                 -0.073245   19.868702   library setup time
                                             19.868702   data required time
---------------------------------------------------------------------------------------------
                                             19.868702   data required time
                                             -1.285893   data arrival time
---------------------------------------------------------------------------------------------
                                             18.582809   slack (MET)


Startpoint: _51_ (rising edge-triggered flip-flop clocked by clk)
Endpoint: _51_ (rising edge-triggered flip-flop clocked by clk)
Path Group: clk
Path Type: max

Fanout         Cap        Slew       Delay        Time   Description
---------------------------------------------------------------------------------------------
                                  0.000000    0.000000   clock clk (rise edge)
                                  0.000000    0.000000   clock source latency
     1    0.009938    0.038309    0.024957    0.024957 ^ clk (in)
                                                         clk (net)
                      0.038310    0.000000    0.024957 ^ clkbuf_0_clk/A (sky130_fd_sc_hd__clkbuf_16)
     2    0.020437    0.031452    0.086782    0.111739 ^ clkbuf_0_clk/X (sky130_fd_sc_hd__clkbuf_16)
                                                         clknet_0_clk (net)
                      0.031455    0.000557    0.112297 ^ clkbuf_1_1__f_clk/A (sky130_fd_sc_hd__clkbuf_16)
     4    0.011735    0.025682    0.078932    0.191228 ^ clkbuf_1_1__f_clk/X (sky130_fd_sc_hd__clkbuf_16)
                                                         clknet_1_1__leaf_clk (net)
                      0.025682    0.000379    0.191607 ^ _51_/CLK (sky130_fd_sc_hd__dfrtp_1)
     3    0.008930    0.048028    0.242416    0.434024 v _51_/Q (sky130_fd_sc_hd__dfrtp_1)
                                                         net7 (net)
                      0.048028    0.000157    0.434181 v hold8/A (sky130_fd_sc_hd__dlygate4sd3_1)
     1    0.003318    0.040285    0.369484    0.803665 v hold8/X (sky130_fd_sc_hd__dlygate4sd3_1)
                                                         net17 (net)
                      0.040285    0.000110    0.803775 v _34_/B2 (sky130_fd_sc_hd__o2bb2a_1)
     1    0.002550    0.036822    0.162271    0.966046 v _34_/X (sky130_fd_sc_hd__o2bb2a_1)
                                                         _05_ (net)
                      0.036822    0.000072    0.966118 v _51_/D (sky130_fd_sc_hd__dfrtp_1)
                                              0.966118   data arrival time

                                 20.000000   20.000000   clock clk (rise edge)
                                  0.000000   20.000000   clock source latency
     1    0.009938    0.038309    0.024958   20.024958 ^ clk (in)
                                                         clk (net)
                      0.038310    0.000000   20.024958 ^ clkbuf_0_clk/A (sky130_fd_sc_hd__clkbuf_16)
     2    0.020437    0.031452    0.086782   20.111740 ^ clkbuf_0_clk/X (sky130_fd_sc_hd__clkbuf_16)
                                                         clknet_0_clk (net)
                      0.031455    0.000556   20.112297 ^ clkbuf_1_1__f_clk/A (sky130_fd_sc_hd__clkbuf_16)
     4    0.011735    0.025682    0.078932   20.191229 ^ clkbuf_1_1__f_clk/X (sky130_fd_sc_hd__clkbuf_16)
                                                         clknet_1_1__leaf_clk (net)
                      0.025682    0.000378   20.191607 ^ _51_/CLK (sky130_fd_sc_hd__dfrtp_1)
                                 -0.250000   19.941608   clock uncertainty
                                  0.000000   19.941608   clock reconvergence pessimism
                                 -0.074775   19.866833   library setup time
                                             19.866833   data required time
---------------------------------------------------------------------------------------------
                                             19.866833   data required time
                                             -0.966118   data arrival time
---------------------------------------------------------------------------------------------
                                             18.900715   slack (MET)


Startpoint: _46_ (rising edge-triggered flip-flop clocked by clk)
Endpoint: _47_ (rising edge-triggered flip-flop clocked by clk)
Path Group: clk
Path Type: max

Fanout         Cap        Slew       Delay        Time   Description
---------------------------------------------------------------------------------------------
                                  0.000000    0.000000   clock clk (rise edge)
                                  0.000000    0.000000   clock source latency
     1    0.009938    0.038309    0.024957    0.024957 ^ clk (in)
                                                         clk (net)
                      0.038310    0.000000    0.024957 ^ clkbuf_0_clk/A (sky130_fd_sc_hd__clkbuf_16)
     2    0.020437    0.031452    0.086782    0.111739 ^ clkbuf_0_clk/X (sky130_fd_sc_hd__clkbuf_16)
                                                         clknet_0_clk (net)
                      0.031455    0.000580    0.112320 ^ clkbuf_1_0__f_clk/A (sky130_fd_sc_hd__clkbuf_16)
     4    0.012377    0.026107    0.079375    0.191695 ^ clkbuf_1_0__f_clk/X (sky130_fd_sc_hd__clkbuf_16)
                                                         clknet_1_0__leaf_clk (net)
                      0.026108    0.000359    0.192054 ^ _46_/CLK (sky130_fd_sc_hd__dfrtp_1)
     4    0.011573    0.054706    0.251374    0.443428 v _46_/Q (sky130_fd_sc_hd__dfrtp_1)
                                                         net2 (net)
                      0.054706    0.000277    0.443705 v hold2/A (sky130_fd_sc_hd__dlygate4sd3_1)
     2    0.010566    0.063465    0.403611    0.847316 v hold2/X (sky130_fd_sc_hd__dlygate4sd3_1)
                                                         net11 (net)
                      0.063465    0.000268    0.847584 v _25_/A (sky130_fd_sc_hd__xor2_1)
     1    0.002344    0.033658    0.106883    0.954468 v _25_/X (sky130_fd_sc_hd__xor2_1)
                                                         _01_ (net)
                      0.033658    0.000047    0.954514 v _47_/D (sky130_fd_sc_hd__dfrtp_1)
                                              0.954514   data arrival time

                                 20.000000   20.000000   clock clk (rise edge)
                                  0.000000   20.000000   clock source latency
     1    0.009938    0.038309    0.024958   20.024958 ^ clk (in)
                                                         clk (net)
                      0.038310    0.000000   20.024958 ^ clkbuf_0_clk/A (sky130_fd_sc_hd__clkbuf_16)
     2    0.020437    0.031452    0.086782   20.111740 ^ clkbuf_0_clk/X (sky130_fd_sc_hd__clkbuf_16)
                                                         clknet_0_clk (net)
                      0.031455    0.000579   20.112320 ^ clkbuf_1_0__f_clk/A (sky130_fd_sc_hd__clkbuf_16)
     4    0.012377    0.026107    0.079377   20.191696 ^ clkbuf_1_0__f_clk/X (sky130_fd_sc_hd__clkbuf_16)
                                                         clknet_1_0__leaf_clk (net)
                      0.026107    0.000268   20.191965 ^ _47_/CLK (sky130_fd_sc_hd__dfrtp_1)
                                 -0.250000   19.941965   clock uncertainty
                                  0.000000   19.941965   clock reconvergence pessimism
                                 -0.073604   19.868362   library setup time
                                             19.868362   data required time
---------------------------------------------------------------------------------------------
                                             19.868362   data required time
                                             -0.954514   data arrival time
---------------------------------------------------------------------------------------------
                                             18.913847   slack (MET)


Startpoint: _49_ (rising edge-triggered flip-flop clocked by clk)
Endpoint: _49_ (rising edge-triggered flip-flop clocked by clk)
Path Group: clk
Path Type: max

Fanout         Cap        Slew       Delay        Time   Description
---------------------------------------------------------------------------------------------
                                  0.000000    0.000000   clock clk (rise edge)
                                  0.000000    0.000000   clock source latency
     1    0.009938    0.038309    0.024957    0.024957 ^ clk (in)
                                                         clk (net)
                      0.038310    0.000000    0.024957 ^ clkbuf_0_clk/A (sky130_fd_sc_hd__clkbuf_16)
     2    0.020437    0.031452    0.086782    0.111739 ^ clkbuf_0_clk/X (sky130_fd_sc_hd__clkbuf_16)
                                                         clknet_0_clk (net)
                      0.031455    0.000580    0.112320 ^ clkbuf_1_0__f_clk/A (sky130_fd_sc_hd__clkbuf_16)
     4    0.012377    0.026107    0.079375    0.191695 ^ clkbuf_1_0__f_clk/X (sky130_fd_sc_hd__clkbuf_16)
                                                         clknet_1_0__leaf_clk (net)
                      0.026108    0.000407    0.192101 ^ _49_/CLK (sky130_fd_sc_hd__dfrtp_1)
     5    0.011561    0.054673    0.251334    0.443435 v _49_/Q (sky130_fd_sc_hd__dfrtp_1)
                                                         net5 (net)
                      0.054673    0.000258    0.443694 v hold9/A (sky130_fd_sc_hd__dlygate4sd3_1)
     1    0.004942    0.045673    0.379756    0.823450 v hold9/X (sky130_fd_sc_hd__dlygate4sd3_1)
                                                         net18 (net)
                      0.045673    0.000154    0.823603 v _30_/A (sky130_fd_sc_hd__xor2_1)
     1    0.002446    0.038196    0.100722    0.924326 v _30_/X (sky130_fd_sc_hd__xor2_1)
                                                         _03_ (net)
                      0.038196    0.000069    0.924394 v _49_/D (sky130_fd_sc_hd__dfrtp_1)
                                              0.924394   data arrival time

                                 20.000000   20.000000   clock clk (rise edge)
                                  0.000000   20.000000   clock source latency
     1    0.009938    0.038309    0.024958   20.024958 ^ clk (in)
                                                         clk (net)
                      0.038310    0.000000   20.024958 ^ clkbuf_0_clk/A (sky130_fd_sc_hd__clkbuf_16)
     2    0.020437    0.031452    0.086782   20.111740 ^ clkbuf_0_clk/X (sky130_fd_sc_hd__clkbuf_16)
                                                         clknet_0_clk (net)
                      0.031455    0.000579   20.112320 ^ clkbuf_1_0__f_clk/A (sky130_fd_sc_hd__clkbuf_16)
     4    0.012377    0.026107    0.079377   20.191696 ^ clkbuf_1_0__f_clk/X (sky130_fd_sc_hd__clkbuf_16)
                                                         clknet_1_0__leaf_clk (net)
                      0.026108    0.000405   20.192101 ^ _49_/CLK (sky130_fd_sc_hd__dfrtp_1)
                                 -0.250000   19.942102   clock uncertainty
                                  0.000000   19.942102   clock reconvergence pessimism
                                 -0.075225   19.866877   library setup time
                                             19.866877   data required time
---------------------------------------------------------------------------------------------
                                             19.866877   data required time
                                             -0.924394   data arrival time
---------------------------------------------------------------------------------------------
                                             18.942482   slack (MET)


Startpoint: _50_ (rising edge-triggered flip-flop clocked by clk)
Endpoint: _50_ (rising edge-triggered flip-flop clocked by clk)
Path Group: clk
Path Type: max

Fanout         Cap        Slew       Delay        Time   Description
---------------------------------------------------------------------------------------------
                                  0.000000    0.000000   clock clk (rise edge)
                                  0.000000    0.000000   clock source latency
     1    0.009938    0.038309    0.024957    0.024957 ^ clk (in)
                                                         clk (net)
                      0.038310    0.000000    0.024957 ^ clkbuf_0_clk/A (sky130_fd_sc_hd__clkbuf_16)
     2    0.020437    0.031452    0.086782    0.111739 ^ clkbuf_0_clk/X (sky130_fd_sc_hd__clkbuf_16)
                                                         clknet_0_clk (net)
                      0.031455    0.000557    0.112297 ^ clkbuf_1_1__f_clk/A (sky130_fd_sc_hd__clkbuf_16)
     4    0.011735    0.025682    0.078932    0.191228 ^ clkbuf_1_1__f_clk/X (sky130_fd_sc_hd__clkbuf_16)
                                                         clknet_1_1__leaf_clk (net)
                      0.025682    0.000406    0.191634 ^ _50_/CLK (sky130_fd_sc_hd__dfrtp_1)
     4    0.011506    0.054494    0.251107    0.442741 v _50_/Q (sky130_fd_sc_hd__dfrtp_1)
                                                         net6 (net)
                      0.054494    0.000181    0.442923 v hold4/A (sky130_fd_sc_hd__dlygate4sd3_1)
     1    0.004955    0.045704    0.379755    0.822678 v hold4/X (sky130_fd_sc_hd__dlygate4sd3_1)
                                                         net13 (net)
                      0.045704    0.000109    0.822787 v _32_/A (sky130_fd_sc_hd__xnor2_1)
     1    0.002271    0.027041    0.080503    0.903290 v _32_/Y (sky130_fd_sc_hd__xnor2_1)
                                                         _04_ (net)
                      0.027041    0.000064    0.903354 v _50_/D (sky130_fd_sc_hd__dfrtp_1)
                                              0.903354   data arrival time

                                 20.000000   20.000000   clock clk (rise edge)
                                  0.000000   20.000000   clock source latency
     1    0.009938    0.038309    0.024958   20.024958 ^ clk (in)
                                                         clk (net)
                      0.038310    0.000000   20.024958 ^ clkbuf_0_clk/A (sky130_fd_sc_hd__clkbuf_16)
     2    0.020437    0.031452    0.086782   20.111740 ^ clkbuf_0_clk/X (sky130_fd_sc_hd__clkbuf_16)
                                                         clknet_0_clk (net)
                      0.031455    0.000556   20.112297 ^ clkbuf_1_1__f_clk/A (sky130_fd_sc_hd__clkbuf_16)
     4    0.011735    0.025682    0.078932   20.191229 ^ clkbuf_1_1__f_clk/X (sky130_fd_sc_hd__clkbuf_16)
                                                         clknet_1_1__leaf_clk (net)
                      0.025682    0.000405   20.191633 ^ _50_/CLK (sky130_fd_sc_hd__dfrtp_1)
                                 -0.250000   19.941635   clock uncertainty
                                  0.000000   19.941635   clock reconvergence pessimism
                                 -0.071281   19.870354   library setup time
                                             19.870354   data required time
---------------------------------------------------------------------------------------------
                                             19.870354   data required time
                                             -0.903354   data arrival time
---------------------------------------------------------------------------------------------
                                             18.966999   slack (MET)


Startpoint: _52_ (rising edge-triggered flip-flop clocked by clk)
Endpoint: _52_ (rising edge-triggered flip-flop clocked by clk)
Path Group: clk
Path Type: max

Fanout         Cap        Slew       Delay        Time   Description
---------------------------------------------------------------------------------------------
                                  0.000000    0.000000   clock clk (rise edge)
                                  0.000000    0.000000   clock source latency
     1    0.009938    0.038309    0.024957    0.024957 ^ clk (in)
                                                         clk (net)
                      0.038310    0.000000    0.024957 ^ clkbuf_0_clk/A (sky130_fd_sc_hd__clkbuf_16)
     2    0.020437    0.031452    0.086782    0.111739 ^ clkbuf_0_clk/X (sky130_fd_sc_hd__clkbuf_16)
                                                         clknet_0_clk (net)
                      0.031455    0.000557    0.112297 ^ clkbuf_1_1__f_clk/A (sky130_fd_sc_hd__clkbuf_16)
     4    0.011735    0.025682    0.078932    0.191228 ^ clkbuf_1_1__f_clk/X (sky130_fd_sc_hd__clkbuf_16)
                                                         clknet_1_1__leaf_clk (net)
                      0.025682    0.000316    0.191544 ^ _52_/CLK (sky130_fd_sc_hd__dfrtp_1)
     3    0.008189    0.045438    0.239729    0.431273 v _52_/Q (sky130_fd_sc_hd__dfrtp_1)
                                                         net8 (net)
                      0.045438    0.000115    0.431389 v hold5/A (sky130_fd_sc_hd__dlygate4sd3_1)
     1    0.004051    0.042991    0.372324    0.803713 v hold5/X (sky130_fd_sc_hd__dlygate4sd3_1)
                                                         net14 (net)
                      0.042991    0.000138    0.803851 v _36_/B1 (sky130_fd_sc_hd__a21oi_1)
     1    0.004580    0.099720    0.067735    0.871586 ^ _36_/Y (sky130_fd_sc_hd__a21oi_1)
                                                         _22_ (net)
                      0.099720    0.000163    0.871749 ^ _37_/B (sky130_fd_sc_hd__nor2_1)
     1    0.003510    0.030821    0.029092    0.900842 v _37_/Y (sky130_fd_sc_hd__nor2_1)
                                                         _06_ (net)
                      0.030821    0.000110    0.900952 v _52_/D (sky130_fd_sc_hd__dfrtp_1)
                                              0.900952   data arrival time

                                 20.000000   20.000000   clock clk (rise edge)
                                  0.000000   20.000000   clock source latency
     1    0.009938    0.038309    0.024958   20.024958 ^ clk (in)
                                                         clk (net)
                      0.038310    0.000000   20.024958 ^ clkbuf_0_clk/A (sky130_fd_sc_hd__clkbuf_16)
     2    0.020437    0.031452    0.086782   20.111740 ^ clkbuf_0_clk/X (sky130_fd_sc_hd__clkbuf_16)
                                                         clknet_0_clk (net)
                      0.031455    0.000556   20.112297 ^ clkbuf_1_1__f_clk/A (sky130_fd_sc_hd__clkbuf_16)
     4    0.011735    0.025682    0.078932   20.191229 ^ clkbuf_1_1__f_clk/X (sky130_fd_sc_hd__clkbuf_16)
                                                         clknet_1_1__leaf_clk (net)
                      0.025682    0.000316   20.191545 ^ _52_/CLK (sky130_fd_sc_hd__dfrtp_1)
                                 -0.250000   19.941545   clock uncertainty
                                  0.000000   19.941545   clock reconvergence pessimism
                                 -0.072631   19.868914   library setup time
                                             19.868914   data required time
---------------------------------------------------------------------------------------------
                                             19.868914   data required time
                                             -0.900952   data arrival time
---------------------------------------------------------------------------------------------
                                             18.967962   slack (MET)


Startpoint: _53_ (rising edge-triggered flip-flop clocked by clk)
Endpoint: _53_ (rising edge-triggered flip-flop clocked by clk)
Path Group: clk
Path Type: max

Fanout         Cap        Slew       Delay        Time   Description
---------------------------------------------------------------------------------------------
                                  0.000000    0.000000   clock clk (rise edge)
                                  0.000000    0.000000   clock source latency
     1    0.009938    0.038309    0.024957    0.024957 ^ clk (in)
                                                         clk (net)
                      0.038310    0.000000    0.024957 ^ clkbuf_0_clk/A (sky130_fd_sc_hd__clkbuf_16)
     2    0.020437    0.031452    0.086782    0.111739 ^ clkbuf_0_clk/X (sky130_fd_sc_hd__clkbuf_16)
                                                         clknet_0_clk (net)
                      0.031455    0.000557    0.112297 ^ clkbuf_1_1__f_clk/A (sky130_fd_sc_hd__clkbuf_16)
     4    0.011735    0.025682    0.078932    0.191228 ^ clkbuf_1_1__f_clk/X (sky130_fd_sc_hd__clkbuf_16)
                                                         clknet_1_1__leaf_clk (net)
                      0.025682    0.000256    0.191485 ^ _53_/CLK (sky130_fd_sc_hd__dfrtp_1)
     2    0.004066    0.032297    0.224729    0.416214 v _53_/Q (sky130_fd_sc_hd__dfrtp_1)
                                                         net9 (net)
                      0.032297    0.000095    0.416309 v hold1/A (sky130_fd_sc_hd__dlygate4sd3_1)
     1    0.004767    0.045490    0.370457    0.786766 v hold1/X (sky130_fd_sc_hd__dlygate4sd3_1)
                                                         net10 (net)
                      0.045490    0.000101    0.786867 v _38_/A (sky130_fd_sc_hd__xor2_1)
     1    0.002690    0.033118    0.101636    0.888503 v _38_/X (sky130_fd_sc_hd__xor2_1)
                                                         _07_ (net)
                      0.033118    0.000078    0.888581 v _53_/D (sky130_fd_sc_hd__dfrtp_1)
                                              0.888581   data arrival time

                                 20.000000   20.000000   clock clk (rise edge)
                                  0.000000   20.000000   clock source latency
     1    0.009938    0.038309    0.024958   20.024958 ^ clk (in)
                                                         clk (net)
                      0.038310    0.000000   20.024958 ^ clkbuf_0_clk/A (sky130_fd_sc_hd__clkbuf_16)
     2    0.020437    0.031452    0.086782   20.111740 ^ clkbuf_0_clk/X (sky130_fd_sc_hd__clkbuf_16)
                                                         clknet_0_clk (net)
                      0.031455    0.000556   20.112297 ^ clkbuf_1_1__f_clk/A (sky130_fd_sc_hd__clkbuf_16)
     4    0.011735    0.025682    0.078932   20.191229 ^ clkbuf_1_1__f_clk/X (sky130_fd_sc_hd__clkbuf_16)
                                                         clknet_1_1__leaf_clk (net)
                      0.025682    0.000256   20.191484 ^ _53_/CLK (sky130_fd_sc_hd__dfrtp_1)
                                 -0.250000   19.941486   clock uncertainty
                                  0.000000   19.941486   clock reconvergence pessimism
                                 -0.073452   19.868032   library setup time
                                             19.868032   data required time
---------------------------------------------------------------------------------------------
                                             19.868032   data required time
                                             -0.888581   data arrival time
---------------------------------------------------------------------------------------------
                                             18.979452   slack (MET)


Startpoint: _46_ (rising edge-triggered flip-flop clocked by clk)
Endpoint: _46_ (rising edge-triggered flip-flop clocked by clk)
Path Group: clk
Path Type: max

Fanout         Cap        Slew       Delay        Time   Description
---------------------------------------------------------------------------------------------
                                  0.000000    0.000000   clock clk (rise edge)
                                  0.000000    0.000000   clock source latency
     1    0.009938    0.038309    0.024957    0.024957 ^ clk (in)
                                                         clk (net)
                      0.038310    0.000000    0.024957 ^ clkbuf_0_clk/A (sky130_fd_sc_hd__clkbuf_16)
     2    0.020437    0.031452    0.086782    0.111739 ^ clkbuf_0_clk/X (sky130_fd_sc_hd__clkbuf_16)
                                                         clknet_0_clk (net)
                      0.031455    0.000580    0.112320 ^ clkbuf_1_0__f_clk/A (sky130_fd_sc_hd__clkbuf_16)
     4    0.012377    0.026107    0.079375    0.191695 ^ clkbuf_1_0__f_clk/X (sky130_fd_sc_hd__clkbuf_16)
                                                         clknet_1_0__leaf_clk (net)
                      0.026108    0.000359    0.192054 ^ _46_/CLK (sky130_fd_sc_hd__dfrtp_1)
     4    0.012117    0.087121    0.240333    0.432387 ^ _46_/Q (sky130_fd_sc_hd__dfrtp_1)
                                                         net2 (net)
                      0.087121    0.000291    0.432678 ^ hold2/A (sky130_fd_sc_hd__dlygate4sd3_1)
     2    0.011264    0.095007    0.427322    0.860000 ^ hold2/X (sky130_fd_sc_hd__dlygate4sd3_1)
                                                         net11 (net)
                      0.095007    0.000328    0.860328 ^ _23_/A (sky130_fd_sc_hd__inv_2)
     1    0.002955    0.020789    0.014396    0.874724 v _23_/Y (sky130_fd_sc_hd__inv_2)
                                                         _00_ (net)
                      0.020789    0.000090    0.874814 v _46_/D (sky130_fd_sc_hd__dfrtp_1)
                                              0.874814   data arrival time

                                 20.000000   20.000000   clock clk (rise edge)
                                  0.000000   20.000000   clock source latency
     1    0.009938    0.038309    0.024958   20.024958 ^ clk (in)
                                                         clk (net)
                      0.038310    0.000000   20.024958 ^ clkbuf_0_clk/A (sky130_fd_sc_hd__clkbuf_16)
     2    0.020437    0.031452    0.086782   20.111740 ^ clkbuf_0_clk/X (sky130_fd_sc_hd__clkbuf_16)
                                                         clknet_0_clk (net)
                      0.031455    0.000579   20.112320 ^ clkbuf_1_0__f_clk/A (sky130_fd_sc_hd__clkbuf_16)
     4    0.012377    0.026107    0.079377   20.191696 ^ clkbuf_1_0__f_clk/X (sky130_fd_sc_hd__clkbuf_16)
                                                         clknet_1_0__leaf_clk (net)
                      0.026108    0.000359   20.192055 ^ _46_/CLK (sky130_fd_sc_hd__dfrtp_1)
                                 -0.250000   19.942055   clock uncertainty
                                  0.000000   19.942055   clock reconvergence pessimism
                                 -0.069007   19.873049   library setup time
                                             19.873049   data required time
---------------------------------------------------------------------------------------------
                                             19.873049   data required time
                                             -0.874814   data arrival time
---------------------------------------------------------------------------------------------
                                             18.998236   slack (MET)



