
===========================================================================
 report_power
============================================================================
======================= nom_ff_n40C_1v95 Corner ===================================

Group                    Internal    Switching      Leakage        Total
                            Power        Power        Power        Power (Watts)
------------------------------------------------------------------------
Sequential           1.894942e-05 0.000000e+00 1.171278e-10 1.894954e-05  32.6%
Combinational        3.252489e-07 8.609980e-07 4.456333e-10 1.186693e-06   2.0%
Clock                2.943544e-05 8.469778e-06 2.864931e-10 3.790550e-05  65.3%
Macro                0.000000e+00 0.000000e+00 0.000000e+00 0.000000e+00   0.0%
Pad                  0.000000e+00 0.000000e+00 0.000000e+00 0.000000e+00   0.0%
------------------------------------------------------------------------
Total                4.871011e-05 9.330775e-06 8.492542e-10 5.804173e-05 100.0%
                            83.9%        16.1%         0.0%

