
===========================================================================
 report_power
============================================================================
======================= max_tt_025C_1v80 Corner ===================================

Group                    Internal    Switching      Leakage        Total
                            Power        Power        Power        Power (Watts)
------------------------------------------------------------------------
Sequential           1.628140e-05 0.000000e+00 9.677002e-11 1.628150e-05  32.4%
Combinational        2.723494e-07 7.539849e-07 1.720672e-10 1.026506e-06   2.0%
Clock                2.564395e-05 7.340506e-06 1.179703e-10 3.298457e-05  65.6%
Macro                0.000000e+00 0.000000e+00 0.000000e+00 0.000000e+00   0.0%
Pad                  0.000000e+00 0.000000e+00 0.000000e+00 0.000000e+00   0.0%
------------------------------------------------------------------------
Total                4.219770e-05 8.094491e-06 3.868074e-10 5.029258e-05 100.0%
                            83.9%        16.1%         0.0%

