Clock: clk
Sources: clk 
Generated: no
Virtual: yes
Propagated: no
Period: 20.000000

===========================================================================
report_clock_properties
============================================================================
Clock                   Period          Waveform
----------------------------------------------------
clk                  20.000000    0.000000 10.000000

===========================================================================
report_clock_latency
============================================================================
Clock clk
rise -> rise
    min     max
0.000000 0.000000 source latency
0.269695         network latency _48_/CLK
        0.269738 network latency _51_/CLK
---------------
0.269695 0.269738 latency
        0.000043 skew

fall -> fall
    min     max
0.000000 0.000000 source latency
0.278801         network latency _48_/CLK
        0.278840 network latency _51_/CLK
---------------
0.278801 0.278840 latency
        0.000039 skew



===========================================================================
report_clock_min_period
============================================================================
clk period_min = 1.46 fmax = 683.00
