
===========================================================================
report_checks -path_delay min (Hold)
============================================================================
======================= nom_tt_025C_1v80 Corner ===================================

Startpoint: _53_ (rising edge-triggered flip-flop clocked by clk)
Endpoint: _53_ (rising edge-triggered flip-flop clocked by clk)
Path Group: clk
Path Type: min

Fanout         Cap        Slew       Delay        Time   Description
---------------------------------------------------------------------------------------------
                                  0.000000    0.000000   clock clk (rise edge)
                                  0.000000    0.000000   clock source latency
     1    0.009204    0.047862    0.031412    0.031412 ^ clk (in)
                                                         clk (net)
                      0.047862    0.000000    0.031412 ^ clkbuf_0_clk/A (sky130_fd_sc_hd__clkbuf_16)
     2    0.017860    0.040023    0.124461    0.155873 ^ clkbuf_0_clk/X (sky130_fd_sc_hd__clkbuf_16)
                                                         clknet_0_clk (net)
                      0.040024    0.000059    0.155933 ^ clkbuf_1_1__f_clk/A (sky130_fd_sc_hd__clkbuf_16)
     4    0.009666    0.033045    0.113747    0.269679 ^ clkbuf_1_1__f_clk/X (sky130_fd_sc_hd__clkbuf_16)
                                                         clknet_1_1__leaf_clk (net)
                      0.033045    0.000034    0.269713 ^ _53_/CLK (sky130_fd_sc_hd__dfrtp_1)
     2    0.007125    0.080564    0.339789    0.609502 ^ _53_/Q (sky130_fd_sc_hd__dfrtp_1)
                                                         net9 (net)
                      0.080564    0.000021    0.609523 ^ _38_/A (sky130_fd_sc_hd__xor2_1)
     1    0.002250    0.034636    0.065496    0.675020 v _38_/X (sky130_fd_sc_hd__xor2_1)
                                                         _07_ (net)
                      0.034636    0.000004    0.675023 v _53_/D (sky130_fd_sc_hd__dfrtp_1)
                                              0.675023   data arrival time

                                  0.000000    0.000000   clock clk (rise edge)
                                  0.000000    0.000000   clock source latency
     1    0.009204    0.047862    0.031412    0.031412 ^ clk (in)
                                                         clk (net)
                      0.047862    0.000000    0.031412 ^ clkbuf_0_clk/A (sky130_fd_sc_hd__clkbuf_16)
     2    0.017860    0.040023    0.124461    0.155873 ^ clkbuf_0_clk/X (sky130_fd_sc_hd__clkbuf_16)
                                                         clknet_0_clk (net)
                      0.040024    0.000059    0.155933 ^ clkbuf_1_1__f_clk/A (sky130_fd_sc_hd__clkbuf_16)
     4    0.009666    0.033045    0.113747    0.269679 ^ clkbuf_1_1__f_clk/X (sky130_fd_sc_hd__clkbuf_16)
                                                         clknet_1_1__leaf_clk (net)
                      0.033045    0.000034    0.269713 ^ _53_/CLK (sky130_fd_sc_hd__dfrtp_1)
                                  0.250000    0.519713   clock uncertainty
                                  0.000000    0.519713   clock reconvergence pessimism
                                 -0.044283    0.475430   library hold time
                                              0.475430   data required time
---------------------------------------------------------------------------------------------
                                              0.475430   data required time
                                             -0.675023   data arrival time
---------------------------------------------------------------------------------------------
                                              0.199593   slack (MET)


Startpoint: _46_ (rising edge-triggered flip-flop clocked by clk)
Endpoint: _46_ (rising edge-triggered flip-flop clocked by clk)
Path Group: clk
Path Type: min

Fanout         Cap        Slew       Delay        Time   Description
---------------------------------------------------------------------------------------------
                                  0.000000    0.000000   clock clk (rise edge)
                                  0.000000    0.000000   clock source latency
     1    0.009204    0.047862    0.031412    0.031412 ^ clk (in)
                                                         clk (net)
                      0.047862    0.000000    0.031412 ^ clkbuf_0_clk/A (sky130_fd_sc_hd__clkbuf_16)
     2    0.017860    0.040023    0.124461    0.155873 ^ clkbuf_0_clk/X (sky130_fd_sc_hd__clkbuf_16)
                                                         clknet_0_clk (net)
                      0.040024    0.000072    0.155946 ^ clkbuf_1_0__f_clk/A (sky130_fd_sc_hd__clkbuf_16)
     4    0.009645    0.033028    0.113729    0.269675 ^ clkbuf_1_0__f_clk/X (sky130_fd_sc_hd__clkbuf_16)
                                                         clknet_1_0__leaf_clk (net)
                      0.033028    0.000048    0.269722 ^ _46_/CLK (sky130_fd_sc_hd__dfrtp_1)
     5    0.016018    0.152622    0.395250    0.664972 ^ _46_/Q (sky130_fd_sc_hd__dfrtp_1)
                                                         net2 (net)
                      0.152622    0.000036    0.665008 ^ _23_/A (sky130_fd_sc_hd__inv_2)
     1    0.002658    0.030166    0.037599    0.702607 v _23_/Y (sky130_fd_sc_hd__inv_2)
                                                         _00_ (net)
                      0.030166    0.000009    0.702616 v _46_/D (sky130_fd_sc_hd__dfrtp_1)
                                              0.702616   data arrival time

                                  0.000000    0.000000   clock clk (rise edge)
                                  0.000000    0.000000   clock source latency
     1    0.009204    0.047862    0.031412    0.031412 ^ clk (in)
                                                         clk (net)
                      0.047862    0.000000    0.031412 ^ clkbuf_0_clk/A (sky130_fd_sc_hd__clkbuf_16)
     2    0.017860    0.040023    0.124461    0.155873 ^ clkbuf_0_clk/X (sky130_fd_sc_hd__clkbuf_16)
                                                         clknet_0_clk (net)
                      0.040024    0.000072    0.155946 ^ clkbuf_1_0__f_clk/A (sky130_fd_sc_hd__clkbuf_16)
     4    0.009645    0.033028    0.113729    0.269675 ^ clkbuf_1_0__f_clk/X (sky130_fd_sc_hd__clkbuf_16)
                                                         clknet_1_0__leaf_clk (net)
                      0.033028    0.000048    0.269722 ^ _46_/CLK (sky130_fd_sc_hd__dfrtp_1)
                                  0.250000    0.519723   clock uncertainty
                                  0.000000    0.519723   clock reconvergence pessimism
                                 -0.042466    0.477256   library hold time
                                              0.477256   data required time
---------------------------------------------------------------------------------------------
                                              0.477256   data required time
                                             -0.702616   data arrival time
---------------------------------------------------------------------------------------------
                                              0.225360   slack (MET)


Startpoint: _47_ (rising edge-triggered flip-flop clocked by clk)
Endpoint: _47_ (rising edge-triggered flip-flop clocked by clk)
Path Group: clk
Path Type: min

Fanout         Cap        Slew       Delay        Time   Description
---------------------------------------------------------------------------------------------
                                  0.000000    0.000000   clock clk (rise edge)
                                  0.000000    0.000000   clock source latency
     1    0.009204    0.047862    0.031412    0.031412 ^ clk (in)
                                                         clk (net)
                      0.047862    0.000000    0.031412 ^ clkbuf_0_clk/A (sky130_fd_sc_hd__clkbuf_16)
     2    0.017860    0.040023    0.124461    0.155873 ^ clkbuf_0_clk/X (sky130_fd_sc_hd__clkbuf_16)
                                                         clknet_0_clk (net)
                      0.040024    0.000072    0.155946 ^ clkbuf_1_0__f_clk/A (sky130_fd_sc_hd__clkbuf_16)
     4    0.009645    0.033028    0.113729    0.269675 ^ clkbuf_1_0__f_clk/X (sky130_fd_sc_hd__clkbuf_16)
                                                         clknet_1_0__leaf_clk (net)
                      0.033028    0.000029    0.269704 ^ _47_/CLK (sky130_fd_sc_hd__dfrtp_1)
     4    0.011864    0.115462    0.370024    0.639728 ^ _47_/Q (sky130_fd_sc_hd__dfrtp_1)
                                                         net3 (net)
                      0.115462    0.000056    0.639784 ^ _25_/B (sky130_fd_sc_hd__xor2_1)
     1    0.002166    0.034288    0.072595    0.712379 v _25_/X (sky130_fd_sc_hd__xor2_1)
                                                         _01_ (net)
                      0.034288    0.000002    0.712381 v _47_/D (sky130_fd_sc_hd__dfrtp_1)
                                              0.712381   data arrival time

                                  0.000000    0.000000   clock clk (rise edge)
                                  0.000000    0.000000   clock source latency
     1    0.009204    0.047862    0.031412    0.031412 ^ clk (in)
                                                         clk (net)
                      0.047862    0.000000    0.031412 ^ clkbuf_0_clk/A (sky130_fd_sc_hd__clkbuf_16)
     2    0.017860    0.040023    0.124461    0.155873 ^ clkbuf_0_clk/X (sky130_fd_sc_hd__clkbuf_16)
                                                         clknet_0_clk (net)
                      0.040024    0.000072    0.155946 ^ clkbuf_1_0__f_clk/A (sky130_fd_sc_hd__clkbuf_16)
     4    0.009645    0.033028    0.113729    0.269675 ^ clkbuf_1_0__f_clk/X (sky130_fd_sc_hd__clkbuf_16)
                                                         clknet_1_0__leaf_clk (net)
                      0.033028    0.000029    0.269704 ^ _47_/CLK (sky130_fd_sc_hd__dfrtp_1)
                                  0.250000    0.519704   clock uncertainty
                                  0.000000    0.519704   clock reconvergence pessimism
                                 -0.044145    0.475559   library hold time
                                              0.475559   data required time
---------------------------------------------------------------------------------------------
                                              0.475559   data required time
                                             -0.712381   data arrival time
---------------------------------------------------------------------------------------------
                                              0.236822   slack (MET)


Startpoint: _50_ (rising edge-triggered flip-flop clocked by clk)
Endpoint: _50_ (rising edge-triggered flip-flop clocked by clk)
Path Group: clk
Path Type: min

Fanout         Cap        Slew       Delay        Time   Description
---------------------------------------------------------------------------------------------
                                  0.000000    0.000000   clock clk (rise edge)
                                  0.000000    0.000000   clock source latency
     1    0.009204    0.047862    0.031412    0.031412 ^ clk (in)
                                                         clk (net)
                      0.047862    0.000000    0.031412 ^ clkbuf_0_clk/A (sky130_fd_sc_hd__clkbuf_16)
     2    0.017860    0.040023    0.124461    0.155873 ^ clkbuf_0_clk/X (sky130_fd_sc_hd__clkbuf_16)
                                                         clknet_0_clk (net)
                      0.040024    0.000059    0.155933 ^ clkbuf_1_1__f_clk/A (sky130_fd_sc_hd__clkbuf_16)
     4    0.009666    0.033045    0.113747    0.269679 ^ clkbuf_1_1__f_clk/X (sky130_fd_sc_hd__clkbuf_16)
                                                         clknet_1_1__leaf_clk (net)
                      0.033045    0.000056    0.269735 ^ _50_/CLK (sky130_fd_sc_hd__dfrtp_1)
     4    0.011370    0.114481    0.367065    0.636800 ^ _50_/Q (sky130_fd_sc_hd__dfrtp_1)
                                                         net6 (net)
                      0.114481    0.000031    0.636830 ^ _32_/A (sky130_fd_sc_hd__xnor2_1)
     1    0.002211    0.031008    0.078467    0.715298 v _32_/Y (sky130_fd_sc_hd__xnor2_1)
                                                         _04_ (net)
                      0.031008    0.000004    0.715301 v _50_/D (sky130_fd_sc_hd__dfrtp_1)
                                              0.715301   data arrival time

                                  0.000000    0.000000   clock clk (rise edge)
                                  0.000000    0.000000   clock source latency
     1    0.009204    0.047862    0.031412    0.031412 ^ clk (in)
                                                         clk (net)
                      0.047862    0.000000    0.031412 ^ clkbuf_0_clk/A (sky130_fd_sc_hd__clkbuf_16)
     2    0.017860    0.040023    0.124461    0.155873 ^ clkbuf_0_clk/X (sky130_fd_sc_hd__clkbuf_16)
                                                         clknet_0_clk (net)
                      0.040024    0.000059    0.155933 ^ clkbuf_1_1__f_clk/A (sky130_fd_sc_hd__clkbuf_16)
     4    0.009666    0.033045    0.113747    0.269679 ^ clkbuf_1_1__f_clk/X (sky130_fd_sc_hd__clkbuf_16)
                                                         clknet_1_1__leaf_clk (net)
                      0.033045    0.000056    0.269735 ^ _50_/CLK (sky130_fd_sc_hd__dfrtp_1)
                                  0.250000    0.519735   clock uncertainty
                                  0.000000    0.519735   clock reconvergence pessimism
                                 -0.042805    0.476930   library hold time
                                              0.476930   data required time
---------------------------------------------------------------------------------------------
                                              0.476930   data required time
                                             -0.715301   data arrival time
---------------------------------------------------------------------------------------------
                                              0.238371   slack (MET)


Startpoint: _52_ (rising edge-triggered flip-flop clocked by clk)
Endpoint: _52_ (rising edge-triggered flip-flop clocked by clk)
Path Group: clk
Path Type: min

Fanout         Cap        Slew       Delay        Time   Description
---------------------------------------------------------------------------------------------
                                  0.000000    0.000000   clock clk (rise edge)
                                  0.000000    0.000000   clock source latency
     1    0.009204    0.047862    0.031412    0.031412 ^ clk (in)
                                                         clk (net)
                      0.047862    0.000000    0.031412 ^ clkbuf_0_clk/A (sky130_fd_sc_hd__clkbuf_16)
     2    0.017860    0.040023    0.124461    0.155873 ^ clkbuf_0_clk/X (sky130_fd_sc_hd__clkbuf_16)
                                                         clknet_0_clk (net)
                      0.040024    0.000059    0.155933 ^ clkbuf_1_1__f_clk/A (sky130_fd_sc_hd__clkbuf_16)
     4    0.009666    0.033045    0.113747    0.269679 ^ clkbuf_1_1__f_clk/X (sky130_fd_sc_hd__clkbuf_16)
                                                         clknet_1_1__leaf_clk (net)
                      0.033045    0.000038    0.269717 ^ _52_/CLK (sky130_fd_sc_hd__dfrtp_1)
     3    0.007045    0.079942    0.339251    0.608968 ^ _52_/Q (sky130_fd_sc_hd__dfrtp_1)
                                                         net8 (net)
                      0.079942    0.000018    0.608986 ^ _36_/B1 (sky130_fd_sc_hd__a21oi_1)
     1    0.002958    0.034227    0.046029    0.655015 v _36_/Y (sky130_fd_sc_hd__a21oi_1)
                                                         _22_ (net)
                      0.034227    0.000011    0.655026 v _37_/B (sky130_fd_sc_hd__nor2_1)
     1    0.002338    0.070515    0.071826    0.726852 ^ _37_/Y (sky130_fd_sc_hd__nor2_1)
                                                         _06_ (net)
                      0.070515    0.000004    0.726856 ^ _52_/D (sky130_fd_sc_hd__dfrtp_1)
                                              0.726856   data arrival time

                                  0.000000    0.000000   clock clk (rise edge)
                                  0.000000    0.000000   clock source latency
     1    0.009204    0.047862    0.031412    0.031412 ^ clk (in)
                                                         clk (net)
                      0.047862    0.000000    0.031412 ^ clkbuf_0_clk/A (sky130_fd_sc_hd__clkbuf_16)
     2    0.017860    0.040023    0.124461    0.155873 ^ clkbuf_0_clk/X (sky130_fd_sc_hd__clkbuf_16)
                                                         clknet_0_clk (net)
                      0.040024    0.000059    0.155933 ^ clkbuf_1_1__f_clk/A (sky130_fd_sc_hd__clkbuf_16)
     4    0.009666    0.033045    0.113747    0.269679 ^ clkbuf_1_1__f_clk/X (sky130_fd_sc_hd__clkbuf_16)
                                                         clknet_1_1__leaf_clk (net)
                      0.033045    0.000038    0.269717 ^ _52_/CLK (sky130_fd_sc_hd__dfrtp_1)
                                  0.250000    0.519717   clock uncertainty
                                  0.000000    0.519717   clock reconvergence pessimism
                                 -0.041754    0.477964   library hold time
                                              0.477964   data required time
---------------------------------------------------------------------------------------------
                                              0.477964   data required time
                                             -0.726856   data arrival time
---------------------------------------------------------------------------------------------
                                              0.248893   slack (MET)


Startpoint: _49_ (rising edge-triggered flip-flop clocked by clk)
Endpoint: _49_ (rising edge-triggered flip-flop clocked by clk)
Path Group: clk
Path Type: min

Fanout         Cap        Slew       Delay        Time   Description
---------------------------------------------------------------------------------------------
                                  0.000000    0.000000   clock clk (rise edge)
                                  0.000000    0.000000   clock source latency
     1    0.009204    0.047862    0.031412    0.031412 ^ clk (in)
                                                         clk (net)
                      0.047862    0.000000    0.031412 ^ clkbuf_0_clk/A (sky130_fd_sc_hd__clkbuf_16)
     2    0.017860    0.040023    0.124461    0.155873 ^ clkbuf_0_clk/X (sky130_fd_sc_hd__clkbuf_16)
                                                         clknet_0_clk (net)
                      0.040024    0.000072    0.155946 ^ clkbuf_1_0__f_clk/A (sky130_fd_sc_hd__clkbuf_16)
     4    0.009645    0.033028    0.113729    0.269675 ^ clkbuf_1_0__f_clk/X (sky130_fd_sc_hd__clkbuf_16)
                                                         clknet_1_0__leaf_clk (net)
                      0.033028    0.000050    0.269724 ^ _49_/CLK (sky130_fd_sc_hd__dfrtp_1)
     5    0.013236    0.126712    0.378334    0.648059 ^ _49_/Q (sky130_fd_sc_hd__dfrtp_1)
                                                         net5 (net)
                      0.126712    0.000068    0.648126 ^ _30_/A (sky130_fd_sc_hd__xor2_1)
     1    0.002239    0.034607    0.077541    0.725667 v _30_/X (sky130_fd_sc_hd__xor2_1)
                                                         _03_ (net)
                      0.034607    0.000004    0.725671 v _49_/D (sky130_fd_sc_hd__dfrtp_1)
                                              0.725671   data arrival time

                                  0.000000    0.000000   clock clk (rise edge)
                                  0.000000    0.000000   clock source latency
     1    0.009204    0.047862    0.031412    0.031412 ^ clk (in)
                                                         clk (net)
                      0.047862    0.000000    0.031412 ^ clkbuf_0_clk/A (sky130_fd_sc_hd__clkbuf_16)
     2    0.017860    0.040023    0.124461    0.155873 ^ clkbuf_0_clk/X (sky130_fd_sc_hd__clkbuf_16)
                                                         clknet_0_clk (net)
                      0.040024    0.000072    0.155946 ^ clkbuf_1_0__f_clk/A (sky130_fd_sc_hd__clkbuf_16)
     4    0.009645    0.033028    0.113729    0.269675 ^ clkbuf_1_0__f_clk/X (sky130_fd_sc_hd__clkbuf_16)
                                                         clknet_1_0__leaf_clk (net)
                      0.033028    0.000050    0.269724 ^ _49_/CLK (sky130_fd_sc_hd__dfrtp_1)
                                  0.250000    0.519724   clock uncertainty
                                  0.000000    0.519724   clock reconvergence pessimism
                                 -0.044275    0.475450   library hold time
                                              0.475450   data required time
---------------------------------------------------------------------------------------------
                                              0.475450   data required time
                                             -0.725671   data arrival time
---------------------------------------------------------------------------------------------
                                              0.250221   slack (MET)


Startpoint: _51_ (rising edge-triggered flip-flop clocked by clk)
Endpoint: _51_ (rising edge-triggered flip-flop clocked by clk)
Path Group: clk
Path Type: min

Fanout         Cap        Slew       Delay        Time   Description
---------------------------------------------------------------------------------------------
                                  0.000000    0.000000   clock clk (rise edge)
                                  0.000000    0.000000   clock source latency
     1    0.009204    0.047862    0.031412    0.031412 ^ clk (in)
                                                         clk (net)
                      0.047862    0.000000    0.031412 ^ clkbuf_0_clk/A (sky130_fd_sc_hd__clkbuf_16)
     2    0.017860    0.040023    0.124461    0.155873 ^ clkbuf_0_clk/X (sky130_fd_sc_hd__clkbuf_16)
                                                         clknet_0_clk (net)
                      0.040024    0.000059    0.155933 ^ clkbuf_1_1__f_clk/A (sky130_fd_sc_hd__clkbuf_16)
     4    0.009666    0.033045    0.113747    0.269679 ^ clkbuf_1_1__f_clk/X (sky130_fd_sc_hd__clkbuf_16)
                                                         clknet_1_1__leaf_clk (net)
                      0.033045    0.000058    0.269738 ^ _51_/CLK (sky130_fd_sc_hd__dfrtp_1)
     3    0.006559    0.076154    0.335969    0.605707 ^ _51_/Q (sky130_fd_sc_hd__dfrtp_1)
                                                         net7 (net)
                      0.076154    0.000013    0.605720 ^ _34_/B2 (sky130_fd_sc_hd__o2bb2a_1)
     1    0.002351    0.043077    0.130784    0.736504 ^ _34_/X (sky130_fd_sc_hd__o2bb2a_1)
                                                         _05_ (net)
                      0.043077    0.000004    0.736508 ^ _51_/D (sky130_fd_sc_hd__dfrtp_1)
                                              0.736508   data arrival time

                                  0.000000    0.000000   clock clk (rise edge)
                                  0.000000    0.000000   clock source latency
     1    0.009204    0.047862    0.031412    0.031412 ^ clk (in)
                                                         clk (net)
                      0.047862    0.000000    0.031412 ^ clkbuf_0_clk/A (sky130_fd_sc_hd__clkbuf_16)
     2    0.017860    0.040023    0.124461    0.155873 ^ clkbuf_0_clk/X (sky130_fd_sc_hd__clkbuf_16)
                                                         clknet_0_clk (net)
                      0.040024    0.000059    0.155933 ^ clkbuf_1_1__f_clk/A (sky130_fd_sc_hd__clkbuf_16)
     4    0.009666    0.033045    0.113747    0.269679 ^ clkbuf_1_1__f_clk/X (sky130_fd_sc_hd__clkbuf_16)
                                                         clknet_1_1__leaf_clk (net)
                      0.033045    0.000058    0.269738 ^ _51_/CLK (sky130_fd_sc_hd__dfrtp_1)
                                  0.250000    0.519738   clock uncertainty
                                  0.000000    0.519738   clock reconvergence pessimism
                                 -0.035994    0.483744   library hold time
                                              0.483744   data required time
---------------------------------------------------------------------------------------------
                                              0.483744   data required time
                                             -0.736508   data arrival time
---------------------------------------------------------------------------------------------
                                              0.252765   slack (MET)


Startpoint: _48_ (rising edge-triggered flip-flop clocked by clk)
Endpoint: _48_ (rising edge-triggered flip-flop clocked by clk)
Path Group: clk
Path Type: min

Fanout         Cap        Slew       Delay        Time   Description
---------------------------------------------------------------------------------------------
                                  0.000000    0.000000   clock clk (rise edge)
                                  0.000000    0.000000   clock source latency
     1    0.009204    0.047862    0.031412    0.031412 ^ clk (in)
                                                         clk (net)
                      0.047862    0.000000    0.031412 ^ clkbuf_0_clk/A (sky130_fd_sc_hd__clkbuf_16)
     2    0.017860    0.040023    0.124461    0.155873 ^ clkbuf_0_clk/X (sky130_fd_sc_hd__clkbuf_16)
                                                         clknet_0_clk (net)
                      0.040024    0.000072    0.155946 ^ clkbuf_1_0__f_clk/A (sky130_fd_sc_hd__clkbuf_16)
     4    0.009645    0.033028    0.113729    0.269675 ^ clkbuf_1_0__f_clk/X (sky130_fd_sc_hd__clkbuf_16)
                                                         clknet_1_0__leaf_clk (net)
                      0.033028    0.000020    0.269695 ^ _48_/CLK (sky130_fd_sc_hd__dfrtp_1)
     3    0.006850    0.078426    0.337930    0.607625 ^ _48_/Q (sky130_fd_sc_hd__dfrtp_1)
                                                         net4 (net)
                      0.078426    0.000027    0.607652 ^ _27_/B1 (sky130_fd_sc_hd__a21oi_1)
     1    0.003140    0.034428    0.046471    0.654123 v _27_/Y (sky130_fd_sc_hd__a21oi_1)
                                                         _17_ (net)
                      0.034428    0.000012    0.654135 v _28_/B (sky130_fd_sc_hd__nor2_1)
     1    0.002691    0.076441    0.076379    0.730514 ^ _28_/Y (sky130_fd_sc_hd__nor2_1)
                                                         _02_ (net)
                      0.076441    0.000008    0.730522 ^ _48_/D (sky130_fd_sc_hd__dfrtp_1)
                                              0.730522   data arrival time

                                  0.000000    0.000000   clock clk (rise edge)
                                  0.000000    0.000000   clock source latency
     1    0.009204    0.047862    0.031412    0.031412 ^ clk (in)
                                                         clk (net)
                      0.047862    0.000000    0.031412 ^ clkbuf_0_clk/A (sky130_fd_sc_hd__clkbuf_16)
     2    0.017860    0.040023    0.124461    0.155873 ^ clkbuf_0_clk/X (sky130_fd_sc_hd__clkbuf_16)
                                                         clknet_0_clk (net)
                      0.040024    0.000072    0.155946 ^ clkbuf_1_0__f_clk/A (sky130_fd_sc_hd__clkbuf_16)
     4    0.009645    0.033028    0.113729    0.269675 ^ clkbuf_1_0__f_clk/X (sky130_fd_sc_hd__clkbuf_16)
                                                         clknet_1_0__leaf_clk (net)
                      0.033028    0.000020    0.269695 ^ _48_/CLK (sky130_fd_sc_hd__dfrtp_1)
                                  0.250000    0.519695   clock uncertainty
                                  0.000000    0.519695   clock reconvergence pessimism
                                 -0.043000    0.476695   library hold time
                                              0.476695   data required time
---------------------------------------------------------------------------------------------
                                              0.476695   data required time
                                             -0.730522   data arrival time
---------------------------------------------------------------------------------------------
                                              0.253827   slack (MET)


Startpoint: rst (input port clocked by clk)
Endpoint: _49_ (removal check against rising-edge clock clk)
Path Group: asynchronous
Path Type: min

Fanout         Cap        Slew       Delay        Time   Description
---------------------------------------------------------------------------------------------
                                  0.000000    0.000000   clock clk (rise edge)
                                  0.000000    0.000000   clock network delay (propagated)
                                  4.000000    4.000000 v input external delay
     1    0.002670    0.008331    0.004194    4.004193 v rst (in)
                                                         rst (net)
                      0.008331    0.000000    4.004193 v input1/A (sky130_fd_sc_hd__clkbuf_4)
     8    0.037926    0.085958    0.172687    4.176880 v input1/X (sky130_fd_sc_hd__clkbuf_4)
                                                         net1 (net)
                      0.085958    0.000159    4.177040 v _41_/A (sky130_fd_sc_hd__inv_2)
     1    0.003906    0.035509    0.059343    4.236383 ^ _41_/Y (sky130_fd_sc_hd__inv_2)
                                                         _11_ (net)
                      0.035509    0.000007    4.236390 ^ _49_/RESET_B (sky130_fd_sc_hd__dfrtp_1)
                                              4.236390   data arrival time

                                  0.000000    0.000000   clock clk (rise edge)
                                  0.000000    0.000000   clock source latency
     1    0.009204    0.047862    0.031412    0.031412 ^ clk (in)
                                                         clk (net)
                      0.047862    0.000000    0.031412 ^ clkbuf_0_clk/A (sky130_fd_sc_hd__clkbuf_16)
     2    0.017860    0.040023    0.124461    0.155873 ^ clkbuf_0_clk/X (sky130_fd_sc_hd__clkbuf_16)
                                                         clknet_0_clk (net)
                      0.040024    0.000072    0.155946 ^ clkbuf_1_0__f_clk/A (sky130_fd_sc_hd__clkbuf_16)
     4    0.009645    0.033028    0.113729    0.269675 ^ clkbuf_1_0__f_clk/X (sky130_fd_sc_hd__clkbuf_16)
                                                         clknet_1_0__leaf_clk (net)
                      0.033028    0.000050    0.269724 ^ _49_/CLK (sky130_fd_sc_hd__dfrtp_1)
                                  0.250000    0.519724   clock uncertainty
                                  0.000000    0.519724   clock reconvergence pessimism
                                  0.314373    0.834098   library removal time
                                              0.834098   data required time
---------------------------------------------------------------------------------------------
                                              0.834098   data required time
                                             -4.236390   data arrival time
---------------------------------------------------------------------------------------------
                                              3.402292   slack (MET)


Startpoint: rst (input port clocked by clk)
Endpoint: _47_ (removal check against rising-edge clock clk)
Path Group: asynchronous
Path Type: min

Fanout         Cap        Slew       Delay        Time   Description
---------------------------------------------------------------------------------------------
                                  0.000000    0.000000   clock clk (rise edge)
                                  0.000000    0.000000   clock network delay (propagated)
                                  4.000000    4.000000 v input external delay
     1    0.002670    0.008331    0.004194    4.004193 v rst (in)
                                                         rst (net)
                      0.008331    0.000000    4.004193 v input1/A (sky130_fd_sc_hd__clkbuf_4)
     8    0.037926    0.085958    0.172687    4.176880 v input1/X (sky130_fd_sc_hd__clkbuf_4)
                                                         net1 (net)
                      0.085958    0.000099    4.176980 v _39_/A (sky130_fd_sc_hd__inv_2)
     1    0.004043    0.034888    0.059985    4.236965 ^ _39_/Y (sky130_fd_sc_hd__inv_2)
                                                         _09_ (net)
                      0.034888    0.000011    4.236975 ^ _47_/RESET_B (sky130_fd_sc_hd__dfrtp_1)
                                              4.236975   data arrival time

                                  0.000000    0.000000   clock clk (rise edge)
                                  0.000000    0.000000   clock source latency
     1    0.009204    0.047862    0.031412    0.031412 ^ clk (in)
                                                         clk (net)
                      0.047862    0.000000    0.031412 ^ clkbuf_0_clk/A (sky130_fd_sc_hd__clkbuf_16)
     2    0.017860    0.040023    0.124461    0.155873 ^ clkbuf_0_clk/X (sky130_fd_sc_hd__clkbuf_16)
                                                         clknet_0_clk (net)
                      0.040024    0.000072    0.155946 ^ clkbuf_1_0__f_clk/A (sky130_fd_sc_hd__clkbuf_16)
     4    0.009645    0.033028    0.113729    0.269675 ^ clkbuf_1_0__f_clk/X (sky130_fd_sc_hd__clkbuf_16)
                                                         clknet_1_0__leaf_clk (net)
                      0.033028    0.000029    0.269704 ^ _47_/CLK (sky130_fd_sc_hd__dfrtp_1)
                                  0.250000    0.519704   clock uncertainty
                                  0.000000    0.519704   clock reconvergence pessimism
                                  0.314202    0.833907   library removal time
                                              0.833907   data required time
---------------------------------------------------------------------------------------------
                                              0.833907   data required time
                                             -4.236975   data arrival time
---------------------------------------------------------------------------------------------
                                              3.403069   slack (MET)


Startpoint: rst (input port clocked by clk)
Endpoint: _48_ (removal check against rising-edge clock clk)
Path Group: asynchronous
Path Type: min

Fanout         Cap        Slew       Delay        Time   Description
---------------------------------------------------------------------------------------------
                                  0.000000    0.000000   clock clk (rise edge)
                                  0.000000    0.000000   clock network delay (propagated)
                                  4.000000    4.000000 v input external delay
     1    0.002670    0.008331    0.004194    4.004193 v rst (in)
                                                         rst (net)
                      0.008331    0.000000    4.004193 v input1/A (sky130_fd_sc_hd__clkbuf_4)
     8    0.037926    0.085958    0.172687    4.176880 v input1/X (sky130_fd_sc_hd__clkbuf_4)
                                                         net1 (net)
                      0.085958    0.000078    4.176958 v _40_/A (sky130_fd_sc_hd__inv_2)
     1    0.004082    0.035038    0.060174    4.237132 ^ _40_/Y (sky130_fd_sc_hd__inv_2)
                                                         _10_ (net)
                      0.035038    0.000011    4.237143 ^ _48_/RESET_B (sky130_fd_sc_hd__dfrtp_1)
                                              4.237143   data arrival time

                                  0.000000    0.000000   clock clk (rise edge)
                                  0.000000    0.000000   clock source latency
     1    0.009204    0.047862    0.031412    0.031412 ^ clk (in)
                                                         clk (net)
                      0.047862    0.000000    0.031412 ^ clkbuf_0_clk/A (sky130_fd_sc_hd__clkbuf_16)
     2    0.017860    0.040023    0.124461    0.155873 ^ clkbuf_0_clk/X (sky130_fd_sc_hd__clkbuf_16)
                                                         clknet_0_clk (net)
                      0.040024    0.000072    0.155946 ^ clkbuf_1_0__f_clk/A (sky130_fd_sc_hd__clkbuf_16)
     4    0.009645    0.033028    0.113729    0.269675 ^ clkbuf_1_0__f_clk/X (sky130_fd_sc_hd__clkbuf_16)
                                                         clknet_1_0__leaf_clk (net)
                      0.033028    0.000020    0.269695 ^ _48_/CLK (sky130_fd_sc_hd__dfrtp_1)
                                  0.250000    0.519695   clock uncertainty
                                  0.000000    0.519695   clock reconvergence pessimism
                                  0.314244    0.833939   library removal time
                                              0.833939   data required time
---------------------------------------------------------------------------------------------
                                              0.833939   data required time
                                             -4.237143   data arrival time
---------------------------------------------------------------------------------------------
                                              3.403204   slack (MET)


Startpoint: rst (input port clocked by clk)
Endpoint: _52_ (removal check against rising-edge clock clk)
Path Group: asynchronous
Path Type: min

Fanout         Cap        Slew       Delay        Time   Description
---------------------------------------------------------------------------------------------
                                  0.000000    0.000000   clock clk (rise edge)
                                  0.000000    0.000000   clock network delay (propagated)
                                  4.000000    4.000000 v input external delay
     1    0.002670    0.008331    0.004194    4.004193 v rst (in)
                                                         rst (net)
                      0.008331    0.000000    4.004193 v input1/A (sky130_fd_sc_hd__clkbuf_4)
     8    0.037926    0.085958    0.172687    4.176880 v input1/X (sky130_fd_sc_hd__clkbuf_4)
                                                         net1 (net)
                      0.085958    0.000092    4.176973 v _44_/A (sky130_fd_sc_hd__inv_2)
     1    0.004161    0.035337    0.060546    4.237518 ^ _44_/Y (sky130_fd_sc_hd__inv_2)
                                                         _14_ (net)
                      0.035337    0.000012    4.237531 ^ _52_/RESET_B (sky130_fd_sc_hd__dfrtp_1)
                                              4.237531   data arrival time

                                  0.000000    0.000000   clock clk (rise edge)
                                  0.000000    0.000000   clock source latency
     1    0.009204    0.047862    0.031412    0.031412 ^ clk (in)
                                                         clk (net)
                      0.047862    0.000000    0.031412 ^ clkbuf_0_clk/A (sky130_fd_sc_hd__clkbuf_16)
     2    0.017860    0.040023    0.124461    0.155873 ^ clkbuf_0_clk/X (sky130_fd_sc_hd__clkbuf_16)
                                                         clknet_0_clk (net)
                      0.040024    0.000059    0.155933 ^ clkbuf_1_1__f_clk/A (sky130_fd_sc_hd__clkbuf_16)
     4    0.009666    0.033045    0.113747    0.269679 ^ clkbuf_1_1__f_clk/X (sky130_fd_sc_hd__clkbuf_16)
                                                         clknet_1_1__leaf_clk (net)
                      0.033045    0.000038    0.269717 ^ _52_/CLK (sky130_fd_sc_hd__dfrtp_1)
                                  0.250000    0.519717   clock uncertainty
                                  0.000000    0.519717   clock reconvergence pessimism
                                  0.314331    0.834048   library removal time
                                              0.834048   data required time
---------------------------------------------------------------------------------------------
                                              0.834048   data required time
                                             -4.237531   data arrival time
---------------------------------------------------------------------------------------------
                                              3.403483   slack (MET)


Startpoint: rst (input port clocked by clk)
Endpoint: _51_ (removal check against rising-edge clock clk)
Path Group: asynchronous
Path Type: min

Fanout         Cap        Slew       Delay        Time   Description
---------------------------------------------------------------------------------------------
                                  0.000000    0.000000   clock clk (rise edge)
                                  0.000000    0.000000   clock network delay (propagated)
                                  4.000000    4.000000 v input external delay
     1    0.002670    0.008331    0.004194    4.004193 v rst (in)
                                                         rst (net)
                      0.008331    0.000000    4.004193 v input1/A (sky130_fd_sc_hd__clkbuf_4)
     8    0.037926    0.085958    0.172687    4.176880 v input1/X (sky130_fd_sc_hd__clkbuf_4)
                                                         net1 (net)
                      0.085958    0.000156    4.177036 v _43_/A (sky130_fd_sc_hd__inv_2)
     1    0.004222    0.035570    0.060836    4.237873 ^ _43_/Y (sky130_fd_sc_hd__inv_2)
                                                         _13_ (net)
                      0.035570    0.000012    4.237885 ^ _51_/RESET_B (sky130_fd_sc_hd__dfrtp_1)
                                              4.237885   data arrival time

                                  0.000000    0.000000   clock clk (rise edge)
                                  0.000000    0.000000   clock source latency
     1    0.009204    0.047862    0.031412    0.031412 ^ clk (in)
                                                         clk (net)
                      0.047862    0.000000    0.031412 ^ clkbuf_0_clk/A (sky130_fd_sc_hd__clkbuf_16)
     2    0.017860    0.040023    0.124461    0.155873 ^ clkbuf_0_clk/X (sky130_fd_sc_hd__clkbuf_16)
                                                         clknet_0_clk (net)
                      0.040024    0.000059    0.155933 ^ clkbuf_1_1__f_clk/A (sky130_fd_sc_hd__clkbuf_16)
     4    0.009666    0.033045    0.113747    0.269679 ^ clkbuf_1_1__f_clk/X (sky130_fd_sc_hd__clkbuf_16)
                                                         clknet_1_1__leaf_clk (net)
                      0.033045    0.000058    0.269738 ^ _51_/CLK (sky130_fd_sc_hd__dfrtp_1)
                                  0.250000    0.519738   clock uncertainty
                                  0.000000    0.519738   clock reconvergence pessimism
                                  0.314395    0.834133   library removal time
                                              0.834133   data required time
---------------------------------------------------------------------------------------------
                                              0.834133   data required time
                                             -4.237885   data arrival time
---------------------------------------------------------------------------------------------
                                              3.403752   slack (MET)


Startpoint: rst (input port clocked by clk)
Endpoint: _46_ (removal check against rising-edge clock clk)
Path Group: asynchronous
Path Type: min

Fanout         Cap        Slew       Delay        Time   Description
---------------------------------------------------------------------------------------------
                                  0.000000    0.000000   clock clk (rise edge)
                                  0.000000    0.000000   clock network delay (propagated)
                                  4.000000    4.000000 v input external delay
     1    0.002670    0.008331    0.004194    4.004193 v rst (in)
                                                         rst (net)
                      0.008331    0.000000    4.004193 v input1/A (sky130_fd_sc_hd__clkbuf_4)
     8    0.037926    0.085958    0.172687    4.176880 v input1/X (sky130_fd_sc_hd__clkbuf_4)
                                                         net1 (net)
                      0.085958    0.000166    4.177046 v _24_/A (sky130_fd_sc_hd__inv_2)
     1    0.004254    0.035694    0.060987    4.238034 ^ _24_/Y (sky130_fd_sc_hd__inv_2)
                                                         _08_ (net)
                      0.035694    0.000015    4.238048 ^ _46_/RESET_B (sky130_fd_sc_hd__dfrtp_1)
                                              4.238048   data arrival time

                                  0.000000    0.000000   clock clk (rise edge)
                                  0.000000    0.000000   clock source latency
     1    0.009204    0.047862    0.031412    0.031412 ^ clk (in)
                                                         clk (net)
                      0.047862    0.000000    0.031412 ^ clkbuf_0_clk/A (sky130_fd_sc_hd__clkbuf_16)
     2    0.017860    0.040023    0.124461    0.155873 ^ clkbuf_0_clk/X (sky130_fd_sc_hd__clkbuf_16)
                                                         clknet_0_clk (net)
                      0.040024    0.000072    0.155946 ^ clkbuf_1_0__f_clk/A (sky130_fd_sc_hd__clkbuf_16)
     4    0.009645    0.033028    0.113729    0.269675 ^ clkbuf_1_0__f_clk/X (sky130_fd_sc_hd__clkbuf_16)
                                                         clknet_1_0__leaf_clk (net)
                      0.033028    0.000048    0.269722 ^ _46_/CLK (sky130_fd_sc_hd__dfrtp_1)
                                  0.250000    0.519723   clock uncertainty
                                  0.000000    0.519723   clock reconvergence pessimism
                                  0.314424    0.834146   library removal time
                                              0.834146   data required time
---------------------------------------------------------------------------------------------
                                              0.834146   data required time
                                             -4.238048   data arrival time
---------------------------------------------------------------------------------------------
                                              3.403902   slack (MET)


Startpoint: rst (input port clocked by clk)
Endpoint: _53_ (removal check against rising-edge clock clk)
Path Group: asynchronous
Path Type: min

Fanout         Cap        Slew       Delay        Time   Description
---------------------------------------------------------------------------------------------
                                  0.000000    0.000000   clock clk (rise edge)
                                  0.000000    0.000000   clock network delay (propagated)
                                  4.000000    4.000000 v input external delay
     1    0.002670    0.008331    0.004194    4.004193 v rst (in)
                                                         rst (net)
                      0.008331    0.000000    4.004193 v input1/A (sky130_fd_sc_hd__clkbuf_4)
     8    0.037926    0.085958    0.172687    4.176880 v input1/X (sky130_fd_sc_hd__clkbuf_4)
                                                         net1 (net)
                      0.085958    0.000066    4.176946 v _45_/A (sky130_fd_sc_hd__inv_2)
     1    0.004323    0.035962    0.061315    4.238261 ^ _45_/Y (sky130_fd_sc_hd__inv_2)
                                                         _15_ (net)
                      0.035962    0.000019    4.238280 ^ _53_/RESET_B (sky130_fd_sc_hd__dfrtp_1)
                                              4.238280   data arrival time

                                  0.000000    0.000000   clock clk (rise edge)
                                  0.000000    0.000000   clock source latency
     1    0.009204    0.047862    0.031412    0.031412 ^ clk (in)
                                                         clk (net)
                      0.047862    0.000000    0.031412 ^ clkbuf_0_clk/A (sky130_fd_sc_hd__clkbuf_16)
     2    0.017860    0.040023    0.124461    0.155873 ^ clkbuf_0_clk/X (sky130_fd_sc_hd__clkbuf_16)
                                                         clknet_0_clk (net)
                      0.040024    0.000059    0.155933 ^ clkbuf_1_1__f_clk/A (sky130_fd_sc_hd__clkbuf_16)
     4    0.009666    0.033045    0.113747    0.269679 ^ clkbuf_1_1__f_clk/X (sky130_fd_sc_hd__clkbuf_16)
                                                         clknet_1_1__leaf_clk (net)
                      0.033045    0.000034    0.269713 ^ _53_/CLK (sky130_fd_sc_hd__dfrtp_1)
                                  0.250000    0.519713   clock uncertainty
                                  0.000000    0.519713   clock reconvergence pessimism
                                  0.314503    0.834216   library removal time
                                              0.834216   data required time
---------------------------------------------------------------------------------------------
                                              0.834216   data required time
                                             -4.238280   data arrival time
---------------------------------------------------------------------------------------------
                                              3.404064   slack (MET)


Startpoint: rst (input port clocked by clk)
Endpoint: _50_ (removal check against rising-edge clock clk)
Path Group: asynchronous
Path Type: min

Fanout         Cap        Slew       Delay        Time   Description
---------------------------------------------------------------------------------------------
                                  0.000000    0.000000   clock clk (rise edge)
                                  0.000000    0.000000   clock network delay (propagated)
                                  4.000000    4.000000 v input external delay
     1    0.002670    0.008331    0.004194    4.004193 v rst (in)
                                                         rst (net)
                      0.008331    0.000000    4.004193 v input1/A (sky130_fd_sc_hd__clkbuf_4)
     8    0.037926    0.085958    0.172687    4.176880 v input1/X (sky130_fd_sc_hd__clkbuf_4)
                                                         net1 (net)
                      0.085958    0.000131    4.177011 v _42_/A (sky130_fd_sc_hd__inv_2)
     1    0.004719    0.037314    0.062732    4.239742 ^ _42_/Y (sky130_fd_sc_hd__inv_2)
                                                         _12_ (net)
                      0.037314    0.000026    4.239769 ^ _50_/RESET_B (sky130_fd_sc_hd__dfrtp_1)
                                              4.239769   data arrival time

                                  0.000000    0.000000   clock clk (rise edge)
                                  0.000000    0.000000   clock source latency
     1    0.009204    0.047862    0.031412    0.031412 ^ clk (in)
                                                         clk (net)
                      0.047862    0.000000    0.031412 ^ clkbuf_0_clk/A (sky130_fd_sc_hd__clkbuf_16)
     2    0.017860    0.040023    0.124461    0.155873 ^ clkbuf_0_clk/X (sky130_fd_sc_hd__clkbuf_16)
                                                         clknet_0_clk (net)
                      0.040024    0.000059    0.155933 ^ clkbuf_1_1__f_clk/A (sky130_fd_sc_hd__clkbuf_16)
     4    0.009666    0.033045    0.113747    0.269679 ^ clkbuf_1_1__f_clk/X (sky130_fd_sc_hd__clkbuf_16)
                                                         clknet_1_1__leaf_clk (net)
                      0.033045    0.000056    0.269735 ^ _50_/CLK (sky130_fd_sc_hd__dfrtp_1)
                                  0.250000    0.519735   clock uncertainty
                                  0.000000    0.519735   clock reconvergence pessimism
                                  0.314875    0.834610   library removal time
                                              0.834610   data required time
---------------------------------------------------------------------------------------------
                                              0.834610   data required time
                                             -4.239769   data arrival time
---------------------------------------------------------------------------------------------
                                              3.405159   slack (MET)


Startpoint: _51_ (rising edge-triggered flip-flop clocked by clk)
Endpoint: q[5] (output port clocked by clk)
Path Group: clk
Path Type: min

Fanout         Cap        Slew       Delay        Time   Description
---------------------------------------------------------------------------------------------
                                  0.000000    0.000000   clock clk (rise edge)
                                  0.000000    0.000000   clock source latency
     1    0.009204    0.047862    0.031412    0.031412 ^ clk (in)
                                                         clk (net)
                      0.047862    0.000000    0.031412 ^ clkbuf_0_clk/A (sky130_fd_sc_hd__clkbuf_16)
     2    0.017860    0.040023    0.124461    0.155873 ^ clkbuf_0_clk/X (sky130_fd_sc_hd__clkbuf_16)
                                                         clknet_0_clk (net)
                      0.040024    0.000059    0.155933 ^ clkbuf_1_1__f_clk/A (sky130_fd_sc_hd__clkbuf_16)
     4    0.009666    0.033045    0.113747    0.269679 ^ clkbuf_1_1__f_clk/X (sky130_fd_sc_hd__clkbuf_16)
                                                         clknet_1_1__leaf_clk (net)
                      0.033045    0.000058    0.269738 ^ _51_/CLK (sky130_fd_sc_hd__dfrtp_1)
     3    0.006559    0.076154    0.335969    0.605707 ^ _51_/Q (sky130_fd_sc_hd__dfrtp_1)
                                                         net7 (net)
                      0.076154    0.000012    0.605719 ^ output7/A (sky130_fd_sc_hd__buf_2)
     1    0.033989    0.168906    0.209046    0.814765 ^ output7/X (sky130_fd_sc_hd__buf_2)
                                                         q[5] (net)
                      0.168906    0.000083    0.814848 ^ q[5] (out)
                                              0.814848   data arrival time

                                  0.000000    0.000000   clock clk (rise edge)
                                  0.000000    0.000000   clock network delay (propagated)
                                  0.250000    0.250000   clock uncertainty
                                  0.000000    0.250000   clock reconvergence pessimism
                                 -4.000000   -3.750000   output external delay
                                             -3.750000   data required time
---------------------------------------------------------------------------------------------
                                             -3.750000   data required time
                                             -0.814848   data arrival time
---------------------------------------------------------------------------------------------
                                              4.564848   slack (MET)


Startpoint: _48_ (rising edge-triggered flip-flop clocked by clk)
Endpoint: q[2] (output port clocked by clk)
Path Group: clk
Path Type: min

Fanout         Cap        Slew       Delay        Time   Description
---------------------------------------------------------------------------------------------
                                  0.000000    0.000000   clock clk (rise edge)
                                  0.000000    0.000000   clock source latency
     1    0.009204    0.047862    0.031412    0.031412 ^ clk (in)
                                                         clk (net)
                      0.047862    0.000000    0.031412 ^ clkbuf_0_clk/A (sky130_fd_sc_hd__clkbuf_16)
     2    0.017860    0.040023    0.124461    0.155873 ^ clkbuf_0_clk/X (sky130_fd_sc_hd__clkbuf_16)
                                                         clknet_0_clk (net)
                      0.040024    0.000072    0.155946 ^ clkbuf_1_0__f_clk/A (sky130_fd_sc_hd__clkbuf_16)
     4    0.009645    0.033028    0.113729    0.269675 ^ clkbuf_1_0__f_clk/X (sky130_fd_sc_hd__clkbuf_16)
                                                         clknet_1_0__leaf_clk (net)
                      0.033028    0.000020    0.269695 ^ _48_/CLK (sky130_fd_sc_hd__dfrtp_1)
     3    0.006850    0.078426    0.337930    0.607625 ^ _48_/Q (sky130_fd_sc_hd__dfrtp_1)
                                                         net4 (net)
                      0.078426    0.000021    0.607646 ^ output4/A (sky130_fd_sc_hd__buf_2)
     1    0.034220    0.170008    0.210617    0.818263 ^ output4/X (sky130_fd_sc_hd__buf_2)
                                                         q[2] (net)
                      0.170008    0.000131    0.818394 ^ q[2] (out)
                                              0.818394   data arrival time

                                  0.000000    0.000000   clock clk (rise edge)
                                  0.000000    0.000000   clock network delay (propagated)
                                  0.250000    0.250000   clock uncertainty
                                  0.000000    0.250000   clock reconvergence pessimism
                                 -4.000000   -3.750000   output external delay
                                             -3.750000   data required time
---------------------------------------------------------------------------------------------
                                             -3.750000   data required time
                                             -0.818394   data arrival time
---------------------------------------------------------------------------------------------
                                              4.568394   slack (MET)


Startpoint: _52_ (rising edge-triggered flip-flop clocked by clk)
Endpoint: q[6] (output port clocked by clk)
Path Group: clk
Path Type: min

Fanout         Cap        Slew       Delay        Time   Description
---------------------------------------------------------------------------------------------
                                  0.000000    0.000000   clock clk (rise edge)
                                  0.000000    0.000000   clock source latency
     1    0.009204    0.047862    0.031412    0.031412 ^ clk (in)
                                                         clk (net)
                      0.047862    0.000000    0.031412 ^ clkbuf_0_clk/A (sky130_fd_sc_hd__clkbuf_16)
     2    0.017860    0.040023    0.124461    0.155873 ^ clkbuf_0_clk/X (sky130_fd_sc_hd__clkbuf_16)
                                                         clknet_0_clk (net)
                      0.040024    0.000059    0.155933 ^ clkbuf_1_1__f_clk/A (sky130_fd_sc_hd__clkbuf_16)
     4    0.009666    0.033045    0.113747    0.269679 ^ clkbuf_1_1__f_clk/X (sky130_fd_sc_hd__clkbuf_16)
                                                         clknet_1_1__leaf_clk (net)
                      0.033045    0.000038    0.269717 ^ _52_/CLK (sky130_fd_sc_hd__dfrtp_1)
     3    0.007045    0.079942    0.339251    0.608968 ^ _52_/Q (sky130_fd_sc_hd__dfrtp_1)
                                                         net8 (net)
                      0.079942    0.000017    0.608985 ^ output8/A (sky130_fd_sc_hd__buf_2)
     1    0.034336    0.170559    0.211557    0.820542 ^ output8/X (sky130_fd_sc_hd__buf_2)
                                                         q[6] (net)
                      0.170559    0.000136    0.820678 ^ q[6] (out)
                                              0.820678   data arrival time

                                  0.000000    0.000000   clock clk (rise edge)
                                  0.000000    0.000000   clock network delay (propagated)
                                  0.250000    0.250000   clock uncertainty
                                  0.000000    0.250000   clock reconvergence pessimism
                                 -4.000000   -3.750000   output external delay
                                             -3.750000   data required time
---------------------------------------------------------------------------------------------
                                             -3.750000   data required time
                                             -0.820678   data arrival time
---------------------------------------------------------------------------------------------
                                              4.570678   slack (MET)


Startpoint: _53_ (rising edge-triggered flip-flop clocked by clk)
Endpoint: q[7] (output port clocked by clk)
Path Group: clk
Path Type: min

Fanout         Cap        Slew       Delay        Time   Description
---------------------------------------------------------------------------------------------
                                  0.000000    0.000000   clock clk (rise edge)
                                  0.000000    0.000000   clock source latency
     1    0.009204    0.047862    0.031412    0.031412 ^ clk (in)
                                                         clk (net)
                      0.047862    0.000000    0.031412 ^ clkbuf_0_clk/A (sky130_fd_sc_hd__clkbuf_16)
     2    0.017860    0.040023    0.124461    0.155873 ^ clkbuf_0_clk/X (sky130_fd_sc_hd__clkbuf_16)
                                                         clknet_0_clk (net)
                      0.040024    0.000059    0.155933 ^ clkbuf_1_1__f_clk/A (sky130_fd_sc_hd__clkbuf_16)
     4    0.009666    0.033045    0.113747    0.269679 ^ clkbuf_1_1__f_clk/X (sky130_fd_sc_hd__clkbuf_16)
                                                         clknet_1_1__leaf_clk (net)
                      0.033045    0.000034    0.269713 ^ _53_/CLK (sky130_fd_sc_hd__dfrtp_1)
     2    0.007125    0.080564    0.339789    0.609502 ^ _53_/Q (sky130_fd_sc_hd__dfrtp_1)
                                                         net9 (net)
                      0.080564    0.000011    0.609513 ^ output9/A (sky130_fd_sc_hd__buf_2)
     1    0.034163    0.169754    0.211223    0.820737 ^ output9/X (sky130_fd_sc_hd__buf_2)
                                                         q[7] (net)
                      0.169754    0.000121    0.820858 ^ q[7] (out)
                                              0.820858   data arrival time

                                  0.000000    0.000000   clock clk (rise edge)
                                  0.000000    0.000000   clock network delay (propagated)
                                  0.250000    0.250000   clock uncertainty
                                  0.000000    0.250000   clock reconvergence pessimism
                                 -4.000000   -3.750000   output external delay
                                             -3.750000   data required time
---------------------------------------------------------------------------------------------
                                             -3.750000   data required time
                                             -0.820858   data arrival time
---------------------------------------------------------------------------------------------
                                              4.570858   slack (MET)


Startpoint: _50_ (rising edge-triggered flip-flop clocked by clk)
Endpoint: q[4] (output port clocked by clk)
Path Group: clk
Path Type: min

Fanout         Cap        Slew       Delay        Time   Description
---------------------------------------------------------------------------------------------
                                  0.000000    0.000000   clock clk (rise edge)
                                  0.000000    0.000000   clock source latency
     1    0.009204    0.047862    0.031412    0.031412 ^ clk (in)
                                                         clk (net)
                      0.047862    0.000000    0.031412 ^ clkbuf_0_clk/A (sky130_fd_sc_hd__clkbuf_16)
     2    0.017860    0.040023    0.124461    0.155873 ^ clkbuf_0_clk/X (sky130_fd_sc_hd__clkbuf_16)
                                                         clknet_0_clk (net)
                      0.040024    0.000059    0.155933 ^ clkbuf_1_1__f_clk/A (sky130_fd_sc_hd__clkbuf_16)
     4    0.009666    0.033045    0.113747    0.269679 ^ clkbuf_1_1__f_clk/X (sky130_fd_sc_hd__clkbuf_16)
                                                         clknet_1_1__leaf_clk (net)
                      0.033045    0.000056    0.269735 ^ _50_/CLK (sky130_fd_sc_hd__dfrtp_1)
     4    0.010746    0.076336    0.390410    0.660145 v _50_/Q (sky130_fd_sc_hd__dfrtp_1)
                                                         net6 (net)
                      0.076336    0.000023    0.660168 v output6/A (sky130_fd_sc_hd__buf_2)
     1    0.033953    0.088534    0.194041    0.854209 v output6/X (sky130_fd_sc_hd__buf_2)
                                                         q[4] (net)
                      0.088534    0.000074    0.854284 v q[4] (out)
                                              0.854284   data arrival time

                                  0.000000    0.000000   clock clk (rise edge)
                                  0.000000    0.000000   clock network delay (propagated)
                                  0.250000    0.250000   clock uncertainty
                                  0.000000    0.250000   clock reconvergence pessimism
                                 -4.000000   -3.750000   output external delay
                                             -3.750000   data required time
---------------------------------------------------------------------------------------------
                                             -3.750000   data required time
                                             -0.854284   data arrival time
---------------------------------------------------------------------------------------------
                                              4.604283   slack (MET)


Startpoint: _47_ (rising edge-triggered flip-flop clocked by clk)
Endpoint: q[1] (output port clocked by clk)
Path Group: clk
Path Type: min

Fanout         Cap        Slew       Delay        Time   Description
---------------------------------------------------------------------------------------------
                                  0.000000    0.000000   clock clk (rise edge)
                                  0.000000    0.000000   clock source latency
     1    0.009204    0.047862    0.031412    0.031412 ^ clk (in)
                                                         clk (net)
                      0.047862    0.000000    0.031412 ^ clkbuf_0_clk/A (sky130_fd_sc_hd__clkbuf_16)
     2    0.017860    0.040023    0.124461    0.155873 ^ clkbuf_0_clk/X (sky130_fd_sc_hd__clkbuf_16)
                                                         clknet_0_clk (net)
                      0.040024    0.000072    0.155946 ^ clkbuf_1_0__f_clk/A (sky130_fd_sc_hd__clkbuf_16)
     4    0.009645    0.033028    0.113729    0.269675 ^ clkbuf_1_0__f_clk/X (sky130_fd_sc_hd__clkbuf_16)
                                                         clknet_1_0__leaf_clk (net)
                      0.033028    0.000029    0.269704 ^ _47_/CLK (sky130_fd_sc_hd__dfrtp_1)
     4    0.011098    0.075439    0.391802    0.661507 v _47_/Q (sky130_fd_sc_hd__dfrtp_1)
                                                         net3 (net)
                      0.075439    0.000025    0.661532 v output3/A (sky130_fd_sc_hd__buf_2)
     1    0.034111    0.088888    0.193900    0.855432 v output3/X (sky130_fd_sc_hd__buf_2)
                                                         q[1] (net)
                      0.088888    0.000109    0.855541 v q[1] (out)
                                              0.855541   data arrival time

                                  0.000000    0.000000   clock clk (rise edge)
                                  0.000000    0.000000   clock network delay (propagated)
                                  0.250000    0.250000   clock uncertainty
                                  0.000000    0.250000   clock reconvergence pessimism
                                 -4.000000   -3.750000   output external delay
                                             -3.750000   data required time
---------------------------------------------------------------------------------------------
                                             -3.750000   data required time
                                             -0.855541   data arrival time
---------------------------------------------------------------------------------------------
                                              4.605541   slack (MET)


Startpoint: _49_ (rising edge-triggered flip-flop clocked by clk)
Endpoint: q[3] (output port clocked by clk)
Path Group: clk
Path Type: min

Fanout         Cap        Slew       Delay        Time   Description
---------------------------------------------------------------------------------------------
                                  0.000000    0.000000   clock clk (rise edge)
                                  0.000000    0.000000   clock source latency
     1    0.009204    0.047862    0.031412    0.031412 ^ clk (in)
                                                         clk (net)
                      0.047862    0.000000    0.031412 ^ clkbuf_0_clk/A (sky130_fd_sc_hd__clkbuf_16)
     2    0.017860    0.040023    0.124461    0.155873 ^ clkbuf_0_clk/X (sky130_fd_sc_hd__clkbuf_16)
                                                         clknet_0_clk (net)
                      0.040024    0.000072    0.155946 ^ clkbuf_1_0__f_clk/A (sky130_fd_sc_hd__clkbuf_16)
     4    0.009645    0.033028    0.113729    0.269675 ^ clkbuf_1_0__f_clk/X (sky130_fd_sc_hd__clkbuf_16)
                                                         clknet_1_0__leaf_clk (net)
                      0.033028    0.000050    0.269724 ^ _49_/CLK (sky130_fd_sc_hd__dfrtp_1)
     5    0.012529    0.081608    0.397585    0.667310 v _49_/Q (sky130_fd_sc_hd__dfrtp_1)
                                                         net5 (net)
                      0.081608    0.000059    0.667368 v output5/A (sky130_fd_sc_hd__buf_2)
     1    0.034093    0.088856    0.196675    0.864044 v output5/X (sky130_fd_sc_hd__buf_2)
                                                         q[3] (net)
                      0.088856    0.000107    0.864151 v q[3] (out)
                                              0.864151   data arrival time

                                  0.000000    0.000000   clock clk (rise edge)
                                  0.000000    0.000000   clock network delay (propagated)
                                  0.250000    0.250000   clock uncertainty
                                  0.000000    0.250000   clock reconvergence pessimism
                                 -4.000000   -3.750000   output external delay
                                             -3.750000   data required time
---------------------------------------------------------------------------------------------
                                             -3.750000   data required time
                                             -0.864151   data arrival time
---------------------------------------------------------------------------------------------
                                              4.614151   slack (MET)


Startpoint: _46_ (rising edge-triggered flip-flop clocked by clk)
Endpoint: q[0] (output port clocked by clk)
Path Group: clk
Path Type: min

Fanout         Cap        Slew       Delay        Time   Description
---------------------------------------------------------------------------------------------
                                  0.000000    0.000000   clock clk (rise edge)
                                  0.000000    0.000000   clock source latency
     1    0.009204    0.047862    0.031412    0.031412 ^ clk (in)
                                                         clk (net)
                      0.047862    0.000000    0.031412 ^ clkbuf_0_clk/A (sky130_fd_sc_hd__clkbuf_16)
     2    0.017860    0.040023    0.124461    0.155873 ^ clkbuf_0_clk/X (sky130_fd_sc_hd__clkbuf_16)
                                                         clknet_0_clk (net)
                      0.040024    0.000072    0.155946 ^ clkbuf_1_0__f_clk/A (sky130_fd_sc_hd__clkbuf_16)
     4    0.009645    0.033028    0.113729    0.269675 ^ clkbuf_1_0__f_clk/X (sky130_fd_sc_hd__clkbuf_16)
                                                         clknet_1_0__leaf_clk (net)
                      0.033028    0.000048    0.269722 ^ _46_/CLK (sky130_fd_sc_hd__dfrtp_1)
     5    0.014968    0.093989    0.407498    0.677220 v _46_/Q (sky130_fd_sc_hd__dfrtp_1)
                                                         net2 (net)
                      0.093989    0.000030    0.677251 v output2/A (sky130_fd_sc_hd__buf_2)
     1    0.034522    0.089853    0.202999    0.880250 v output2/X (sky130_fd_sc_hd__buf_2)
                                                         q[0] (net)
                      0.089853    0.000244    0.880493 v q[0] (out)
                                              0.880493   data arrival time

                                  0.000000    0.000000   clock clk (rise edge)
                                  0.000000    0.000000   clock network delay (propagated)
                                  0.250000    0.250000   clock uncertainty
                                  0.000000    0.250000   clock reconvergence pessimism
                                 -4.000000   -3.750000   output external delay
                                             -3.750000   data required time
---------------------------------------------------------------------------------------------
                                             -3.750000   data required time
                                             -0.880493   data arrival time
---------------------------------------------------------------------------------------------
                                              4.630493   slack (MET)



