
===========================================================================
report_checks -path_delay min (Hold)
============================================================================
======================= max_ss_100C_1v60 Corner ===================================

Startpoint: _49_ (rising edge-triggered flip-flop clocked by clk)
Endpoint: _50_ (rising edge-triggered flip-flop clocked by clk)
Path Group: clk
Path Type: min

Fanout         Cap        Slew       Delay        Time   Description
---------------------------------------------------------------------------------------------
                                  0.000000    0.000000   clock clk (rise edge)
                                  0.000000    0.000000   clock source latency
     1    0.009996    0.081127    0.052520    0.052520 ^ clk (in)
                                                         clk (net)
                      0.081130    0.000000    0.052520 ^ clkbuf_0_clk/A (sky130_fd_sc_hd__clkbuf_16)
     2    0.020938    0.068603    0.227582    0.280102 ^ clkbuf_0_clk/X (sky130_fd_sc_hd__clkbuf_16)
                                                         clknet_0_clk (net)
                      0.068625    0.001314    0.281416 ^ clkbuf_1_0__f_clk/A (sky130_fd_sc_hd__clkbuf_16)
     4    0.012093    0.057582    0.209611    0.491028 ^ clkbuf_1_0__f_clk/X (sky130_fd_sc_hd__clkbuf_16)
                                                         clknet_1_0__leaf_clk (net)
                      0.057583    0.000840    0.491868 ^ _49_/CLK (sky130_fd_sc_hd__dfrtp_1)
     5    0.011291    0.150485    0.808828    1.300695 v _49_/Q (sky130_fd_sc_hd__dfrtp_1)
                                                         net5 (net)
                      0.150488    0.000788    1.301483 v _29_/A (sky130_fd_sc_hd__nand2_1)
     1    0.005776    0.107167    0.156571    1.458054 ^ _29_/Y (sky130_fd_sc_hd__nand2_1)
                                                         _18_ (net)
                      0.107167    0.000429    1.458483 ^ _32_/B (sky130_fd_sc_hd__xnor2_1)
     1    0.002079    0.062595    0.121570    1.580053 v _32_/Y (sky130_fd_sc_hd__xnor2_1)
                                                         _04_ (net)
                      0.062595    0.000150    1.580202 v _50_/D (sky130_fd_sc_hd__dfrtp_1)
                                              1.580202   data arrival time

                                  0.000000    0.000000   clock clk (rise edge)
                                  0.000000    0.000000   clock source latency
     1    0.009996    0.081127    0.052520    0.052520 ^ clk (in)
                                                         clk (net)
                      0.081130    0.000000    0.052520 ^ clkbuf_0_clk/A (sky130_fd_sc_hd__clkbuf_16)
     2    0.020938    0.068603    0.227582    0.280102 ^ clkbuf_0_clk/X (sky130_fd_sc_hd__clkbuf_16)
                                                         clknet_0_clk (net)
                      0.068625    0.001285    0.281388 ^ clkbuf_1_1__f_clk/A (sky130_fd_sc_hd__clkbuf_16)
     4    0.011441    0.056763    0.208684    0.490072 ^ clkbuf_1_1__f_clk/X (sky130_fd_sc_hd__clkbuf_16)
                                                         clknet_1_1__leaf_clk (net)
                      0.056765    0.000834    0.490906 ^ _50_/CLK (sky130_fd_sc_hd__dfrtp_1)
                                  0.250000    0.740906   clock uncertainty
                                  0.000000    0.740906   clock reconvergence pessimism
                                 -0.097703    0.643203   library hold time
                                              0.643203   data required time
---------------------------------------------------------------------------------------------
                                              0.643203   data required time
                                             -1.580202   data arrival time
---------------------------------------------------------------------------------------------
                                              0.936999   slack (MET)


Startpoint: _52_ (rising edge-triggered flip-flop clocked by clk)
Endpoint: _52_ (rising edge-triggered flip-flop clocked by clk)
Path Group: clk
Path Type: min

Fanout         Cap        Slew       Delay        Time   Description
---------------------------------------------------------------------------------------------
                                  0.000000    0.000000   clock clk (rise edge)
                                  0.000000    0.000000   clock source latency
     1    0.009996    0.081127    0.052520    0.052520 ^ clk (in)
                                                         clk (net)
                      0.081130    0.000000    0.052520 ^ clkbuf_0_clk/A (sky130_fd_sc_hd__clkbuf_16)
     2    0.020938    0.068603    0.227582    0.280102 ^ clkbuf_0_clk/X (sky130_fd_sc_hd__clkbuf_16)
                                                         clknet_0_clk (net)
                      0.068625    0.001285    0.281388 ^ clkbuf_1_1__f_clk/A (sky130_fd_sc_hd__clkbuf_16)
     4    0.011441    0.056763    0.208684    0.490072 ^ clkbuf_1_1__f_clk/X (sky130_fd_sc_hd__clkbuf_16)
                                                         clknet_1_1__leaf_clk (net)
                      0.056764    0.000698    0.490770 ^ _52_/CLK (sky130_fd_sc_hd__dfrtp_1)
     3    0.008351    0.145210    0.692652    1.183422 ^ _52_/Q (sky130_fd_sc_hd__dfrtp_1)
                                                         net8 (net)
                      0.145210    0.000286    1.183707 ^ _35_/A (sky130_fd_sc_hd__and3_1)
     2    0.008753    0.165593    0.377367    1.561074 ^ _35_/X (sky130_fd_sc_hd__and3_1)
                                                         _21_ (net)
                      0.165593    0.000567    1.561641 ^ _37_/A (sky130_fd_sc_hd__nor2_1)
     1    0.003483    0.062537    0.125298    1.686939 v _37_/Y (sky130_fd_sc_hd__nor2_1)
                                                         _06_ (net)
                      0.062537    0.000216    1.687155 v _52_/D (sky130_fd_sc_hd__dfrtp_1)
                                              1.687155   data arrival time

                                  0.000000    0.000000   clock clk (rise edge)
                                  0.000000    0.000000   clock source latency
     1    0.009996    0.081127    0.052520    0.052520 ^ clk (in)
                                                         clk (net)
                      0.081130    0.000000    0.052520 ^ clkbuf_0_clk/A (sky130_fd_sc_hd__clkbuf_16)
     2    0.020938    0.068603    0.227582    0.280102 ^ clkbuf_0_clk/X (sky130_fd_sc_hd__clkbuf_16)
                                                         clknet_0_clk (net)
                      0.068625    0.001285    0.281388 ^ clkbuf_1_1__f_clk/A (sky130_fd_sc_hd__clkbuf_16)
     4    0.011441    0.056763    0.208684    0.490072 ^ clkbuf_1_1__f_clk/X (sky130_fd_sc_hd__clkbuf_16)
                                                         clknet_1_1__leaf_clk (net)
                      0.056764    0.000698    0.490770 ^ _52_/CLK (sky130_fd_sc_hd__dfrtp_1)
                                  0.250000    0.740770   clock uncertainty
                                  0.000000    0.740770   clock reconvergence pessimism
                                 -0.097682    0.643088   library hold time
                                              0.643088   data required time
---------------------------------------------------------------------------------------------
                                              0.643088   data required time
                                             -1.687155   data arrival time
---------------------------------------------------------------------------------------------
                                              1.044067   slack (MET)


Startpoint: _52_ (rising edge-triggered flip-flop clocked by clk)
Endpoint: _53_ (rising edge-triggered flip-flop clocked by clk)
Path Group: clk
Path Type: min

Fanout         Cap        Slew       Delay        Time   Description
---------------------------------------------------------------------------------------------
                                  0.000000    0.000000   clock clk (rise edge)
                                  0.000000    0.000000   clock source latency
     1    0.009996    0.081127    0.052520    0.052520 ^ clk (in)
                                                         clk (net)
                      0.081130    0.000000    0.052520 ^ clkbuf_0_clk/A (sky130_fd_sc_hd__clkbuf_16)
     2    0.020938    0.068603    0.227582    0.280102 ^ clkbuf_0_clk/X (sky130_fd_sc_hd__clkbuf_16)
                                                         clknet_0_clk (net)
                      0.068625    0.001285    0.281388 ^ clkbuf_1_1__f_clk/A (sky130_fd_sc_hd__clkbuf_16)
     4    0.011441    0.056763    0.208684    0.490072 ^ clkbuf_1_1__f_clk/X (sky130_fd_sc_hd__clkbuf_16)
                                                         clknet_1_1__leaf_clk (net)
                      0.056764    0.000698    0.490770 ^ _52_/CLK (sky130_fd_sc_hd__dfrtp_1)
     3    0.008351    0.145210    0.692652    1.183422 ^ _52_/Q (sky130_fd_sc_hd__dfrtp_1)
                                                         net8 (net)
                      0.145210    0.000286    1.183707 ^ _35_/A (sky130_fd_sc_hd__and3_1)
     2    0.008753    0.165593    0.377367    1.561074 ^ _35_/X (sky130_fd_sc_hd__and3_1)
                                                         _21_ (net)
                      0.165593    0.000602    1.561676 ^ _38_/B (sky130_fd_sc_hd__xor2_1)
     1    0.002533    0.065602    0.154871    1.716548 v _38_/X (sky130_fd_sc_hd__xor2_1)
                                                         _07_ (net)
                      0.065602    0.000182    1.716729 v _53_/D (sky130_fd_sc_hd__dfrtp_1)
                                              1.716729   data arrival time

                                  0.000000    0.000000   clock clk (rise edge)
                                  0.000000    0.000000   clock source latency
     1    0.009996    0.081127    0.052520    0.052520 ^ clk (in)
                                                         clk (net)
                      0.081130    0.000000    0.052520 ^ clkbuf_0_clk/A (sky130_fd_sc_hd__clkbuf_16)
     2    0.020938    0.068603    0.227582    0.280102 ^ clkbuf_0_clk/X (sky130_fd_sc_hd__clkbuf_16)
                                                         clknet_0_clk (net)
                      0.068625    0.001285    0.281388 ^ clkbuf_1_1__f_clk/A (sky130_fd_sc_hd__clkbuf_16)
     4    0.011441    0.056763    0.208684    0.490072 ^ clkbuf_1_1__f_clk/X (sky130_fd_sc_hd__clkbuf_16)
                                                         clknet_1_1__leaf_clk (net)
                      0.056764    0.000572    0.490644 ^ _53_/CLK (sky130_fd_sc_hd__dfrtp_1)
                                  0.250000    0.740644   clock uncertainty
                                  0.000000    0.740644   clock reconvergence pessimism
                                 -0.098819    0.641825   library hold time
                                              0.641825   data required time
---------------------------------------------------------------------------------------------
                                              0.641825   data required time
                                             -1.716729   data arrival time
---------------------------------------------------------------------------------------------
                                              1.074905   slack (MET)


Startpoint: _49_ (rising edge-triggered flip-flop clocked by clk)
Endpoint: _51_ (rising edge-triggered flip-flop clocked by clk)
Path Group: clk
Path Type: min

Fanout         Cap        Slew       Delay        Time   Description
---------------------------------------------------------------------------------------------
                                  0.000000    0.000000   clock clk (rise edge)
                                  0.000000    0.000000   clock source latency
     1    0.009996    0.081127    0.052520    0.052520 ^ clk (in)
                                                         clk (net)
                      0.081130    0.000000    0.052520 ^ clkbuf_0_clk/A (sky130_fd_sc_hd__clkbuf_16)
     2    0.020938    0.068603    0.227582    0.280102 ^ clkbuf_0_clk/X (sky130_fd_sc_hd__clkbuf_16)
                                                         clknet_0_clk (net)
                      0.068625    0.001314    0.281416 ^ clkbuf_1_0__f_clk/A (sky130_fd_sc_hd__clkbuf_16)
     4    0.012093    0.057582    0.209611    0.491028 ^ clkbuf_1_0__f_clk/X (sky130_fd_sc_hd__clkbuf_16)
                                                         clknet_1_0__leaf_clk (net)
                      0.057583    0.000840    0.491868 ^ _49_/CLK (sky130_fd_sc_hd__dfrtp_1)
     5    0.011704    0.187280    0.728171    1.220038 ^ _49_/Q (sky130_fd_sc_hd__dfrtp_1)
                                                         net5 (net)
                      0.187280    0.000703    1.220741 ^ _31_/A (sky130_fd_sc_hd__and3_1)
     1    0.002438    0.082039    0.314391    1.535133 ^ _31_/X (sky130_fd_sc_hd__and3_1)
                                                         _19_ (net)
                      0.082039    0.000148    1.535281 ^ _34_/B1 (sky130_fd_sc_hd__o2bb2a_1)
     1    0.002392    0.072171    0.266316    1.801597 ^ _34_/X (sky130_fd_sc_hd__o2bb2a_1)
                                                         _05_ (net)
                      0.072171    0.000161    1.801759 ^ _51_/D (sky130_fd_sc_hd__dfrtp_1)
                                              1.801759   data arrival time

                                  0.000000    0.000000   clock clk (rise edge)
                                  0.000000    0.000000   clock source latency
     1    0.009996    0.081127    0.052520    0.052520 ^ clk (in)
                                                         clk (net)
                      0.081130    0.000000    0.052520 ^ clkbuf_0_clk/A (sky130_fd_sc_hd__clkbuf_16)
     2    0.020938    0.068603    0.227582    0.280102 ^ clkbuf_0_clk/X (sky130_fd_sc_hd__clkbuf_16)
                                                         clknet_0_clk (net)
                      0.068625    0.001285    0.281388 ^ clkbuf_1_1__f_clk/A (sky130_fd_sc_hd__clkbuf_16)
     4    0.011441    0.056763    0.208684    0.490072 ^ clkbuf_1_1__f_clk/X (sky130_fd_sc_hd__clkbuf_16)
                                                         clknet_1_1__leaf_clk (net)
                      0.056764    0.000768    0.490840 ^ _51_/CLK (sky130_fd_sc_hd__dfrtp_1)
                                  0.250000    0.740840   clock uncertainty
                                  0.000000    0.740840   clock reconvergence pessimism
                                 -0.079608    0.661233   library hold time
                                              0.661233   data required time
---------------------------------------------------------------------------------------------
                                              0.661233   data required time
                                             -1.801759   data arrival time
---------------------------------------------------------------------------------------------
                                              1.140526   slack (MET)


Startpoint: _48_ (rising edge-triggered flip-flop clocked by clk)
Endpoint: _48_ (rising edge-triggered flip-flop clocked by clk)
Path Group: clk
Path Type: min

Fanout         Cap        Slew       Delay        Time   Description
---------------------------------------------------------------------------------------------
                                  0.000000    0.000000   clock clk (rise edge)
                                  0.000000    0.000000   clock source latency
     1    0.009996    0.081127    0.052520    0.052520 ^ clk (in)
                                                         clk (net)
                      0.081130    0.000000    0.052520 ^ clkbuf_0_clk/A (sky130_fd_sc_hd__clkbuf_16)
     2    0.020938    0.068603    0.227582    0.280102 ^ clkbuf_0_clk/X (sky130_fd_sc_hd__clkbuf_16)
                                                         clknet_0_clk (net)
                      0.068625    0.001314    0.281416 ^ clkbuf_1_0__f_clk/A (sky130_fd_sc_hd__clkbuf_16)
     4    0.012093    0.057582    0.209611    0.491028 ^ clkbuf_1_0__f_clk/X (sky130_fd_sc_hd__clkbuf_16)
                                                         clknet_1_0__leaf_clk (net)
                      0.057582    0.000582    0.491609 ^ _48_/CLK (sky130_fd_sc_hd__dfrtp_1)
     3    0.009843    0.163807    0.708654    1.200264 ^ _48_/Q (sky130_fd_sc_hd__dfrtp_1)
                                                         net4 (net)
                      0.163807    0.000503    1.200767 ^ _26_/C (sky130_fd_sc_hd__and3_2)
     7    0.025280    0.236860    0.548305    1.749072 ^ _26_/X (sky130_fd_sc_hd__and3_2)
                                                         _16_ (net)
                      0.236889    0.002716    1.751788 ^ _28_/A (sky130_fd_sc_hd__nor2_1)
     1    0.002908    0.043578    0.149377    1.901165 v _28_/Y (sky130_fd_sc_hd__nor2_1)
                                                         _02_ (net)
                      0.043578    0.000120    1.901285 v _48_/D (sky130_fd_sc_hd__dfrtp_1)
                                              1.901285   data arrival time

                                  0.000000    0.000000   clock clk (rise edge)
                                  0.000000    0.000000   clock source latency
     1    0.009996    0.081127    0.052520    0.052520 ^ clk (in)
                                                         clk (net)
                      0.081130    0.000000    0.052520 ^ clkbuf_0_clk/A (sky130_fd_sc_hd__clkbuf_16)
     2    0.020938    0.068603    0.227582    0.280102 ^ clkbuf_0_clk/X (sky130_fd_sc_hd__clkbuf_16)
                                                         clknet_0_clk (net)
                      0.068625    0.001314    0.281416 ^ clkbuf_1_0__f_clk/A (sky130_fd_sc_hd__clkbuf_16)
     4    0.012093    0.057582    0.209611    0.491028 ^ clkbuf_1_0__f_clk/X (sky130_fd_sc_hd__clkbuf_16)
                                                         clknet_1_0__leaf_clk (net)
                      0.057582    0.000582    0.491609 ^ _48_/CLK (sky130_fd_sc_hd__dfrtp_1)
                                  0.250000    0.741609   clock uncertainty
                                  0.000000    0.741609   clock reconvergence pessimism
                                 -0.090444    0.651165   library hold time
                                              0.651165   data required time
---------------------------------------------------------------------------------------------
                                              0.651165   data required time
                                             -1.901285   data arrival time
---------------------------------------------------------------------------------------------
                                              1.250119   slack (MET)


Startpoint: _48_ (rising edge-triggered flip-flop clocked by clk)
Endpoint: _49_ (rising edge-triggered flip-flop clocked by clk)
Path Group: clk
Path Type: min

Fanout         Cap        Slew       Delay        Time   Description
---------------------------------------------------------------------------------------------
                                  0.000000    0.000000   clock clk (rise edge)
                                  0.000000    0.000000   clock source latency
     1    0.009996    0.081127    0.052520    0.052520 ^ clk (in)
                                                         clk (net)
                      0.081130    0.000000    0.052520 ^ clkbuf_0_clk/A (sky130_fd_sc_hd__clkbuf_16)
     2    0.020938    0.068603    0.227582    0.280102 ^ clkbuf_0_clk/X (sky130_fd_sc_hd__clkbuf_16)
                                                         clknet_0_clk (net)
                      0.068625    0.001314    0.281416 ^ clkbuf_1_0__f_clk/A (sky130_fd_sc_hd__clkbuf_16)
     4    0.012093    0.057582    0.209611    0.491028 ^ clkbuf_1_0__f_clk/X (sky130_fd_sc_hd__clkbuf_16)
                                                         clknet_1_0__leaf_clk (net)
                      0.057582    0.000582    0.491609 ^ _48_/CLK (sky130_fd_sc_hd__dfrtp_1)
     3    0.009843    0.163807    0.708654    1.200264 ^ _48_/Q (sky130_fd_sc_hd__dfrtp_1)
                                                         net4 (net)
                      0.163807    0.000503    1.200767 ^ _26_/C (sky130_fd_sc_hd__and3_2)
     7    0.025280    0.236860    0.548305    1.749072 ^ _26_/X (sky130_fd_sc_hd__and3_2)
                                                         _16_ (net)
                      0.236895    0.002933    1.752006 ^ _30_/B (sky130_fd_sc_hd__xor2_1)
     1    0.002256    0.063502    0.179790    1.931796 v _30_/X (sky130_fd_sc_hd__xor2_1)
                                                         _03_ (net)
                      0.063502    0.000165    1.931960 v _49_/D (sky130_fd_sc_hd__dfrtp_1)
                                              1.931960   data arrival time

                                  0.000000    0.000000   clock clk (rise edge)
                                  0.000000    0.000000   clock source latency
     1    0.009996    0.081127    0.052520    0.052520 ^ clk (in)
                                                         clk (net)
                      0.081130    0.000000    0.052520 ^ clkbuf_0_clk/A (sky130_fd_sc_hd__clkbuf_16)
     2    0.020938    0.068603    0.227582    0.280102 ^ clkbuf_0_clk/X (sky130_fd_sc_hd__clkbuf_16)
                                                         clknet_0_clk (net)
                      0.068625    0.001314    0.281416 ^ clkbuf_1_0__f_clk/A (sky130_fd_sc_hd__clkbuf_16)
     4    0.012093    0.057582    0.209611    0.491028 ^ clkbuf_1_0__f_clk/X (sky130_fd_sc_hd__clkbuf_16)
                                                         clknet_1_0__leaf_clk (net)
                      0.057583    0.000840    0.491868 ^ _49_/CLK (sky130_fd_sc_hd__dfrtp_1)
                                  0.250000    0.741868   clock uncertainty
                                  0.000000    0.741868   clock reconvergence pessimism
                                 -0.097840    0.644027   library hold time
                                              0.644027   data required time
---------------------------------------------------------------------------------------------
                                              0.644027   data required time
                                             -1.931960   data arrival time
---------------------------------------------------------------------------------------------
                                              1.287933   slack (MET)


Startpoint: _47_ (rising edge-triggered flip-flop clocked by clk)
Endpoint: _47_ (rising edge-triggered flip-flop clocked by clk)
Path Group: clk
Path Type: min

Fanout         Cap        Slew       Delay        Time   Description
---------------------------------------------------------------------------------------------
                                  0.000000    0.000000   clock clk (rise edge)
                                  0.000000    0.000000   clock source latency
     1    0.009996    0.081127    0.052520    0.052520 ^ clk (in)
                                                         clk (net)
                      0.081130    0.000000    0.052520 ^ clkbuf_0_clk/A (sky130_fd_sc_hd__clkbuf_16)
     2    0.020938    0.068603    0.227582    0.280102 ^ clkbuf_0_clk/X (sky130_fd_sc_hd__clkbuf_16)
                                                         clknet_0_clk (net)
                      0.068625    0.001314    0.281416 ^ clkbuf_1_0__f_clk/A (sky130_fd_sc_hd__clkbuf_16)
     4    0.012093    0.057582    0.209611    0.491028 ^ clkbuf_1_0__f_clk/X (sky130_fd_sc_hd__clkbuf_16)
                                                         clknet_1_0__leaf_clk (net)
                      0.057583    0.000601    0.491629 ^ _47_/CLK (sky130_fd_sc_hd__dfrtp_1)
     4    0.012631    0.198961    0.738065    1.229694 ^ _47_/Q (sky130_fd_sc_hd__dfrtp_1)
                                                         net3 (net)
                      0.198961    0.000554    1.230249 ^ hold3/A (sky130_fd_sc_hd__dlygate4sd3_1)
     1    0.005990    0.134659    1.135510    2.365759 ^ hold3/X (sky130_fd_sc_hd__dlygate4sd3_1)
                                                         net12 (net)
                      0.134659    0.000471    2.366230 ^ _25_/B (sky130_fd_sc_hd__xor2_1)
     1    0.002146    0.062735    0.137528    2.503758 v _25_/X (sky130_fd_sc_hd__xor2_1)
                                                         _01_ (net)
                      0.062735    0.000101    2.503859 v _47_/D (sky130_fd_sc_hd__dfrtp_1)
                                              2.503859   data arrival time

                                  0.000000    0.000000   clock clk (rise edge)
                                  0.000000    0.000000   clock source latency
     1    0.009996    0.081127    0.052520    0.052520 ^ clk (in)
                                                         clk (net)
                      0.081130    0.000000    0.052520 ^ clkbuf_0_clk/A (sky130_fd_sc_hd__clkbuf_16)
     2    0.020938    0.068603    0.227582    0.280102 ^ clkbuf_0_clk/X (sky130_fd_sc_hd__clkbuf_16)
                                                         clknet_0_clk (net)
                      0.068625    0.001314    0.281416 ^ clkbuf_1_0__f_clk/A (sky130_fd_sc_hd__clkbuf_16)
     4    0.012093    0.057582    0.209611    0.491028 ^ clkbuf_1_0__f_clk/X (sky130_fd_sc_hd__clkbuf_16)
                                                         clknet_1_0__leaf_clk (net)
                      0.057583    0.000601    0.491629 ^ _47_/CLK (sky130_fd_sc_hd__dfrtp_1)
                                  0.250000    0.741629   clock uncertainty
                                  0.000000    0.741629   clock reconvergence pessimism
                                 -0.097556    0.644073   library hold time
                                              0.644073   data required time
---------------------------------------------------------------------------------------------
                                              0.644073   data required time
                                             -2.503859   data arrival time
---------------------------------------------------------------------------------------------
                                              1.859785   slack (MET)


Startpoint: _46_ (rising edge-triggered flip-flop clocked by clk)
Endpoint: _46_ (rising edge-triggered flip-flop clocked by clk)
Path Group: clk
Path Type: min

Fanout         Cap        Slew       Delay        Time   Description
---------------------------------------------------------------------------------------------
                                  0.000000    0.000000   clock clk (rise edge)
                                  0.000000    0.000000   clock source latency
     1    0.009996    0.081127    0.052520    0.052520 ^ clk (in)
                                                         clk (net)
                      0.081130    0.000000    0.052520 ^ clkbuf_0_clk/A (sky130_fd_sc_hd__clkbuf_16)
     2    0.020938    0.068603    0.227582    0.280102 ^ clkbuf_0_clk/X (sky130_fd_sc_hd__clkbuf_16)
                                                         clknet_0_clk (net)
                      0.068625    0.001314    0.281416 ^ clkbuf_1_0__f_clk/A (sky130_fd_sc_hd__clkbuf_16)
     4    0.012093    0.057582    0.209611    0.491028 ^ clkbuf_1_0__f_clk/X (sky130_fd_sc_hd__clkbuf_16)
                                                         clknet_1_0__leaf_clk (net)
                      0.057583    0.000746    0.491774 ^ _46_/CLK (sky130_fd_sc_hd__dfrtp_1)
     4    0.012111    0.192402    0.732502    1.224276 ^ _46_/Q (sky130_fd_sc_hd__dfrtp_1)
                                                         net2 (net)
                      0.192402    0.000654    1.224930 ^ hold2/A (sky130_fd_sc_hd__dlygate4sd3_1)
     2    0.011502    0.210611    1.198894    2.423823 ^ hold2/X (sky130_fd_sc_hd__dlygate4sd3_1)
                                                         net11 (net)
                      0.210611    0.000749    2.424573 ^ _23_/A (sky130_fd_sc_hd__inv_2)
     1    0.002828    0.046058    0.095434    2.520007 v _23_/Y (sky130_fd_sc_hd__inv_2)
                                                         _00_ (net)
                      0.046058    0.000183    2.520190 v _46_/D (sky130_fd_sc_hd__dfrtp_1)
                                              2.520190   data arrival time

                                  0.000000    0.000000   clock clk (rise edge)
                                  0.000000    0.000000   clock source latency
     1    0.009996    0.081127    0.052520    0.052520 ^ clk (in)
                                                         clk (net)
                      0.081130    0.000000    0.052520 ^ clkbuf_0_clk/A (sky130_fd_sc_hd__clkbuf_16)
     2    0.020938    0.068603    0.227582    0.280102 ^ clkbuf_0_clk/X (sky130_fd_sc_hd__clkbuf_16)
                                                         clknet_0_clk (net)
                      0.068625    0.001314    0.281416 ^ clkbuf_1_0__f_clk/A (sky130_fd_sc_hd__clkbuf_16)
     4    0.012093    0.057582    0.209611    0.491028 ^ clkbuf_1_0__f_clk/X (sky130_fd_sc_hd__clkbuf_16)
                                                         clknet_1_0__leaf_clk (net)
                      0.057583    0.000746    0.491774 ^ _46_/CLK (sky130_fd_sc_hd__dfrtp_1)
                                  0.250000    0.741774   clock uncertainty
                                  0.000000    0.741774   clock reconvergence pessimism
                                 -0.091365    0.650409   library hold time
                                              0.650409   data required time
---------------------------------------------------------------------------------------------
                                              0.650409   data required time
                                             -2.520190   data arrival time
---------------------------------------------------------------------------------------------
                                              1.869781   slack (MET)


Startpoint: rst (input port clocked by clk)
Endpoint: _49_ (removal check against rising-edge clock clk)
Path Group: asynchronous
Path Type: min

Fanout         Cap        Slew       Delay        Time   Description
---------------------------------------------------------------------------------------------
                                  0.000000    0.000000   clock clk (rise edge)
                                  0.000000    0.000000   clock network delay (propagated)
                                  4.000000    4.000000 v input external delay
     1    0.003365    0.020638    0.011062    4.011062 v rst (in)
                                                         rst (net)
                      0.020639    0.000000    4.011062 v input1/A (sky130_fd_sc_hd__clkbuf_4)
     8    0.044498    0.170897    0.326315    4.337377 v input1/X (sky130_fd_sc_hd__clkbuf_4)
                                                         net1 (net)
                      0.170954    0.002943    4.340319 v _41_/A (sky130_fd_sc_hd__inv_2)
     1    0.003571    0.059120    0.107901    4.448220 ^ _41_/Y (sky130_fd_sc_hd__inv_2)
                                                         _11_ (net)
                      0.059120    0.000187    4.448407 ^ _49_/RESET_B (sky130_fd_sc_hd__dfrtp_1)
                                              4.448407   data arrival time

                                  0.000000    0.000000   clock clk (rise edge)
                                  0.000000    0.000000   clock source latency
     1    0.009996    0.081127    0.052520    0.052520 ^ clk (in)
                                                         clk (net)
                      0.081130    0.000000    0.052520 ^ clkbuf_0_clk/A (sky130_fd_sc_hd__clkbuf_16)
     2    0.020938    0.068603    0.227582    0.280102 ^ clkbuf_0_clk/X (sky130_fd_sc_hd__clkbuf_16)
                                                         clknet_0_clk (net)
                      0.068625    0.001314    0.281416 ^ clkbuf_1_0__f_clk/A (sky130_fd_sc_hd__clkbuf_16)
     4    0.012093    0.057582    0.209611    0.491028 ^ clkbuf_1_0__f_clk/X (sky130_fd_sc_hd__clkbuf_16)
                                                         clknet_1_0__leaf_clk (net)
                      0.057583    0.000840    0.491868 ^ _49_/CLK (sky130_fd_sc_hd__dfrtp_1)
                                  0.250000    0.741868   clock uncertainty
                                  0.000000    0.741868   clock reconvergence pessimism
                                  0.650365    1.392233   library removal time
                                              1.392233   data required time
---------------------------------------------------------------------------------------------
                                              1.392233   data required time
                                             -4.448407   data arrival time
---------------------------------------------------------------------------------------------
                                              3.056175   slack (MET)


Startpoint: rst (input port clocked by clk)
Endpoint: _48_ (removal check against rising-edge clock clk)
Path Group: asynchronous
Path Type: min

Fanout         Cap        Slew       Delay        Time   Description
---------------------------------------------------------------------------------------------
                                  0.000000    0.000000   clock clk (rise edge)
                                  0.000000    0.000000   clock network delay (propagated)
                                  4.000000    4.000000 v input external delay
     1    0.003365    0.020638    0.011062    4.011062 v rst (in)
                                                         rst (net)
                      0.020639    0.000000    4.011062 v input1/A (sky130_fd_sc_hd__clkbuf_4)
     8    0.044498    0.170897    0.326315    4.337377 v input1/X (sky130_fd_sc_hd__clkbuf_4)
                                                         net1 (net)
                      0.170938    0.002562    4.339939 v _40_/A (sky130_fd_sc_hd__inv_2)
     1    0.004627    0.065406    0.116293    4.456232 ^ _40_/Y (sky130_fd_sc_hd__inv_2)
                                                         _10_ (net)
                      0.065406    0.000128    4.456359 ^ _48_/RESET_B (sky130_fd_sc_hd__dfrtp_1)
                                              4.456359   data arrival time

                                  0.000000    0.000000   clock clk (rise edge)
                                  0.000000    0.000000   clock source latency
     1    0.009996    0.081127    0.052520    0.052520 ^ clk (in)
                                                         clk (net)
                      0.081130    0.000000    0.052520 ^ clkbuf_0_clk/A (sky130_fd_sc_hd__clkbuf_16)
     2    0.020938    0.068603    0.227582    0.280102 ^ clkbuf_0_clk/X (sky130_fd_sc_hd__clkbuf_16)
                                                         clknet_0_clk (net)
                      0.068625    0.001314    0.281416 ^ clkbuf_1_0__f_clk/A (sky130_fd_sc_hd__clkbuf_16)
     4    0.012093    0.057582    0.209611    0.491028 ^ clkbuf_1_0__f_clk/X (sky130_fd_sc_hd__clkbuf_16)
                                                         clknet_1_0__leaf_clk (net)
                      0.057582    0.000582    0.491609 ^ _48_/CLK (sky130_fd_sc_hd__dfrtp_1)
                                  0.250000    0.741609   clock uncertainty
                                  0.000000    0.741609   clock reconvergence pessimism
                                  0.652296    1.393906   library removal time
                                              1.393906   data required time
---------------------------------------------------------------------------------------------
                                              1.393906   data required time
                                             -4.456359   data arrival time
---------------------------------------------------------------------------------------------
                                              3.062454   slack (MET)


Startpoint: rst (input port clocked by clk)
Endpoint: _51_ (removal check against rising-edge clock clk)
Path Group: asynchronous
Path Type: min

Fanout         Cap        Slew       Delay        Time   Description
---------------------------------------------------------------------------------------------
                                  0.000000    0.000000   clock clk (rise edge)
                                  0.000000    0.000000   clock network delay (propagated)
                                  4.000000    4.000000 v input external delay
     1    0.003365    0.020638    0.011062    4.011062 v rst (in)
                                                         rst (net)
                      0.020639    0.000000    4.011062 v input1/A (sky130_fd_sc_hd__clkbuf_4)
     8    0.044498    0.170897    0.326315    4.337377 v input1/X (sky130_fd_sc_hd__clkbuf_4)
                                                         net1 (net)
                      0.170927    0.002254    4.339631 v _43_/A (sky130_fd_sc_hd__inv_2)
     1    0.004671    0.065678    0.116590    4.456221 ^ _43_/Y (sky130_fd_sc_hd__inv_2)
                                                         _13_ (net)
                      0.065678    0.000247    4.456468 ^ _51_/RESET_B (sky130_fd_sc_hd__dfrtp_1)
                                              4.456468   data arrival time

                                  0.000000    0.000000   clock clk (rise edge)
                                  0.000000    0.000000   clock source latency
     1    0.009996    0.081127    0.052520    0.052520 ^ clk (in)
                                                         clk (net)
                      0.081130    0.000000    0.052520 ^ clkbuf_0_clk/A (sky130_fd_sc_hd__clkbuf_16)
     2    0.020938    0.068603    0.227582    0.280102 ^ clkbuf_0_clk/X (sky130_fd_sc_hd__clkbuf_16)
                                                         clknet_0_clk (net)
                      0.068625    0.001285    0.281388 ^ clkbuf_1_1__f_clk/A (sky130_fd_sc_hd__clkbuf_16)
     4    0.011441    0.056763    0.208684    0.490072 ^ clkbuf_1_1__f_clk/X (sky130_fd_sc_hd__clkbuf_16)
                                                         clknet_1_1__leaf_clk (net)
                      0.056764    0.000768    0.490840 ^ _51_/CLK (sky130_fd_sc_hd__dfrtp_1)
                                  0.250000    0.740840   clock uncertainty
                                  0.000000    0.740840   clock reconvergence pessimism
                                  0.652133    1.392974   library removal time
                                              1.392974   data required time
---------------------------------------------------------------------------------------------
                                              1.392974   data required time
                                             -4.456468   data arrival time
---------------------------------------------------------------------------------------------
                                              3.063494   slack (MET)


Startpoint: rst (input port clocked by clk)
Endpoint: _46_ (removal check against rising-edge clock clk)
Path Group: asynchronous
Path Type: min

Fanout         Cap        Slew       Delay        Time   Description
---------------------------------------------------------------------------------------------
                                  0.000000    0.000000   clock clk (rise edge)
                                  0.000000    0.000000   clock network delay (propagated)
                                  4.000000    4.000000 v input external delay
     1    0.003365    0.020638    0.011062    4.011062 v rst (in)
                                                         rst (net)
                      0.020639    0.000000    4.011062 v input1/A (sky130_fd_sc_hd__clkbuf_4)
     8    0.044498    0.170897    0.326315    4.337377 v input1/X (sky130_fd_sc_hd__clkbuf_4)
                                                         net1 (net)
                      0.170952    0.002914    4.340290 v _24_/A (sky130_fd_sc_hd__inv_2)
     1    0.004796    0.066388    0.117574    4.457863 ^ _24_/Y (sky130_fd_sc_hd__inv_2)
                                                         _08_ (net)
                      0.066388    0.000269    4.458132 ^ _46_/RESET_B (sky130_fd_sc_hd__dfrtp_1)
                                              4.458132   data arrival time

                                  0.000000    0.000000   clock clk (rise edge)
                                  0.000000    0.000000   clock source latency
     1    0.009996    0.081127    0.052520    0.052520 ^ clk (in)
                                                         clk (net)
                      0.081130    0.000000    0.052520 ^ clkbuf_0_clk/A (sky130_fd_sc_hd__clkbuf_16)
     2    0.020938    0.068603    0.227582    0.280102 ^ clkbuf_0_clk/X (sky130_fd_sc_hd__clkbuf_16)
                                                         clknet_0_clk (net)
                      0.068625    0.001314    0.281416 ^ clkbuf_1_0__f_clk/A (sky130_fd_sc_hd__clkbuf_16)
     4    0.012093    0.057582    0.209611    0.491028 ^ clkbuf_1_0__f_clk/X (sky130_fd_sc_hd__clkbuf_16)
                                                         clknet_1_0__leaf_clk (net)
                      0.057583    0.000746    0.491774 ^ _46_/CLK (sky130_fd_sc_hd__dfrtp_1)
                                  0.250000    0.741774   clock uncertainty
                                  0.000000    0.741774   clock reconvergence pessimism
                                  0.652598    1.394372   library removal time
                                              1.394372   data required time
---------------------------------------------------------------------------------------------
                                              1.394372   data required time
                                             -4.458132   data arrival time
---------------------------------------------------------------------------------------------
                                              3.063760   slack (MET)


Startpoint: rst (input port clocked by clk)
Endpoint: _50_ (removal check against rising-edge clock clk)
Path Group: asynchronous
Path Type: min

Fanout         Cap        Slew       Delay        Time   Description
---------------------------------------------------------------------------------------------
                                  0.000000    0.000000   clock clk (rise edge)
                                  0.000000    0.000000   clock network delay (propagated)
                                  4.000000    4.000000 v input external delay
     1    0.003365    0.020638    0.011062    4.011062 v rst (in)
                                                         rst (net)
                      0.020639    0.000000    4.011062 v input1/A (sky130_fd_sc_hd__clkbuf_4)
     8    0.044498    0.170897    0.326315    4.337377 v input1/X (sky130_fd_sc_hd__clkbuf_4)
                                                         net1 (net)
                      0.170967    0.003224    4.340600 v _42_/A (sky130_fd_sc_hd__inv_2)
     1    0.005607    0.071667    0.123983    4.464583 ^ _42_/Y (sky130_fd_sc_hd__inv_2)
                                                         _12_ (net)
                      0.071668    0.000347    4.464931 ^ _50_/RESET_B (sky130_fd_sc_hd__dfrtp_1)
                                              4.464931   data arrival time

                                  0.000000    0.000000   clock clk (rise edge)
                                  0.000000    0.000000   clock source latency
     1    0.009996    0.081127    0.052520    0.052520 ^ clk (in)
                                                         clk (net)
                      0.081130    0.000000    0.052520 ^ clkbuf_0_clk/A (sky130_fd_sc_hd__clkbuf_16)
     2    0.020938    0.068603    0.227582    0.280102 ^ clkbuf_0_clk/X (sky130_fd_sc_hd__clkbuf_16)
                                                         clknet_0_clk (net)
                      0.068625    0.001285    0.281388 ^ clkbuf_1_1__f_clk/A (sky130_fd_sc_hd__clkbuf_16)
     4    0.011441    0.056763    0.208684    0.490072 ^ clkbuf_1_1__f_clk/X (sky130_fd_sc_hd__clkbuf_16)
                                                         clknet_1_1__leaf_clk (net)
                      0.056765    0.000834    0.490906 ^ _50_/CLK (sky130_fd_sc_hd__dfrtp_1)
                                  0.250000    0.740906   clock uncertainty
                                  0.000000    0.740906   clock reconvergence pessimism
                                  0.653974    1.394880   library removal time
                                              1.394880   data required time
---------------------------------------------------------------------------------------------
                                              1.394880   data required time
                                             -4.464931   data arrival time
---------------------------------------------------------------------------------------------
                                              3.070051   slack (MET)


Startpoint: rst (input port clocked by clk)
Endpoint: _47_ (removal check against rising-edge clock clk)
Path Group: asynchronous
Path Type: min

Fanout         Cap        Slew       Delay        Time   Description
---------------------------------------------------------------------------------------------
                                  0.000000    0.000000   clock clk (rise edge)
                                  0.000000    0.000000   clock network delay (propagated)
                                  4.000000    4.000000 v input external delay
     1    0.003365    0.020638    0.011062    4.011062 v rst (in)
                                                         rst (net)
                      0.020639    0.000000    4.011062 v input1/A (sky130_fd_sc_hd__clkbuf_4)
     8    0.044498    0.170897    0.326315    4.337377 v input1/X (sky130_fd_sc_hd__clkbuf_4)
                                                         net1 (net)
                      0.170945    0.002731    4.340107 v _39_/A (sky130_fd_sc_hd__inv_2)
     1    0.006014    0.073800    0.126239    4.466347 ^ _39_/Y (sky130_fd_sc_hd__inv_2)
                                                         _09_ (net)
                      0.073800    0.000336    4.466682 ^ _47_/RESET_B (sky130_fd_sc_hd__dfrtp_1)
                                              4.466682   data arrival time

                                  0.000000    0.000000   clock clk (rise edge)
                                  0.000000    0.000000   clock source latency
     1    0.009996    0.081127    0.052520    0.052520 ^ clk (in)
                                                         clk (net)
                      0.081130    0.000000    0.052520 ^ clkbuf_0_clk/A (sky130_fd_sc_hd__clkbuf_16)
     2    0.020938    0.068603    0.227582    0.280102 ^ clkbuf_0_clk/X (sky130_fd_sc_hd__clkbuf_16)
                                                         clknet_0_clk (net)
                      0.068625    0.001314    0.281416 ^ clkbuf_1_0__f_clk/A (sky130_fd_sc_hd__clkbuf_16)
     4    0.012093    0.057582    0.209611    0.491028 ^ clkbuf_1_0__f_clk/X (sky130_fd_sc_hd__clkbuf_16)
                                                         clknet_1_0__leaf_clk (net)
                      0.057583    0.000601    0.491629 ^ _47_/CLK (sky130_fd_sc_hd__dfrtp_1)
                                  0.250000    0.741629   clock uncertainty
                                  0.000000    0.741629   clock reconvergence pessimism
                                  0.654876    1.396505   library removal time
                                              1.396505   data required time
---------------------------------------------------------------------------------------------
                                              1.396505   data required time
                                             -4.466682   data arrival time
---------------------------------------------------------------------------------------------
                                              3.070177   slack (MET)


Startpoint: rst (input port clocked by clk)
Endpoint: _53_ (removal check against rising-edge clock clk)
Path Group: asynchronous
Path Type: min

Fanout         Cap        Slew       Delay        Time   Description
---------------------------------------------------------------------------------------------
                                  0.000000    0.000000   clock clk (rise edge)
                                  0.000000    0.000000   clock network delay (propagated)
                                  4.000000    4.000000 v input external delay
     1    0.003365    0.020638    0.011062    4.011062 v rst (in)
                                                         rst (net)
                      0.020639    0.000000    4.011062 v input1/A (sky130_fd_sc_hd__clkbuf_4)
     8    0.044498    0.170897    0.326315    4.337377 v input1/X (sky130_fd_sc_hd__clkbuf_4)
                                                         net1 (net)
                      0.170948    0.002811    4.340187 v _45_/A (sky130_fd_sc_hd__inv_2)
     1    0.005894    0.073171    0.125558    4.465745 ^ _45_/Y (sky130_fd_sc_hd__inv_2)
                                                         _15_ (net)
                      0.073172    0.000398    4.466144 ^ _53_/RESET_B (sky130_fd_sc_hd__dfrtp_1)
                                              4.466144   data arrival time

                                  0.000000    0.000000   clock clk (rise edge)
                                  0.000000    0.000000   clock source latency
     1    0.009996    0.081127    0.052520    0.052520 ^ clk (in)
                                                         clk (net)
                      0.081130    0.000000    0.052520 ^ clkbuf_0_clk/A (sky130_fd_sc_hd__clkbuf_16)
     2    0.020938    0.068603    0.227582    0.280102 ^ clkbuf_0_clk/X (sky130_fd_sc_hd__clkbuf_16)
                                                         clknet_0_clk (net)
                      0.068625    0.001285    0.281388 ^ clkbuf_1_1__f_clk/A (sky130_fd_sc_hd__clkbuf_16)
     4    0.011441    0.056763    0.208684    0.490072 ^ clkbuf_1_1__f_clk/X (sky130_fd_sc_hd__clkbuf_16)
                                                         clknet_1_1__leaf_clk (net)
                      0.056764    0.000572    0.490644 ^ _53_/CLK (sky130_fd_sc_hd__dfrtp_1)
                                  0.250000    0.740644   clock uncertainty
                                  0.000000    0.740644   clock reconvergence pessimism
                                  0.654436    1.395080   library removal time
                                              1.395080   data required time
---------------------------------------------------------------------------------------------
                                              1.395080   data required time
                                             -4.466144   data arrival time
---------------------------------------------------------------------------------------------
                                              3.071064   slack (MET)


Startpoint: rst (input port clocked by clk)
Endpoint: _52_ (removal check against rising-edge clock clk)
Path Group: asynchronous
Path Type: min

Fanout         Cap        Slew       Delay        Time   Description
---------------------------------------------------------------------------------------------
                                  0.000000    0.000000   clock clk (rise edge)
                                  0.000000    0.000000   clock network delay (propagated)
                                  4.000000    4.000000 v input external delay
     1    0.003365    0.020638    0.011062    4.011062 v rst (in)
                                                         rst (net)
                      0.020639    0.000000    4.011062 v input1/A (sky130_fd_sc_hd__clkbuf_4)
     8    0.044498    0.170897    0.326315    4.337377 v input1/X (sky130_fd_sc_hd__clkbuf_4)
                                                         net1 (net)
                      0.170968    0.003250    4.340626 v _44_/A (sky130_fd_sc_hd__inv_2)
     1    0.007734    0.082967    0.135410    4.476037 ^ _44_/Y (sky130_fd_sc_hd__inv_2)
                                                         _14_ (net)
                      0.082972    0.000679    4.476715 ^ _52_/RESET_B (sky130_fd_sc_hd__dfrtp_1)
                                              4.476715   data arrival time

                                  0.000000    0.000000   clock clk (rise edge)
                                  0.000000    0.000000   clock source latency
     1    0.009996    0.081127    0.052520    0.052520 ^ clk (in)
                                                         clk (net)
                      0.081130    0.000000    0.052520 ^ clkbuf_0_clk/A (sky130_fd_sc_hd__clkbuf_16)
     2    0.020938    0.068603    0.227582    0.280102 ^ clkbuf_0_clk/X (sky130_fd_sc_hd__clkbuf_16)
                                                         clknet_0_clk (net)
                      0.068625    0.001285    0.281388 ^ clkbuf_1_1__f_clk/A (sky130_fd_sc_hd__clkbuf_16)
     4    0.011441    0.056763    0.208684    0.490072 ^ clkbuf_1_1__f_clk/X (sky130_fd_sc_hd__clkbuf_16)
                                                         clknet_1_1__leaf_clk (net)
                      0.056764    0.000698    0.490770 ^ _52_/CLK (sky130_fd_sc_hd__dfrtp_1)
                                  0.250000    0.740770   clock uncertainty
                                  0.000000    0.740770   clock reconvergence pessimism
                                  0.657448    1.398217   library removal time
                                              1.398217   data required time
---------------------------------------------------------------------------------------------
                                              1.398217   data required time
                                             -4.476715   data arrival time
---------------------------------------------------------------------------------------------
                                              3.078498   slack (MET)


Startpoint: _53_ (rising edge-triggered flip-flop clocked by clk)
Endpoint: q[7] (output port clocked by clk)
Path Group: clk
Path Type: min

Fanout         Cap        Slew       Delay        Time   Description
---------------------------------------------------------------------------------------------
                                  0.000000    0.000000   clock clk (rise edge)
                                  0.000000    0.000000   clock source latency
     1    0.009996    0.081127    0.052520    0.052520 ^ clk (in)
                                                         clk (net)
                      0.081130    0.000000    0.052520 ^ clkbuf_0_clk/A (sky130_fd_sc_hd__clkbuf_16)
     2    0.020938    0.068603    0.227582    0.280102 ^ clkbuf_0_clk/X (sky130_fd_sc_hd__clkbuf_16)
                                                         clknet_0_clk (net)
                      0.068625    0.001285    0.281388 ^ clkbuf_1_1__f_clk/A (sky130_fd_sc_hd__clkbuf_16)
     4    0.011441    0.056763    0.208684    0.490072 ^ clkbuf_1_1__f_clk/X (sky130_fd_sc_hd__clkbuf_16)
                                                         clknet_1_1__leaf_clk (net)
                      0.056764    0.000572    0.490644 ^ _53_/CLK (sky130_fd_sc_hd__dfrtp_1)
     2    0.004133    0.094403    0.646816    1.137460 ^ _53_/Q (sky130_fd_sc_hd__dfrtp_1)
                                                         net9 (net)
                      0.094403    0.000275    1.137735 ^ output9/A (sky130_fd_sc_hd__buf_2)
     1    0.034793    0.276302    0.356873    1.494609 ^ output9/X (sky130_fd_sc_hd__buf_2)
                                                         q[7] (net)
                      0.276308    0.001736    1.496344 ^ q[7] (out)
                                              1.496344   data arrival time

                                  0.000000    0.000000   clock clk (rise edge)
                                  0.000000    0.000000   clock network delay (propagated)
                                  0.250000    0.250000   clock uncertainty
                                  0.000000    0.250000   clock reconvergence pessimism
                                 -4.000000   -3.750000   output external delay
                                             -3.750000   data required time
---------------------------------------------------------------------------------------------
                                             -3.750000   data required time
                                             -1.496344   data arrival time
---------------------------------------------------------------------------------------------
                                              5.246345   slack (MET)


Startpoint: _52_ (rising edge-triggered flip-flop clocked by clk)
Endpoint: q[6] (output port clocked by clk)
Path Group: clk
Path Type: min

Fanout         Cap        Slew       Delay        Time   Description
---------------------------------------------------------------------------------------------
                                  0.000000    0.000000   clock clk (rise edge)
                                  0.000000    0.000000   clock source latency
     1    0.009996    0.081127    0.052520    0.052520 ^ clk (in)
                                                         clk (net)
                      0.081130    0.000000    0.052520 ^ clkbuf_0_clk/A (sky130_fd_sc_hd__clkbuf_16)
     2    0.020938    0.068603    0.227582    0.280102 ^ clkbuf_0_clk/X (sky130_fd_sc_hd__clkbuf_16)
                                                         clknet_0_clk (net)
                      0.068625    0.001285    0.281388 ^ clkbuf_1_1__f_clk/A (sky130_fd_sc_hd__clkbuf_16)
     4    0.011441    0.056763    0.208684    0.490072 ^ clkbuf_1_1__f_clk/X (sky130_fd_sc_hd__clkbuf_16)
                                                         clknet_1_1__leaf_clk (net)
                      0.056764    0.000698    0.490770 ^ _52_/CLK (sky130_fd_sc_hd__dfrtp_1)
     3    0.008351    0.145210    0.692652    1.183422 ^ _52_/Q (sky130_fd_sc_hd__dfrtp_1)
                                                         net8 (net)
                      0.145210    0.000344    1.183766 ^ output8/A (sky130_fd_sc_hd__buf_2)
     1    0.035309    0.280266    0.383295    1.567061 ^ output8/X (sky130_fd_sc_hd__buf_2)
                                                         q[6] (net)
                      0.280276    0.001963    1.569024 ^ q[6] (out)
                                              1.569024   data arrival time

                                  0.000000    0.000000   clock clk (rise edge)
                                  0.000000    0.000000   clock network delay (propagated)
                                  0.250000    0.250000   clock uncertainty
                                  0.000000    0.250000   clock reconvergence pessimism
                                 -4.000000   -3.750000   output external delay
                                             -3.750000   data required time
---------------------------------------------------------------------------------------------
                                             -3.750000   data required time
                                             -1.569024   data arrival time
---------------------------------------------------------------------------------------------
                                              5.319024   slack (MET)


Startpoint: _51_ (rising edge-triggered flip-flop clocked by clk)
Endpoint: q[5] (output port clocked by clk)
Path Group: clk
Path Type: min

Fanout         Cap        Slew       Delay        Time   Description
---------------------------------------------------------------------------------------------
                                  0.000000    0.000000   clock clk (rise edge)
                                  0.000000    0.000000   clock source latency
     1    0.009996    0.081127    0.052520    0.052520 ^ clk (in)
                                                         clk (net)
                      0.081130    0.000000    0.052520 ^ clkbuf_0_clk/A (sky130_fd_sc_hd__clkbuf_16)
     2    0.020938    0.068603    0.227582    0.280102 ^ clkbuf_0_clk/X (sky130_fd_sc_hd__clkbuf_16)
                                                         clknet_0_clk (net)
                      0.068625    0.001285    0.281388 ^ clkbuf_1_1__f_clk/A (sky130_fd_sc_hd__clkbuf_16)
     4    0.011441    0.056763    0.208684    0.490072 ^ clkbuf_1_1__f_clk/X (sky130_fd_sc_hd__clkbuf_16)
                                                         clknet_1_1__leaf_clk (net)
                      0.056764    0.000768    0.490840 ^ _51_/CLK (sky130_fd_sc_hd__dfrtp_1)
     3    0.009305    0.157068    0.702681    1.193521 ^ _51_/Q (sky130_fd_sc_hd__dfrtp_1)
                                                         net7 (net)
                      0.157068    0.000308    1.193829 ^ output7/A (sky130_fd_sc_hd__buf_2)
     1    0.033960    0.270204    0.381950    1.575779 ^ output7/X (sky130_fd_sc_hd__buf_2)
                                                         q[5] (net)
                      0.270209    0.001592    1.577370 ^ q[5] (out)
                                              1.577370   data arrival time

                                  0.000000    0.000000   clock clk (rise edge)
                                  0.000000    0.000000   clock network delay (propagated)
                                  0.250000    0.250000   clock uncertainty
                                  0.000000    0.250000   clock reconvergence pessimism
                                 -4.000000   -3.750000   output external delay
                                             -3.750000   data required time
---------------------------------------------------------------------------------------------
                                             -3.750000   data required time
                                             -1.577370   data arrival time
---------------------------------------------------------------------------------------------
                                              5.327370   slack (MET)


Startpoint: _48_ (rising edge-triggered flip-flop clocked by clk)
Endpoint: q[2] (output port clocked by clk)
Path Group: clk
Path Type: min

Fanout         Cap        Slew       Delay        Time   Description
---------------------------------------------------------------------------------------------
                                  0.000000    0.000000   clock clk (rise edge)
                                  0.000000    0.000000   clock source latency
     1    0.009996    0.081127    0.052520    0.052520 ^ clk (in)
                                                         clk (net)
                      0.081130    0.000000    0.052520 ^ clkbuf_0_clk/A (sky130_fd_sc_hd__clkbuf_16)
     2    0.020938    0.068603    0.227582    0.280102 ^ clkbuf_0_clk/X (sky130_fd_sc_hd__clkbuf_16)
                                                         clknet_0_clk (net)
                      0.068625    0.001314    0.281416 ^ clkbuf_1_0__f_clk/A (sky130_fd_sc_hd__clkbuf_16)
     4    0.012093    0.057582    0.209611    0.491028 ^ clkbuf_1_0__f_clk/X (sky130_fd_sc_hd__clkbuf_16)
                                                         clknet_1_0__leaf_clk (net)
                      0.057582    0.000582    0.491609 ^ _48_/CLK (sky130_fd_sc_hd__dfrtp_1)
     3    0.009843    0.163807    0.708654    1.200264 ^ _48_/Q (sky130_fd_sc_hd__dfrtp_1)
                                                         net4 (net)
                      0.163807    0.000578    1.200842 ^ output4/A (sky130_fd_sc_hd__buf_2)
     1    0.037863    0.299295    0.405542    1.606384 ^ output4/X (sky130_fd_sc_hd__buf_2)
                                                         q[2] (net)
                      0.299304    0.001997    1.608381 ^ q[2] (out)
                                              1.608381   data arrival time

                                  0.000000    0.000000   clock clk (rise edge)
                                  0.000000    0.000000   clock network delay (propagated)
                                  0.250000    0.250000   clock uncertainty
                                  0.000000    0.250000   clock reconvergence pessimism
                                 -4.000000   -3.750000   output external delay
                                             -3.750000   data required time
---------------------------------------------------------------------------------------------
                                             -3.750000   data required time
                                             -1.608381   data arrival time
---------------------------------------------------------------------------------------------
                                              5.358381   slack (MET)


Startpoint: _50_ (rising edge-triggered flip-flop clocked by clk)
Endpoint: q[4] (output port clocked by clk)
Path Group: clk
Path Type: min

Fanout         Cap        Slew       Delay        Time   Description
---------------------------------------------------------------------------------------------
                                  0.000000    0.000000   clock clk (rise edge)
                                  0.000000    0.000000   clock source latency
     1    0.009996    0.081127    0.052520    0.052520 ^ clk (in)
                                                         clk (net)
                      0.081130    0.000000    0.052520 ^ clkbuf_0_clk/A (sky130_fd_sc_hd__clkbuf_16)
     2    0.020938    0.068603    0.227582    0.280102 ^ clkbuf_0_clk/X (sky130_fd_sc_hd__clkbuf_16)
                                                         clknet_0_clk (net)
                      0.068625    0.001285    0.281388 ^ clkbuf_1_1__f_clk/A (sky130_fd_sc_hd__clkbuf_16)
     4    0.011441    0.056763    0.208684    0.490072 ^ clkbuf_1_1__f_clk/X (sky130_fd_sc_hd__clkbuf_16)
                                                         clknet_1_1__leaf_clk (net)
                      0.056765    0.000834    0.490906 ^ _50_/CLK (sky130_fd_sc_hd__dfrtp_1)
     4    0.011774    0.188106    0.728665    1.219571 ^ _50_/Q (sky130_fd_sc_hd__dfrtp_1)
                                                         net6 (net)
                      0.188106    0.000358    1.219929 ^ output6/A (sky130_fd_sc_hd__buf_2)
     1    0.034203    0.272092    0.397724    1.617653 ^ output6/X (sky130_fd_sc_hd__buf_2)
                                                         q[4] (net)
                      0.272099    0.001705    1.619357 ^ q[4] (out)
                                              1.619357   data arrival time

                                  0.000000    0.000000   clock clk (rise edge)
                                  0.000000    0.000000   clock network delay (propagated)
                                  0.250000    0.250000   clock uncertainty
                                  0.000000    0.250000   clock reconvergence pessimism
                                 -4.000000   -3.750000   output external delay
                                             -3.750000   data required time
---------------------------------------------------------------------------------------------
                                             -3.750000   data required time
                                             -1.619357   data arrival time
---------------------------------------------------------------------------------------------
                                              5.369358   slack (MET)


Startpoint: _49_ (rising edge-triggered flip-flop clocked by clk)
Endpoint: q[3] (output port clocked by clk)
Path Group: clk
Path Type: min

Fanout         Cap        Slew       Delay        Time   Description
---------------------------------------------------------------------------------------------
                                  0.000000    0.000000   clock clk (rise edge)
                                  0.000000    0.000000   clock source latency
     1    0.009996    0.081127    0.052520    0.052520 ^ clk (in)
                                                         clk (net)
                      0.081130    0.000000    0.052520 ^ clkbuf_0_clk/A (sky130_fd_sc_hd__clkbuf_16)
     2    0.020938    0.068603    0.227582    0.280102 ^ clkbuf_0_clk/X (sky130_fd_sc_hd__clkbuf_16)
                                                         clknet_0_clk (net)
                      0.068625    0.001314    0.281416 ^ clkbuf_1_0__f_clk/A (sky130_fd_sc_hd__clkbuf_16)
     4    0.012093    0.057582    0.209611    0.491028 ^ clkbuf_1_0__f_clk/X (sky130_fd_sc_hd__clkbuf_16)
                                                         clknet_1_0__leaf_clk (net)
                      0.057583    0.000840    0.491868 ^ _49_/CLK (sky130_fd_sc_hd__dfrtp_1)
     5    0.011704    0.187280    0.728171    1.220038 ^ _49_/Q (sky130_fd_sc_hd__dfrtp_1)
                                                         net5 (net)
                      0.187280    0.000722    1.220761 ^ output5/A (sky130_fd_sc_hd__buf_2)
     1    0.034258    0.272501    0.397613    1.618374 ^ output5/X (sky130_fd_sc_hd__buf_2)
                                                         q[3] (net)
                      0.272507    0.001727    1.620102 ^ q[3] (out)
                                              1.620102   data arrival time

                                  0.000000    0.000000   clock clk (rise edge)
                                  0.000000    0.000000   clock network delay (propagated)
                                  0.250000    0.250000   clock uncertainty
                                  0.000000    0.250000   clock reconvergence pessimism
                                 -4.000000   -3.750000   output external delay
                                             -3.750000   data required time
---------------------------------------------------------------------------------------------
                                             -3.750000   data required time
                                             -1.620102   data arrival time
---------------------------------------------------------------------------------------------
                                              5.370101   slack (MET)


Startpoint: _46_ (rising edge-triggered flip-flop clocked by clk)
Endpoint: q[0] (output port clocked by clk)
Path Group: clk
Path Type: min

Fanout         Cap        Slew       Delay        Time   Description
---------------------------------------------------------------------------------------------
                                  0.000000    0.000000   clock clk (rise edge)
                                  0.000000    0.000000   clock source latency
     1    0.009996    0.081127    0.052520    0.052520 ^ clk (in)
                                                         clk (net)
                      0.081130    0.000000    0.052520 ^ clkbuf_0_clk/A (sky130_fd_sc_hd__clkbuf_16)
     2    0.020938    0.068603    0.227582    0.280102 ^ clkbuf_0_clk/X (sky130_fd_sc_hd__clkbuf_16)
                                                         clknet_0_clk (net)
                      0.068625    0.001314    0.281416 ^ clkbuf_1_0__f_clk/A (sky130_fd_sc_hd__clkbuf_16)
     4    0.012093    0.057582    0.209611    0.491028 ^ clkbuf_1_0__f_clk/X (sky130_fd_sc_hd__clkbuf_16)
                                                         clknet_1_0__leaf_clk (net)
                      0.057583    0.000746    0.491774 ^ _46_/CLK (sky130_fd_sc_hd__dfrtp_1)
     4    0.012111    0.192402    0.732502    1.224276 ^ _46_/Q (sky130_fd_sc_hd__dfrtp_1)
                                                         net2 (net)
                      0.192402    0.000676    1.224953 ^ output2/A (sky130_fd_sc_hd__buf_2)
     1    0.034808    0.276592    0.402958    1.627910 ^ output2/X (sky130_fd_sc_hd__buf_2)
                                                         q[0] (net)
                      0.276599    0.001708    1.629618 ^ q[0] (out)
                                              1.629618   data arrival time

                                  0.000000    0.000000   clock clk (rise edge)
                                  0.000000    0.000000   clock network delay (propagated)
                                  0.250000    0.250000   clock uncertainty
                                  0.000000    0.250000   clock reconvergence pessimism
                                 -4.000000   -3.750000   output external delay
                                             -3.750000   data required time
---------------------------------------------------------------------------------------------
                                             -3.750000   data required time
                                             -1.629618   data arrival time
---------------------------------------------------------------------------------------------
                                              5.379618   slack (MET)


Startpoint: _47_ (rising edge-triggered flip-flop clocked by clk)
Endpoint: q[1] (output port clocked by clk)
Path Group: clk
Path Type: min

Fanout         Cap        Slew       Delay        Time   Description
---------------------------------------------------------------------------------------------
                                  0.000000    0.000000   clock clk (rise edge)
                                  0.000000    0.000000   clock source latency
     1    0.009996    0.081127    0.052520    0.052520 ^ clk (in)
                                                         clk (net)
                      0.081130    0.000000    0.052520 ^ clkbuf_0_clk/A (sky130_fd_sc_hd__clkbuf_16)
     2    0.020938    0.068603    0.227582    0.280102 ^ clkbuf_0_clk/X (sky130_fd_sc_hd__clkbuf_16)
                                                         clknet_0_clk (net)
                      0.068625    0.001314    0.281416 ^ clkbuf_1_0__f_clk/A (sky130_fd_sc_hd__clkbuf_16)
     4    0.012093    0.057582    0.209611    0.491028 ^ clkbuf_1_0__f_clk/X (sky130_fd_sc_hd__clkbuf_16)
                                                         clknet_1_0__leaf_clk (net)
                      0.057583    0.000601    0.491629 ^ _47_/CLK (sky130_fd_sc_hd__dfrtp_1)
     4    0.012631    0.198961    0.738065    1.229694 ^ _47_/Q (sky130_fd_sc_hd__dfrtp_1)
                                                         net3 (net)
                      0.198961    0.000509    1.230204 ^ output3/A (sky130_fd_sc_hd__buf_2)
     1    0.037538    0.296999    0.420150    1.650354 ^ output3/X (sky130_fd_sc_hd__buf_2)
                                                         q[1] (net)
                      0.297013    0.002290    1.652644 ^ q[1] (out)
                                              1.652644   data arrival time

                                  0.000000    0.000000   clock clk (rise edge)
                                  0.000000    0.000000   clock network delay (propagated)
                                  0.250000    0.250000   clock uncertainty
                                  0.000000    0.250000   clock reconvergence pessimism
                                 -4.000000   -3.750000   output external delay
                                             -3.750000   data required time
---------------------------------------------------------------------------------------------
                                             -3.750000   data required time
                                             -1.652644   data arrival time
---------------------------------------------------------------------------------------------
                                              5.402644   slack (MET)



