
===========================================================================
report_checks -unconstrained
===========================================================================
======================= max_ss_100C_1v60 Corner ===================================

Startpoint: rst (input port clocked by clk)
Endpoint: _52_ (recovery check against rising-edge clock clk)
Path Group: asynchronous
Path Type: max

Fanout         Cap        Slew       Delay        Time   Description
---------------------------------------------------------------------------------------------
                                  0.000000    0.000000   clock clk (rise edge)
                                  0.000000    0.000000   clock network delay (propagated)
                                  4.000000    4.000000 v input external delay
     1    0.003365    0.020638    0.011062    4.011062 v rst (in)
                                                         rst (net)
                      0.020639    0.000000    4.011062 v input1/A (sky130_fd_sc_hd__clkbuf_4)
     8    0.044498    0.170897    0.326315    4.337377 v input1/X (sky130_fd_sc_hd__clkbuf_4)
                                                         net1 (net)
                      0.170968    0.003250    4.340626 v _44_/A (sky130_fd_sc_hd__inv_2)
     1    0.007734    0.082967    0.135410    4.476037 ^ _44_/Y (sky130_fd_sc_hd__inv_2)
                                                         _14_ (net)
                      0.082972    0.000679    4.476715 ^ _52_/RESET_B (sky130_fd_sc_hd__dfrtp_1)
                                              4.476715   data arrival time

                                 20.000000   20.000000   clock clk (rise edge)
                                  0.000000   20.000000   clock source latency
     1    0.009996    0.081127    0.052520   20.052521 ^ clk (in)
                                                         clk (net)
                      0.081130    0.000000   20.052521 ^ clkbuf_0_clk/A (sky130_fd_sc_hd__clkbuf_16)
     2    0.020938    0.068603    0.227582   20.280102 ^ clkbuf_0_clk/X (sky130_fd_sc_hd__clkbuf_16)
                                                         clknet_0_clk (net)
                      0.068625    0.001286   20.281387 ^ clkbuf_1_1__f_clk/A (sky130_fd_sc_hd__clkbuf_16)
     4    0.011441    0.056763    0.208685   20.490072 ^ clkbuf_1_1__f_clk/X (sky130_fd_sc_hd__clkbuf_16)
                                                         clknet_1_1__leaf_clk (net)
                      0.056764    0.000698   20.490770 ^ _52_/CLK (sky130_fd_sc_hd__dfrtp_1)
                                 -0.250000   20.240772   clock uncertainty
                                  0.000000   20.240772   clock reconvergence pessimism
                                  0.453365   20.694138   library recovery time
                                             20.694138   data required time
---------------------------------------------------------------------------------------------
                                             20.694138   data required time
                                             -4.476715   data arrival time
---------------------------------------------------------------------------------------------
                                             16.217421   slack (MET)


Startpoint: _47_ (rising edge-triggered flip-flop clocked by clk)
Endpoint: q[1] (output port clocked by clk)
Path Group: clk
Path Type: max

Fanout         Cap        Slew       Delay        Time   Description
---------------------------------------------------------------------------------------------
                                  0.000000    0.000000   clock clk (rise edge)
                                  0.000000    0.000000   clock source latency
     1    0.009996    0.081127    0.052520    0.052520 ^ clk (in)
                                                         clk (net)
                      0.081130    0.000000    0.052520 ^ clkbuf_0_clk/A (sky130_fd_sc_hd__clkbuf_16)
     2    0.020938    0.068603    0.227582    0.280102 ^ clkbuf_0_clk/X (sky130_fd_sc_hd__clkbuf_16)
                                                         clknet_0_clk (net)
                      0.068625    0.001314    0.281416 ^ clkbuf_1_0__f_clk/A (sky130_fd_sc_hd__clkbuf_16)
     4    0.012093    0.057582    0.209611    0.491028 ^ clkbuf_1_0__f_clk/X (sky130_fd_sc_hd__clkbuf_16)
                                                         clknet_1_0__leaf_clk (net)
                      0.057583    0.000601    0.491629 ^ _47_/CLK (sky130_fd_sc_hd__dfrtp_1)
     4    0.012154    0.158478    0.816875    1.308504 v _47_/Q (sky130_fd_sc_hd__dfrtp_1)
                                                         net3 (net)
                      0.158478    0.000488    1.308992 v output3/A (sky130_fd_sc_hd__buf_2)
     1    0.037538    0.179392    0.396358    1.705350 v output3/X (sky130_fd_sc_hd__buf_2)
                                                         q[1] (net)
                      0.179422    0.002289    1.707638 v q[1] (out)
                                              1.707638   data arrival time

                                 20.000000   20.000000   clock clk (rise edge)
                                  0.000000   20.000000   clock network delay (propagated)
                                 -0.250000   19.750002   clock uncertainty
                                  0.000000   19.750002   clock reconvergence pessimism
                                 -4.000000   15.750001   output external delay
                                             15.750001   data required time
---------------------------------------------------------------------------------------------
                                             15.750001   data required time
                                             -1.707638   data arrival time
---------------------------------------------------------------------------------------------
                                             14.042362   slack (MET)




===========================================================================
report_checks --slack_max -0.01
============================================================================
======================= max_ss_100C_1v60 Corner ===================================

No paths found.


===========================================================================
 report_check_types -max_slew -max_cap -max_fanout -violators
============================================================================
======================= max_ss_100C_1v60 Corner ===================================



===========================================================================
report_parasitic_annotation -report_unannotated
============================================================================
Found 0 unannotated drivers.
Found 0 partially unannotated drivers.

===========================================================================
max slew violation count 0
max fanout violation count 0
max cap violation count 0
============================================================================

===========================================================================
check_setup -verbose -unconstrained_endpoints -multiple_clock -no_clock -no_input_delay -loops -generated_clocks
===========================================================================
